Archive member included to satisfy reference by file (symbol)

D:/ST/STM32CubeIDE_1.14.1/STM32CubeIDE/plugins/com.st.stm32cube.ide.mcu.externaltools.gnu-tools-for-stm32.11.3.rel1.win32_1.1.100.202309141235/tools/bin/../lib/gcc/arm-none-eabi/11.3.1/../../../../arm-none-eabi/lib/thumb/v7e-m+fp/hard\libc_nano.a(libc_a-exit.o)
                              D:/ST/STM32CubeIDE_1.14.1/STM32CubeIDE/plugins/com.st.stm32cube.ide.mcu.externaltools.gnu-tools-for-stm32.11.3.rel1.win32_1.1.100.202309141235/tools/bin/../lib/gcc/arm-none-eabi/11.3.1/../../../../arm-none-eabi/lib/thumb/v7e-m+fp/hard/crt0.o (exit)
D:/ST/STM32CubeIDE_1.14.1/STM32CubeIDE/plugins/com.st.stm32cube.ide.mcu.externaltools.gnu-tools-for-stm32.11.3.rel1.win32_1.1.100.202309141235/tools/bin/../lib/gcc/arm-none-eabi/11.3.1/../../../../arm-none-eabi/lib/thumb/v7e-m+fp/hard\libc_nano.a(libc_a-findfp.o)
                              D:/ST/STM32CubeIDE_1.14.1/STM32CubeIDE/plugins/com.st.stm32cube.ide.mcu.externaltools.gnu-tools-for-stm32.11.3.rel1.win32_1.1.100.202309141235/tools/bin/../lib/gcc/arm-none-eabi/11.3.1/../../../../arm-none-eabi/lib/thumb/v7e-m+fp/hard\libc_nano.a(libc_a-exit.o) (__stdio_exit_handler)
D:/ST/STM32CubeIDE_1.14.1/STM32CubeIDE/plugins/com.st.stm32cube.ide.mcu.externaltools.gnu-tools-for-stm32.11.3.rel1.win32_1.1.100.202309141235/tools/bin/../lib/gcc/arm-none-eabi/11.3.1/../../../../arm-none-eabi/lib/thumb/v7e-m+fp/hard\libc_nano.a(libc_a-fwalk.o)
                              D:/ST/STM32CubeIDE_1.14.1/STM32CubeIDE/plugins/com.st.stm32cube.ide.mcu.externaltools.gnu-tools-for-stm32.11.3.rel1.win32_1.1.100.202309141235/tools/bin/../lib/gcc/arm-none-eabi/11.3.1/../../../../arm-none-eabi/lib/thumb/v7e-m+fp/hard\libc_nano.a(libc_a-findfp.o) (_fwalk_sglue)
D:/ST/STM32CubeIDE_1.14.1/STM32CubeIDE/plugins/com.st.stm32cube.ide.mcu.externaltools.gnu-tools-for-stm32.11.3.rel1.win32_1.1.100.202309141235/tools/bin/../lib/gcc/arm-none-eabi/11.3.1/../../../../arm-none-eabi/lib/thumb/v7e-m+fp/hard\libc_nano.a(libc_a-stdio.o)
                              D:/ST/STM32CubeIDE_1.14.1/STM32CubeIDE/plugins/com.st.stm32cube.ide.mcu.externaltools.gnu-tools-for-stm32.11.3.rel1.win32_1.1.100.202309141235/tools/bin/../lib/gcc/arm-none-eabi/11.3.1/../../../../arm-none-eabi/lib/thumb/v7e-m+fp/hard\libc_nano.a(libc_a-findfp.o) (__sread)
D:/ST/STM32CubeIDE_1.14.1/STM32CubeIDE/plugins/com.st.stm32cube.ide.mcu.externaltools.gnu-tools-for-stm32.11.3.rel1.win32_1.1.100.202309141235/tools/bin/../lib/gcc/arm-none-eabi/11.3.1/../../../../arm-none-eabi/lib/thumb/v7e-m+fp/hard\libc_nano.a(libc_a-memset.o)
                              D:/ST/STM32CubeIDE_1.14.1/STM32CubeIDE/plugins/com.st.stm32cube.ide.mcu.externaltools.gnu-tools-for-stm32.11.3.rel1.win32_1.1.100.202309141235/tools/bin/../lib/gcc/arm-none-eabi/11.3.1/../../../../arm-none-eabi/lib/thumb/v7e-m+fp/hard/crt0.o (memset)
D:/ST/STM32CubeIDE_1.14.1/STM32CubeIDE/plugins/com.st.stm32cube.ide.mcu.externaltools.gnu-tools-for-stm32.11.3.rel1.win32_1.1.100.202309141235/tools/bin/../lib/gcc/arm-none-eabi/11.3.1/../../../../arm-none-eabi/lib/thumb/v7e-m+fp/hard\libc_nano.a(libc_a-closer.o)
                              D:/ST/STM32CubeIDE_1.14.1/STM32CubeIDE/plugins/com.st.stm32cube.ide.mcu.externaltools.gnu-tools-for-stm32.11.3.rel1.win32_1.1.100.202309141235/tools/bin/../lib/gcc/arm-none-eabi/11.3.1/../../../../arm-none-eabi/lib/thumb/v7e-m+fp/hard\libc_nano.a(libc_a-stdio.o) (_close_r)
D:/ST/STM32CubeIDE_1.14.1/STM32CubeIDE/plugins/com.st.stm32cube.ide.mcu.externaltools.gnu-tools-for-stm32.11.3.rel1.win32_1.1.100.202309141235/tools/bin/../lib/gcc/arm-none-eabi/11.3.1/../../../../arm-none-eabi/lib/thumb/v7e-m+fp/hard\libc_nano.a(libc_a-reent.o)
                              D:/ST/STM32CubeIDE_1.14.1/STM32CubeIDE/plugins/com.st.stm32cube.ide.mcu.externaltools.gnu-tools-for-stm32.11.3.rel1.win32_1.1.100.202309141235/tools/bin/../lib/gcc/arm-none-eabi/11.3.1/../../../../arm-none-eabi/lib/thumb/v7e-m+fp/hard\libc_nano.a(libc_a-closer.o) (errno)
D:/ST/STM32CubeIDE_1.14.1/STM32CubeIDE/plugins/com.st.stm32cube.ide.mcu.externaltools.gnu-tools-for-stm32.11.3.rel1.win32_1.1.100.202309141235/tools/bin/../lib/gcc/arm-none-eabi/11.3.1/../../../../arm-none-eabi/lib/thumb/v7e-m+fp/hard\libc_nano.a(libc_a-impure.o)
                              D:/ST/STM32CubeIDE_1.14.1/STM32CubeIDE/plugins/com.st.stm32cube.ide.mcu.externaltools.gnu-tools-for-stm32.11.3.rel1.win32_1.1.100.202309141235/tools/bin/../lib/gcc/arm-none-eabi/11.3.1/../../../../arm-none-eabi/lib/thumb/v7e-m+fp/hard\libc_nano.a(libc_a-reent.o) (_impure_ptr)
D:/ST/STM32CubeIDE_1.14.1/STM32CubeIDE/plugins/com.st.stm32cube.ide.mcu.externaltools.gnu-tools-for-stm32.11.3.rel1.win32_1.1.100.202309141235/tools/bin/../lib/gcc/arm-none-eabi/11.3.1/../../../../arm-none-eabi/lib/thumb/v7e-m+fp/hard\libc_nano.a(libc_a-lseekr.o)
[...]
Memory Configuration

Name             Origin             Length             Attributes
CCMRAM           0x0000000010000000 0x0000000000010000 xrw
RAM              0x0000000020000000 0x0000000000020000 xrw
FLASH            0x0000000008000000 0x0000000000100000 xr
*default*        0x0000000000000000 0xffffffffffffffff

Linker script and memory map

LOAD D:/ST/STM32CubeIDE_1.14.1/STM32CubeIDE/plugins/com.st.stm32cube.ide.mcu.externaltools.gnu-tools-for-stm32.11.3.rel1.win32_1.1.100.202309141235/tools/bin/../lib/gcc/arm-none-eabi/11.3.1/thumb/v7e-m+fp/hard/crti.o
LOAD D:/ST/STM32CubeIDE_1.14.1/STM32CubeIDE/plugins/com.st.stm32cube.ide.mcu.externaltools.gnu-tools-for-stm32.11.3.rel1.win32_1.1.100.202309141235/tools/bin/../lib/gcc/arm-none-eabi/11.3.1/thumb/v7e-m+fp/hard/crtbegin.o
LOAD D:/ST/STM32CubeIDE_1.14.1/STM32CubeIDE/plugins/com.st.stm32cube.ide.mcu.externaltools.gnu-tools-for-stm32.11.3.rel1.win32_1.1.100.202309141235/tools/bin/../lib/gcc/arm-none-eabi/11.3.1/../../../../arm-none-eabi/lib/thumb/v7e-m+fp/hard/crt0.o
LOAD ./Core/Src/button.o
LOAD ./Core/Src/fsm_automatic.o
LOAD ./Core/Src/fsm_setting.o
LOAD ./Core/Src/global.o
LOAD ./Core/Src/lcd.o
LOAD ./Core/Src/led.o
LOAD ./Core/Src/led_7seg.o
LOAD ./Core/Src/main.o
LOAD ./Core/Src/picture.o
LOAD ./Core/Src/software_timer.o
LOAD ./Core/Src/stm32f4xx_hal_msp.o
LOAD ./Core/Src/stm32f4xx_it.o
LOAD ./Core/Src/syscalls.o
LOAD ./Core/Src/sysmem.o
LOAD ./Core/Src/system_stm32f4xx.o
LOAD ./Core/Startup/startup_stm32f407zgtx.o
LOAD ./Drivers/STM32F4xx_HAL_Driver/Src/stm32f4xx_hal.o
LOAD ./Drivers/STM32F4xx_HAL_Driver/Src/stm32f4xx_hal_cortex.o
LOAD ./Drivers/STM32F4xx_HAL_Driver/Src/stm32f4xx_hal_dma.o
LOAD ./Drivers/STM32F4xx_HAL_Driver/Src/stm32f4xx_hal_dma_ex.o
LOAD ./Drivers/STM32F4xx_HAL_Driver/Src/stm32f4xx_hal_exti.o
LOAD ./Drivers/STM32F4xx_HAL_Driver/Src/stm32f4xx_hal_flash.o
LOAD ./Drivers/STM32F4xx_HAL_Driver/Src/stm32f4xx_hal_flash_ex.o
LOAD ./Drivers/STM32F4xx_HAL_Driver/Src/stm32f4xx_hal_flash_ramfunc.o
LOAD ./Drivers/STM32F4xx_HAL_Driver/Src/stm32f4xx_hal_gpio.o
LOAD ./Drivers/STM32F4xx_HAL_Driver/Src/stm32f4xx_hal_pwr.o
LOAD ./Drivers/STM32F4xx_HAL_Driver/Src/stm32f4xx_hal_pwr_ex.o
LOAD ./Drivers/STM32F4xx_HAL_Driver/Src/stm32f4xx_hal_rcc.o
LOAD ./Drivers/STM32F4xx_HAL_Driver/Src/stm32f4xx_hal_rcc_ex.o
LOAD ./Drivers/STM32F4xx_HAL_Driver/Src/stm32f4xx_hal_spi.o
LOAD ./Drivers/STM32F4xx_HAL_Driver/Src/stm32f4xx_hal_sram.o
LOAD ./Drivers/STM32F4xx_HAL_Driver/Src/stm32f4xx_hal_tim.o
LOAD ./Drivers/STM32F4xx_HAL_Driver/Src/stm32f4xx_hal_tim_ex.o
LOAD ./Drivers/STM32F4xx_HAL_Driver/Src/stm32f4xx_ll_fsmc.o
START GROUP
LOAD D:/ST/STM32CubeIDE_1.14.1/STM32CubeIDE/plugins/com.st.stm32cube.ide.mcu.externaltools.gnu-tools-for-stm32.11.3.rel1.win32_1.1.100.202309141235/tools/bin/../lib/gcc/arm-none-eabi/11.3.1/../../../../arm-none-eabi/lib/thumb/v7e-m+fp/hard\libc_nano.a
LOAD D:/ST/STM32CubeIDE_1.14.1/STM32CubeIDE/plugins/com.st.stm32cube.ide.mcu.externaltools.gnu-tools-for-stm32.11.3.rel1.win32_1.1.100.202309141235/tools/bin/../lib/gcc/arm-none-eabi/11.3.1/../../../../arm-none-eabi/lib/thumb/v7e-m+fp/hard\libm.a
END GROUP
START GROUP
LOAD D:/ST/STM32CubeIDE_1.14.1/STM32CubeIDE/plugins/com.st.stm32cube.ide.mcu.externaltools.gnu-tools-for-stm32.11.3.rel1.win32_1.1.100.202309141235/tools/bin/../lib/gcc/arm-none-eabi/11.3.1/thumb/v7e-m+fp/hard\libgcc.a
LOAD D:/ST/STM32CubeIDE_1.14.1/STM32CubeIDE/plugins/com.st.stm32cube.ide.mcu.externaltools.gnu-tools-for-stm32.11.3.rel1.win32_1.1.100.202309141235/tools/bin/../lib/gcc/arm-none-eabi/11.3.1/../../../../arm-none-eabi/lib/thumb/v7e-m+fp/hard\libc_nano.a
END GROUP
START GROUP
LOAD D:/ST/STM32CubeIDE_1.14.1/STM32CubeIDE/plugins/com.st.stm32cube.ide.mcu.externaltools.gnu-tools-for-stm32.11.3.rel1.win32_1.1.100.202309141235/tools/bin/../lib/gcc/arm-none-eabi/11.3.1/thumb/v7e-m+fp/hard\libgcc.a
LOAD D:/ST/STM32CubeIDE_1.14.1/STM32CubeIDE/plugins/com.st.stm32cube.ide.mcu.externaltools.gnu-tools-for-stm32.11.3.rel1.win32_1.1.100.202309141235/tools/bin/../lib/gcc/arm-none-eabi/11.3.1/../../../../arm-none-eabi/lib/thumb/v7e-m+fp/hard\libc_nano.a
LOAD D:/ST/STM32CubeIDE_1.14.1/STM32CubeIDE/plugins/com.st.stm32cube.ide.mcu.externaltools.gnu-tools-for-stm32.11.3.rel1.win32_1.1.100.202309141235/tools/bin/../lib/gcc/arm-none-eabi/11.3.1/../../../../arm-none-eabi/lib/thumb/v7e-m+fp/hard\libnosys.a
END GROUP
START GROUP
LOAD D:/ST/STM32CubeIDE_1.14.1/STM32CubeIDE/plugins/com.st.stm32cube.ide.mcu.externaltools.gnu-tools-for-stm32.11.3.rel1.win32_1.1.100.202309141235/tools/bin/../lib/gcc/arm-none-eabi/11.3.1/thumb/v7e-m+fp/hard\libgcc.a
LOAD D:/ST/STM32CubeIDE_1.14.1/STM32CubeIDE/plugins/com.st.stm32cube.ide.mcu.externaltools.gnu-tools-for-stm32.11.3.rel1.win32_1.1.100.202309141235/tools/bin/../lib/gcc/arm-none-eabi/11.3.1/../../../../arm-none-eabi/lib/thumb/v7e-m+fp/hard\libc_nano.a
LOAD D:/ST/STM32CubeIDE_1.14.1/STM32CubeIDE/plugins/com.st.stm32cube.ide.mcu.externaltools.gnu-tools-for-stm32.11.3.rel1.win32_1.1.100.202309141235/tools/bin/../lib/gcc/arm-none-eabi/11.3.1/../../../../arm-none-eabi/lib/thumb/v7e-m+fp/hard\libnosys.a
END GROUP
LOAD D:/ST/STM32CubeIDE_1.14.1/STM32CubeIDE/plugins/com.st.stm32cube.ide.mcu.externaltools.gnu-tools-for-stm32.11.3.rel1.win32_1.1.100.202309141235/tools/bin/../lib/gcc/arm-none-eabi/11.3.1/thumb/v7e-m+fp/hard/crtend.o
LOAD D:/ST/STM32CubeIDE_1.14.1/STM32CubeIDE/plugins/com.st.stm32cube.ide.mcu.externaltools.gnu-tools-for-stm32.11.3.rel1.win32_1.1.100.202309141235/tools/bin/../lib/gcc/arm-none-eabi/11.3.1/thumb/v7e-m+fp/hard/crtn.o
                0x0000000020020000                _estack = (ORIGIN (RAM) + LENGTH (RAM))
                0x0000000000000200                _Min_Heap_Size = 0x200
                0x0000000000000400                _Min_Stack_Size = 0x400

.isr_vector     0x0000000008000000      0x188
                0x0000000008000000                . = ALIGN (0x4)
 *(.isr_vector)
 .isr_vector    0x0000000008000000      0x188 ./Core/Startup/startup_stm32f407zgtx.o
                0x0000000008000000                g_pfnVectors
                0x0000000008000188                . = ALIGN (0x4)

.text           0x0000000008000188     0x490c
                0x0000000008000188                . = ALIGN (0x4)
 *(.text)
 .text          0x0000000008000188       0x40 D:/ST/STM32CubeIDE_1.14.1/STM32CubeIDE/plugins/com.st.stm32cube.ide.mcu.externaltools.gnu-tools-for-stm32.11.3.rel1.win32_1.1.100.202309141235/tools/bin/../lib/gcc/arm-none-eabi/11.3.1/thumb/v7e-m+fp/hard/crtbegin.o
 .text          0x00000000080001c8       0x30 D:/ST/STM32CubeIDE_1.14.1/STM32CubeIDE/plugins/com.st.stm32cube.ide.mcu.externaltools.gnu-tools-for-stm32.11.3.rel1.win32_1.1.100.202309141235/tools/bin/../lib/gcc/arm-none-eabi/11.3.1/thumb/v7e-m+fp/hard\libgcc.a(_aeabi_uldivmod.o)
                0x00000000080001c8                __aeabi_uldivmod
 .text          0x00000000080001f8      0x2c8 D:/ST/STM32CubeIDE_1.14.1/STM32CubeIDE/plugins/com.st.stm32cube.ide.mcu.externaltools.gnu-tools-for-stm32.11.3.rel1.win32_1.1.100.202309141235/tools/bin/../lib/gcc/arm-none-eabi/11.3.1/thumb/v7e-m+fp/hard\libgcc.a(_udivmoddi4.o)
                0x00000000080001f8                __udivmoddi4
 .text          0x00000000080004c0        0x4 D:/ST/STM32CubeIDE_1.14.1/STM32CubeIDE/plugins/com.st.stm32cube.ide.mcu.externaltools.gnu-tools-for-stm32.11.3.rel1.win32_1.1.100.202309141235/tools/bin/../lib/gcc/arm-none-eabi/11.3.1/thumb/v7e-m+fp/hard\libgcc.a(_dvmd_tls.o)
                0x00000000080004c0                __aeabi_idiv0
                0x00000000080004c0                __aeabi_ldiv0
 *(.text*)
 .text.button_init
                0x00000000080004c4       0x18 ./Core/Src/button.o
                0x00000000080004c4                button_init
 .text.is_button_pressed
                0x00000000080004dc       0x2c ./Core/Src/button.o
                0x00000000080004dc                is_button_pressed
 .text.button_Scan
                0x0000000008000508       0xd8 ./Core/Src/button.o
                0x0000000008000508                button_Scan
 .text.fsm_automatic_run
                0x00000000080005e0      0x420 ./Core/Src/fsm_automatic.o
                0x00000000080005e0                fsm_automatic_run
 .text.fsm_setting_run
                0x0000000008000a00      0x2a8 ./Core/Src/fsm_setting.o
                0x0000000008000a00                fsm_setting_run
 .text.lcd_set_traffic1
                0x0000000008000ca8       0x54 ./Core/Src/lcd.o
                0x0000000008000ca8                lcd_set_traffic1
 .text.lcd_set_traffic2
                0x0000000008000cfc       0x54 ./Core/Src/lcd.o
                0x0000000008000cfc                lcd_set_traffic2
 .text.lcd_set_traffic_setting
                0x0000000008000d50       0x44 ./Core/Src/lcd.o
                0x0000000008000d50                lcd_set_traffic_setting
 .text.lcd_blinky
                0x0000000008000d94       0x4c ./Core/Src/lcd.o
                0x0000000008000d94                lcd_blinky
 .text.LCD_WR_REG
                0x0000000008000de0       0x20 ./Core/Src/lcd.o
                0x0000000008000de0                LCD_WR_REG
 .text.LCD_WR_DATA
                0x0000000008000e00       0x20 ./Core/Src/lcd.o
 .text.LCD_RD_DATA
                0x0000000008000e20       0x24 ./Core/Src/lcd.o
 .text.lcd_AddressSet
                0x0000000008000e44       0x98 ./Core/Src/lcd.o
                0x0000000008000e44                lcd_AddressSet
 .text.lcd_Clear
                0x0000000008000edc       0x64 ./Core/Src/lcd.o
                0x0000000008000edc                lcd_Clear
 .text.lcd_DrawPoint
                0x0000000008000f40       0x2e ./Core/Src/lcd.o
                0x0000000008000f40                lcd_DrawPoint
 *fill*         0x0000000008000f6e        0x2 
 .text.lcd_ShowChar
                0x0000000008000f70      0x1a0 ./Core/Src/lcd.o
                0x0000000008000f70                lcd_ShowChar
 .text.mypow    0x0000000008001110       0x38 ./Core/Src/lcd.o
                0x0000000008001110                mypow
 .text.lcd_ShowIntNum
                0x0000000008001148       0xfc ./Core/Src/lcd.o
                0x0000000008001148                lcd_ShowIntNum
 .text.lcd_SetDir
                0x0000000008001244       0x48 ./Core/Src/lcd.o
                0x0000000008001244                lcd_SetDir
 .text.lcd_init
                0x000000000800128c      0x2c0 ./Core/Src/lcd.o
                0x000000000800128c                lcd_init
 .text._draw_circle_8
                0x000000000800154c      0x116 ./Core/Src/lcd.o
 .text.lcd_DrawCircle
                0x0000000008001662       0xd8 ./Core/Src/lcd.o
                0x0000000008001662                lcd_DrawCircle
 *fill*         0x000000000800173a        0x2 
 .text.led7_init
                0x000000000800173c       0x18 ./Core/Src/led_7seg.o
                0x000000000800173c                led7_init
 .text.led7_Scan
                0x0000000008001754      0x118 ./Core/Src/led_7seg.o
                0x0000000008001754                led7_Scan
 .text.system_init
                0x000000000800186c       0x28 ./Core/Src/main.o
                0x000000000800186c                system_init
 .text.main     0x0000000008001894       0x32 ./Core/Src/main.o
                0x0000000008001894                main
 *fill*         0x00000000080018c6        0x2 
 .text.SystemClock_Config
                0x00000000080018c8       0xd4 ./Core/Src/main.o
                0x00000000080018c8                SystemClock_Config
 .text.MX_SPI1_Init
                0x000000000800199c       0x6c ./Core/Src/main.o
 .text.MX_TIM2_Init
                0x0000000008001a08       0x98 ./Core/Src/main.o
 .text.MX_GPIO_Init
                0x0000000008001aa0      0x1b4 ./Core/Src/main.o
 .text.MX_FSMC_Init
                0x0000000008001c54       0xf4 ./Core/Src/main.o
 .text.Error_Handler
                0x0000000008001d48        0xa ./Core/Src/main.o
                0x0000000008001d48                Error_Handler
 *fill*         0x0000000008001d52        0x2 
 .text.timer_init
                0x0000000008001d54       0x14 ./Core/Src/software_timer.o
                0x0000000008001d54                timer_init
 .text.set_timer
                0x0000000008001d68       0x2c ./Core/Src/software_timer.o
                0x0000000008001d68                set_timer
 .text.set_timer1
                0x0000000008001d94       0x2c ./Core/Src/software_timer.o
                0x0000000008001d94                set_timer1
 .text.HAL_TIM_PeriodElapsedCallback
                0x0000000008001dc0       0x7c ./Core/Src/software_timer.o
                0x0000000008001dc0                HAL_TIM_PeriodElapsedCallback
 .text.is_flag  0x0000000008001e3c       0x28 ./Core/Src/software_timer.o
                0x0000000008001e3c                is_flag
 .text.is_flag1
                0x0000000008001e64       0x28 ./Core/Src/software_timer.o
                0x0000000008001e64                is_flag1
 .text.HAL_MspInit
                0x0000000008001e8c       0x50 ./Core/Src/stm32f4xx_hal_msp.o
                0x0000000008001e8c                HAL_MspInit
 .text.HAL_SPI_MspInit
                0x0000000008001edc       0xa0 ./Core/Src/stm32f4xx_hal_msp.o
                0x0000000008001edc                HAL_SPI_MspInit
 .text.HAL_TIM_Base_MspInit
                0x0000000008001f7c       0x4c ./Core/Src/stm32f4xx_hal_msp.o
                0x0000000008001f7c                HAL_TIM_Base_MspInit
 .text.HAL_FSMC_MspInit
                0x0000000008001fc8       0x98 ./Core/Src/stm32f4xx_hal_msp.o
 .text.HAL_SRAM_MspInit
                0x0000000008002060       0x14 ./Core/Src/stm32f4xx_hal_msp.o
                0x0000000008002060                HAL_SRAM_MspInit
 .text.NMI_Handler
                0x0000000008002074        0x6 ./Core/Src/stm32f4xx_it.o
                0x0000000008002074                NMI_Handler
 .text.HardFault_Handler
                0x000000000800207a        0x6 ./Core/Src/stm32f4xx_it.o
                0x000000000800207a                HardFault_Handler
 .text.MemManage_Handler
                0x0000000008002080        0x6 ./Core/Src/stm32f4xx_it.o
                0x0000000008002080                MemManage_Handler
 .text.BusFault_Handler
                0x0000000008002086        0x6 ./Core/Src/stm32f4xx_it.o
                0x0000000008002086                BusFault_Handler
 .text.UsageFault_Handler
                0x000000000800208c        0x6 ./Core/Src/stm32f4xx_it.o
                0x000000000800208c                UsageFault_Handler
 .text.SVC_Handler
                0x0000000008002092        0xe ./Core/Src/stm32f4xx_it.o
                0x0000000008002092                SVC_Handler
 .text.DebugMon_Handler
                0x00000000080020a0        0xe ./Core/Src/stm32f4xx_it.o
                0x00000000080020a0                DebugMon_Handler
 .text.PendSV_Handler
                0x00000000080020ae        0xe ./Core/Src/stm32f4xx_it.o
                0x00000000080020ae                PendSV_Handler
 .text.SysTick_Handler
                0x00000000080020bc        0xc ./Core/Src/stm32f4xx_it.o
                0x00000000080020bc                SysTick_Handler
 .text.TIM2_IRQHandler
                0x00000000080020c8       0x14 ./Core/Src/stm32f4xx_it.o
                0x00000000080020c8                TIM2_IRQHandler
 .text.SPI1_IRQHandler
                0x00000000080020dc       0x14 ./Core/Src/stm32f4xx_it.o
                0x00000000080020dc                SPI1_IRQHandler
 .text.SystemInit
                0x00000000080020f0       0x24 ./Core/Src/system_stm32f4xx.o
                0x00000000080020f0                SystemInit
 .text.Reset_Handler
                0x0000000008002114       0x50 ./Core/Startup/startup_stm32f407zgtx.o
                0x0000000008002114                Reset_Handler
 .text.Default_Handler
                0x0000000008002164        0x2 ./Core/Startup/startup_stm32f407zgtx.o
                0x0000000008002164                RTC_Alarm_IRQHandler
                0x0000000008002164                HASH_RNG_IRQHandler
                0x0000000008002164                EXTI2_IRQHandler
                0x0000000008002164                TIM8_CC_IRQHandler
                0x0000000008002164                TIM1_CC_IRQHandler
                0x0000000008002164                DMA2_Stream5_IRQHandler
                0x0000000008002164                DMA1_Stream5_IRQHandler
                0x0000000008002164                PVD_IRQHandler
                0x0000000008002164                SDIO_IRQHandler
                0x0000000008002164                TAMP_STAMP_IRQHandler
                0x0000000008002164                CAN2_RX1_IRQHandler
                0x0000000008002164                EXTI3_IRQHandler
                0x0000000008002164                TIM8_TRG_COM_TIM14_IRQHandler
                0x0000000008002164                TIM1_UP_TIM10_IRQHandler
                0x0000000008002164                TIM8_UP_TIM13_IRQHandler
                0x0000000008002164                I2C3_ER_IRQHandler
                0x0000000008002164                EXTI0_IRQHandler
                0x0000000008002164                I2C2_EV_IRQHandler
                0x0000000008002164                DMA1_Stream2_IRQHandler
                0x0000000008002164                CAN1_RX0_IRQHandler
                0x0000000008002164                FPU_IRQHandler
                0x0000000008002164                OTG_HS_WKUP_IRQHandler
                0x0000000008002164                CAN2_SCE_IRQHandler
                0x0000000008002164                DMA2_Stream2_IRQHandler
                0x0000000008002164                TIM6_DAC_IRQHandler
                0x0000000008002164                TIM1_BRK_TIM9_IRQHandler
                0x0000000008002164                DCMI_IRQHandler
                0x0000000008002164                CAN2_RX0_IRQHandler
                0x0000000008002164                DMA2_Stream3_IRQHandler
                0x0000000008002164                USART6_IRQHandler
                0x0000000008002164                USART3_IRQHandler
                0x0000000008002164                CAN1_RX1_IRQHandler
                0x0000000008002164                UART5_IRQHandler
                0x0000000008002164                DMA2_Stream0_IRQHandler
                0x0000000008002164                TIM4_IRQHandler
                0x0000000008002164                I2C1_EV_IRQHandler
                0x0000000008002164                DMA1_Stream6_IRQHandler
                0x0000000008002164                DMA1_Stream1_IRQHandler
                0x0000000008002164                UART4_IRQHandler
                0x0000000008002164                TIM3_IRQHandler
                0x0000000008002164                RCC_IRQHandler
                0x0000000008002164                TIM8_BRK_TIM12_IRQHandler
                0x0000000008002164                Default_Handler
                0x0000000008002164                EXTI15_10_IRQHandler
                0x0000000008002164                ADC_IRQHandler
                0x0000000008002164                DMA1_Stream7_IRQHandler
                0x0000000008002164                TIM7_IRQHandler
                0x0000000008002164                CAN2_TX_IRQHandler
                0x0000000008002164                TIM5_IRQHandler
                0x0000000008002164                DMA2_Stream7_IRQHandler
                0x0000000008002164                I2C3_EV_IRQHandler
                0x0000000008002164                EXTI9_5_IRQHandler
                0x0000000008002164                RTC_WKUP_IRQHandler
                0x0000000008002164                ETH_WKUP_IRQHandler
                0x0000000008002164                SPI2_IRQHandler
                0x0000000008002164                OTG_HS_EP1_IN_IRQHandler
                0x0000000008002164                DMA1_Stream0_IRQHandler
                0x0000000008002164                CAN1_TX_IRQHandler
                0x0000000008002164                EXTI4_IRQHandler
                0x0000000008002164                FSMC_IRQHandler
                0x0000000008002164                ETH_IRQHandler
                0x0000000008002164                OTG_HS_EP1_OUT_IRQHandler
                0x0000000008002164                WWDG_IRQHandler
                0x0000000008002164                OTG_FS_WKUP_IRQHandler
                0x0000000008002164                TIM1_TRG_COM_TIM11_IRQHandler
                0x0000000008002164                OTG_HS_IRQHandler
                0x0000000008002164                EXTI1_IRQHandler
                0x0000000008002164                USART2_IRQHandler
                0x0000000008002164                I2C2_ER_IRQHandler
                0x0000000008002164                DMA2_Stream1_IRQHandler
                0x0000000008002164                CAN1_SCE_IRQHandler
                0x0000000008002164                FLASH_IRQHandler
                0x0000000008002164                DMA2_Stream4_IRQHandler
                0x0000000008002164                USART1_IRQHandler
                0x0000000008002164                OTG_FS_IRQHandler
                0x0000000008002164                SPI3_IRQHandler
                0x0000000008002164                DMA1_Stream4_IRQHandler
                0x0000000008002164                I2C1_ER_IRQHandler
                0x0000000008002164                DMA2_Stream6_IRQHandler
                0x0000000008002164                DMA1_Stream3_IRQHandler
 *fill*         0x0000000008002166        0x2 
 .text.HAL_Init
                0x0000000008002168       0x44 ./Drivers/STM32F4xx_HAL_Driver/Src/stm32f4xx_hal.o
                0x0000000008002168                HAL_Init
 .text.HAL_InitTick
                0x00000000080021ac       0x60 ./Drivers/STM32F4xx_HAL_Driver/Src/stm32f4xx_hal.o
                0x00000000080021ac                HAL_InitTick
 .text.HAL_IncTick
                0x000000000800220c       0x28 ./Drivers/STM32F4xx_HAL_Driver/Src/stm32f4xx_hal.o
                0x000000000800220c                HAL_IncTick
 .text.HAL_GetTick
                0x0000000008002234       0x18 ./Drivers/STM32F4xx_HAL_Driver/Src/stm32f4xx_hal.o
                0x0000000008002234                HAL_GetTick
 .text.HAL_Delay
                0x000000000800224c       0x48 ./Drivers/STM32F4xx_HAL_Driver/Src/stm32f4xx_hal.o
                0x000000000800224c                HAL_Delay
 .text.__NVIC_SetPriorityGrouping
                0x0000000008002294       0x48 ./Drivers/STM32F4xx_HAL_Driver/Src/stm32f4xx_hal_cortex.o
 .text.__NVIC_GetPriorityGrouping
                0x00000000080022dc       0x1c ./Drivers/STM32F4xx_HAL_Driver/Src/stm32f4xx_hal_cortex.o
 .text.__NVIC_EnableIRQ
                0x00000000080022f8       0x3c ./Drivers/STM32F4xx_HAL_Driver/Src/stm32f4xx_hal_cortex.o
 .text.__NVIC_SetPriority
                0x0000000008002334       0x54 ./Drivers/STM32F4xx_HAL_Driver/Src/stm32f4xx_hal_cortex.o
 .text.NVIC_EncodePriority
                0x0000000008002388       0x66 ./Drivers/STM32F4xx_HAL_Driver/Src/stm32f4xx_hal_cortex.o
 *fill*         0x00000000080023ee        0x2 
 .text.SysTick_Config
                0x00000000080023f0       0x44 ./Drivers/STM32F4xx_HAL_Driver/Src/stm32f4xx_hal_cortex.o
 .text.HAL_NVIC_SetPriorityGrouping
                0x0000000008002434       0x16 ./Drivers/STM32F4xx_HAL_Driver/Src/stm32f4xx_hal_cortex.o
                0x0000000008002434                HAL_NVIC_SetPriorityGrouping
 .text.HAL_NVIC_SetPriority
                0x000000000800244a       0x38 ./Drivers/STM32F4xx_HAL_Driver/Src/stm32f4xx_hal_cortex.o
                0x000000000800244a                HAL_NVIC_SetPriority
 .text.HAL_NVIC_EnableIRQ
                0x0000000008002482       0x1c ./Drivers/STM32F4xx_HAL_Driver/Src/stm32f4xx_hal_cortex.o
                0x0000000008002482                HAL_NVIC_EnableIRQ
 .text.HAL_SYSTICK_Config
                0x000000000800249e       0x18 ./Drivers/STM32F4xx_HAL_Driver/Src/stm32f4xx_hal_cortex.o
                0x000000000800249e                HAL_SYSTICK_Config
 .text.HAL_DMA_Abort_IT
                0x00000000080024b6       0x44 ./Drivers/STM32F4xx_HAL_Driver/Src/stm32f4xx_hal_dma.o
                0x00000000080024b6                HAL_DMA_Abort_IT
 *fill*         0x00000000080024fa        0x2 
 .text.HAL_GPIO_Init
                0x00000000080024fc      0x338 ./Drivers/STM32F4xx_HAL_Driver/Src/stm32f4xx_hal_gpio.o
                0x00000000080024fc                HAL_GPIO_Init
 .text.HAL_GPIO_WritePin
                0x0000000008002834       0x32 ./Drivers/STM32F4xx_HAL_Driver/Src/stm32f4xx_hal_gpio.o
                0x0000000008002834                HAL_GPIO_WritePin
 *fill*         0x0000000008002866        0x2 
 .text.HAL_RCC_OscConfig
                0x0000000008002868      0x4f0 ./Drivers/STM32F4xx_HAL_Driver/Src/stm32f4xx_hal_rcc.o
                0x0000000008002868                HAL_RCC_OscConfig
 .text.HAL_RCC_ClockConfig
                0x0000000008002d58      0x1cc ./Drivers/STM32F4xx_HAL_Driver/Src/stm32f4xx_hal_rcc.o
                0x0000000008002d58                HAL_RCC_ClockConfig
 .text.HAL_RCC_GetSysClockFreq
                0x0000000008002f24      0x20c ./Drivers/STM32F4xx_HAL_Driver/Src/stm32f4xx_hal_rcc.o
                0x0000000008002f24                HAL_RCC_GetSysClockFreq
 .text.HAL_SPI_Init
                0x0000000008003130      0x112 ./Drivers/STM32F4xx_HAL_Driver/Src/stm32f4xx_hal_spi.o
                0x0000000008003130                HAL_SPI_Init
 .text.HAL_SPI_Transmit
                0x0000000008003242      0x288 ./Drivers/STM32F4xx_HAL_Driver/Src/stm32f4xx_hal_spi.o
                0x0000000008003242                HAL_SPI_Transmit
 .text.HAL_SPI_Receive
                0x00000000080034ca      0x232 ./Drivers/STM32F4xx_HAL_Driver/Src/stm32f4xx_hal_spi.o
                0x00000000080034ca                HAL_SPI_Receive
 .text.HAL_SPI_TransmitReceive
                0x00000000080036fc      0x352 ./Drivers/STM32F4xx_HAL_Driver/Src/stm32f4xx_hal_spi.o
                0x00000000080036fc                HAL_SPI_TransmitReceive
 *fill*         0x0000000008003a4e        0x2 
 .text.HAL_SPI_IRQHandler
                0x0000000008003a50      0x1e8 ./Drivers/STM32F4xx_HAL_Driver/Src/stm32f4xx_hal_spi.o
                0x0000000008003a50                HAL_SPI_IRQHandler
 .text.HAL_SPI_ErrorCallback
                0x0000000008003c38       0x14 ./Drivers/STM32F4xx_HAL_Driver/Src/stm32f4xx_hal_spi.o
                0x0000000008003c38                HAL_SPI_ErrorCallback
 .text.SPI_DMAAbortOnError
                0x0000000008003c4c       0x28 ./Drivers/STM32F4xx_HAL_Driver/Src/stm32f4xx_hal_spi.o
 .text.SPI_WaitFlagStateUntilTimeout
                0x0000000008003c74      0x110 ./Drivers/STM32F4xx_HAL_Driver/Src/stm32f4xx_hal_spi.o
 .text.SPI_EndRxTransaction
                0x0000000008003d84       0xca ./Drivers/STM32F4xx_HAL_Driver/Src/stm32f4xx_hal_spi.o
 *fill*         0x0000000008003e4e        0x2 
 .text.SPI_EndRxTxTransaction
                0x0000000008003e50       0xa8 ./Drivers/STM32F4xx_HAL_Driver/Src/stm32f4xx_hal_spi.o
 .text.HAL_SRAM_Init
                0x0000000008003ef8       0x90 ./Drivers/STM32F4xx_HAL_Driver/Src/stm32f4xx_hal_sram.o
                0x0000000008003ef8                HAL_SRAM_Init
 .text.HAL_TIM_Base_Init
                0x0000000008003f88       0x9e ./Drivers/STM32F4xx_HAL_Driver/Src/stm32f4xx_hal_tim.o
                0x0000000008003f88                HAL_TIM_Base_Init
 *fill*         0x0000000008004026        0x2 
 .text.HAL_TIM_Base_Start_IT
                0x0000000008004028       0xe0 ./Drivers/STM32F4xx_HAL_Driver/Src/stm32f4xx_hal_tim.o
                0x0000000008004028                HAL_TIM_Base_Start_IT
 .text.HAL_TIM_IRQHandler
                0x0000000008004108      0x1e0 ./Drivers/STM32F4xx_HAL_Driver/Src/stm32f4xx_hal_tim.o
                0x0000000008004108                HAL_TIM_IRQHandler
 .text.HAL_TIM_ConfigClockSource
                0x00000000080042e8      0x18e ./Drivers/STM32F4xx_HAL_Driver/Src/stm32f4xx_hal_tim.o
                0x00000000080042e8                HAL_TIM_ConfigClockSource
 .text.HAL_TIM_OC_DelayElapsedCallback
                0x0000000008004476       0x14 ./Drivers/STM32F4xx_HAL_Driver/Src/stm32f4xx_hal_tim.o
                0x0000000008004476                HAL_TIM_OC_DelayElapsedCallback
 .text.HAL_TIM_IC_CaptureCallback
                0x000000000800448a       0x14 ./Drivers/STM32F4xx_HAL_Driver/Src/stm32f4xx_hal_tim.o
                0x000000000800448a                HAL_TIM_IC_CaptureCallback
 .text.HAL_TIM_PWM_PulseFinishedCallback
                0x000000000800449e       0x14 ./Drivers/STM32F4xx_HAL_Driver/Src/stm32f4xx_hal_tim.o
                0x000000000800449e                HAL_TIM_PWM_PulseFinishedCallback
 .text.HAL_TIM_TriggerCallback
                0x00000000080044b2       0x14 ./Drivers/STM32F4xx_HAL_Driver/Src/stm32f4xx_hal_tim.o
                0x00000000080044b2                HAL_TIM_TriggerCallback
 *fill*         0x00000000080044c6        0x2 
 .text.TIM_Base_SetConfig
                0x00000000080044c8      0x158 ./Drivers/STM32F4xx_HAL_Driver/Src/stm32f4xx_hal_tim.o
                0x00000000080044c8                TIM_Base_SetConfig
 .text.TIM_TI1_ConfigInputStage
                0x0000000008004620       0x5e ./Drivers/STM32F4xx_HAL_Driver/Src/stm32f4xx_hal_tim.o
 .text.TIM_TI2_ConfigInputStage
                0x000000000800467e       0x60 ./Drivers/STM32F4xx_HAL_Driver/Src/stm32f4xx_hal_tim.o
 .text.TIM_ITRx_SetConfig
                0x00000000080046de       0x36 ./Drivers/STM32F4xx_HAL_Driver/Src/stm32f4xx_hal_tim.o
 .text.TIM_ETR_SetConfig
                0x0000000008004714       0x40 ./Drivers/STM32F4xx_HAL_Driver/Src/stm32f4xx_hal_tim.o
                0x0000000008004714                TIM_ETR_SetConfig
 .text.HAL_TIMEx_MasterConfigSynchronization
                0x0000000008004754       0xf8 ./Drivers/STM32F4xx_HAL_Driver/Src/stm32f4xx_hal_tim_ex.o
                0x0000000008004754                HAL_TIMEx_MasterConfigSynchronization
 .text.HAL_TIMEx_CommutCallback
                0x000000000800484c       0x14 ./Drivers/STM32F4xx_HAL_Driver/Src/stm32f4xx_hal_tim_ex.o
                0x000000000800484c                HAL_TIMEx_CommutCallback
 .text.HAL_TIMEx_BreakCallback
                0x0000000008004860       0x14 ./Drivers/STM32F4xx_HAL_Driver/Src/stm32f4xx_hal_tim_ex.o
                0x0000000008004860                HAL_TIMEx_BreakCallback
 .text.FSMC_NORSRAM_Init
                0x0000000008004874       0xd4 ./Drivers/STM32F4xx_HAL_Driver/Src/stm32f4xx_ll_fsmc.o
                0x0000000008004874                FSMC_NORSRAM_Init
 .text.FSMC_NORSRAM_Timing_Init
                0x0000000008004948       0x6a ./Drivers/STM32F4xx_HAL_Driver/Src/stm32f4xx_ll_fsmc.o
                0x0000000008004948                FSMC_NORSRAM_Timing_Init
 *fill*         0x00000000080049b2        0x2 
 .text.FSMC_NORSRAM_Extended_Timing_Init
                0x00000000080049b4       0x70 ./Drivers/STM32F4xx_HAL_Driver/Src/stm32f4xx_ll_fsmc.o
                0x00000000080049b4                FSMC_NORSRAM_Extended_Timing_Init
 .text.memset   0x0000000008004a24       0x10 D:/ST/STM32CubeIDE_1.14.1/STM32CubeIDE/plugins/com.st.stm32cube.ide.mcu.externaltools.gnu-tools-for-stm32.11.3.rel1.win32_1.1.100.202309141235/tools/bin/../lib/gcc/arm-none-eabi/11.3.1/../../../../arm-none-eabi/lib/thumb/v7e-m+fp/hard\libc_nano.a(libc_a-memset.o)
                0x0000000008004a24                memset
 .text.__libc_init_array
                0x0000000008004a34       0x48 D:/ST/STM32CubeIDE_1.14.1/STM32CubeIDE/plugins/com.st.stm32cube.ide.mcu.externaltools.gnu-tools-for-stm32.11.3.rel1.win32_1.1.100.202309141235/tools/bin/../lib/gcc/arm-none-eabi/11.3.1/../../../../arm-none-eabi/lib/thumb/v7e-m+fp/hard\libc_nano.a(libc_a-init.o)
                0x0000000008004a34                __libc_init_array
 *(.glue_7)
 .glue_7        0x0000000008004a7c        0x0 linker stubs
 *(.glue_7t)
 .glue_7t       0x0000000008004a7c        0x0 linker stubs
 *(.eh_frame)
 .eh_frame      0x0000000008004a7c        0x0 D:/ST/STM32CubeIDE_1.14.1/STM32CubeIDE/plugins/com.st.stm32cube.ide.mcu.externaltools.gnu-tools-for-stm32.11.3.rel1.win32_1.1.100.202309141235/tools/bin/../lib/gcc/arm-none-eabi/11.3.1/thumb/v7e-m+fp/hard/crtbegin.o
 *(.init)
 .init          0x0000000008004a7c        0x4 D:/ST/STM32CubeIDE_1.14.1/STM32CubeIDE/plugins/com.st.stm32cube.ide.mcu.externaltools.gnu-tools-for-stm32.11.3.rel1.win32_1.1.100.202309141235/tools/bin/../lib/gcc/arm-none-eabi/11.3.1/thumb/v7e-m+fp/hard/crti.o
                0x0000000008004a7c                _init
 .init          0x0000000008004a80        0x8 D:/ST/STM32CubeIDE_1.14.1/STM32CubeIDE/plugins/com.st.stm32cube.ide.mcu.externaltools.gnu-tools-for-stm32.11.3.rel1.win32_1.1.100.202309141235/tools/bin/../lib/gcc/arm-none-eabi/11.3.1/thumb/v7e-m+fp/hard/crtn.o
 *(.fini)
 .fini          0x0000000008004a88        0x4 D:/ST/STM32CubeIDE_1.14.1/STM32CubeIDE/plugins/com.st.stm32cube.ide.mcu.externaltools.gnu-tools-for-stm32.11.3.rel1.win32_1.1.100.202309141235/tools/bin/../lib/gcc/arm-none-eabi/11.3.1/thumb/v7e-m+fp/hard/crti.o
                0x0000000008004a88                _fini
 .fini          0x0000000008004a8c        0x8 D:/ST/STM32CubeIDE_1.14.1/STM32CubeIDE/plugins/com.st.stm32cube.ide.mcu.externaltools.gnu-tools-for-stm32.11.3.rel1.win32_1.1.100.202309141235/tools/bin/../lib/gcc/arm-none-eabi/11.3.1/thumb/v7e-m+fp/hard/crtn.o
                0x0000000008004a94                . = ALIGN (0x4)
                0x0000000008004a94                _etext = .

.vfp11_veneer   0x0000000008004a94        0x0
 .vfp11_veneer  0x0000000008004a94        0x0 linker stubs

.v4_bx          0x0000000008004a94        0x0
 .v4_bx         0x0000000008004a94        0x0 linker stubs

.iplt           0x0000000008004a94        0x0
 .iplt          0x0000000008004a94        0x0 D:/ST/STM32CubeIDE_1.14.1/STM32CubeIDE/plugins/com.st.stm32cube.ide.mcu.externaltools.gnu-tools-for-stm32.11.3.rel1.win32_1.1.100.202309141235/tools/bin/../lib/gcc/arm-none-eabi/11.3.1/thumb/v7e-m+fp/hard/crtbegin.o

.rodata         0x0000000008004a94     0x2f90
                0x0000000008004a94                . = ALIGN (0x4)
 *(.rodata)
 *(.rodata*)
 .rodata.ascii_1608
                0x0000000008004a94      0x5f0 ./Core/Src/lcd.o
                0x0000000008004a94                ascii_1608
 .rodata.ascii_2412
                0x0000000008005084     0x11d0 ./Core/Src/lcd.o
                0x0000000008005084                ascii_2412
 .rodata.ascii_3216
                0x0000000008006254     0x17c0 ./Core/Src/lcd.o
                0x0000000008006254                ascii_3216
 .rodata.AHBPrescTable
                0x0000000008007a14       0x10 ./Core/Src/system_stm32f4xx.o
                0x0000000008007a14                AHBPrescTable
                0x0000000008007a24                . = ALIGN (0x4)

.ARM.extab      0x0000000008007a24        0x0
                0x0000000008007a24                . = ALIGN (0x4)
 *(.ARM.extab* .gnu.linkonce.armextab.*)
                0x0000000008007a24                . = ALIGN (0x4)

.ARM            0x0000000008007a24        0x8
                0x0000000008007a24                . = ALIGN (0x4)
                0x0000000008007a24                __exidx_start = .
 *(.ARM.exidx*)
 .ARM.exidx     0x0000000008007a24        0x8 D:/ST/STM32CubeIDE_1.14.1/STM32CubeIDE/plugins/com.st.stm32cube.ide.mcu.externaltools.gnu-tools-for-stm32.11.3.rel1.win32_1.1.100.202309141235/tools/bin/../lib/gcc/arm-none-eabi/11.3.1/thumb/v7e-m+fp/hard\libgcc.a(_udivmoddi4.o)
                0x0000000008007a2c                __exidx_end = .
                0x0000000008007a2c                . = ALIGN (0x4)

.rel.dyn        0x0000000008007a2c        0x0
 .rel.iplt      0x0000000008007a2c        0x0 D:/ST/STM32CubeIDE_1.14.1/STM32CubeIDE/plugins/com.st.stm32cube.ide.mcu.externaltools.gnu-tools-for-stm32.11.3.rel1.win32_1.1.100.202309141235/tools/bin/../lib/gcc/arm-none-eabi/11.3.1/thumb/v7e-m+fp/hard/crtbegin.o

.preinit_array  0x0000000008007a2c        0x0
                0x0000000008007a2c                . = ALIGN (0x4)
                0x0000000008007a2c                PROVIDE (__preinit_array_start = .)
 *(.preinit_array*)
                0x0000000008007a2c                PROVIDE (__preinit_array_end = .)
                0x0000000008007a2c                . = ALIGN (0x4)

.init_array     0x0000000008007a2c        0x4
                0x0000000008007a2c                . = ALIGN (0x4)
                0x0000000008007a2c                PROVIDE (__init_array_start = .)
 *(SORT_BY_NAME(.init_array.*))
 *(.init_array*)
 .init_array    0x0000000008007a2c        0x4 D:/ST/STM32CubeIDE_1.14.1/STM32CubeIDE/plugins/com.st.stm32cube.ide.mcu.externaltools.gnu-tools-for-stm32.11.3.rel1.win32_1.1.100.202309141235/tools/bin/../lib/gcc/arm-none-eabi/11.3.1/thumb/v7e-m+fp/hard/crtbegin.o
                0x0000000008007a30                PROVIDE (__init_array_end = .)
                0x0000000008007a30                . = ALIGN (0x4)

.fini_array     0x0000000008007a30        0x4
                0x0000000008007a30                . = ALIGN (0x4)
                [!provide]                        PROVIDE (__fini_array_start = .)
 *(SORT_BY_NAME(.fini_array.*))
 *(.fini_array*)
 .fini_array    0x0000000008007a30        0x4 D:/ST/STM32CubeIDE_1.14.1/STM32CubeIDE/plugins/com.st.stm32cube.ide.mcu.externaltools.gnu-tools-for-stm32.11.3.rel1.win32_1.1.100.202309141235/tools/bin/../lib/gcc/arm-none-eabi/11.3.1/thumb/v7e-m+fp/hard/crtbegin.o
                [!provide]                        PROVIDE (__fini_array_end = .)
                0x0000000008007a34                . = ALIGN (0x4)
                0x0000000008007a34                _sidata = LOADADDR (.data)

.data           0x0000000020000000       0x24 load address 0x0000000008007a34
                0x0000000020000000                . = ALIGN (0x4)
                0x0000000020000000                _sdata = .
 *(.data)
 *(.data*)
 .data.setting_status
                0x0000000020000000        0x4 ./Core/Src/global.o
                0x0000000020000000                setting_status
 .data.counter_red
                0x0000000020000004        0x4 ./Core/Src/global.o
                0x0000000020000004                counter_red
 .data.counter_green
                0x0000000020000008        0x4 ./Core/Src/global.o
                0x0000000020000008                counter_green
 .data.counter_yellow
                0x000000002000000c        0x4 ./Core/Src/global.o
                0x000000002000000c                counter_yellow
 .data.led7seg  0x0000000020000010        0x4 ./Core/Src/led_7seg.o
                0x0000000020000010                led7seg
 .data.spi_buffer
                0x0000000020000014        0x2 ./Core/Src/led_7seg.o
                0x0000000020000014                spi_buffer
 *fill*         0x0000000020000016        0x2 
 .data.SystemCoreClock
                0x0000000020000018        0x4 ./Core/Src/system_stm32f4xx.o
                0x0000000020000018                SystemCoreClock
 .data.uwTickPrio
                0x000000002000001c        0x4 ./Drivers/STM32F4xx_HAL_Driver/Src/stm32f4xx_hal.o
                0x000000002000001c                uwTickPrio
 .data.uwTickFreq
                0x0000000020000020        0x1 ./Drivers/STM32F4xx_HAL_Driver/Src/stm32f4xx_hal.o
                0x0000000020000020                uwTickFreq
 *(.RamFunc)
 *(.RamFunc*)
                0x0000000020000024                . = ALIGN (0x4)
 *fill*         0x0000000020000021        0x3 
                0x0000000020000024                _edata = .
                0x0000000008007a58                _siccmram = LOADADDR (.ccmram)

.igot.plt       0x0000000020000024        0x0 load address 0x0000000008007a58
 .igot.plt      0x0000000020000024        0x0 D:/ST/STM32CubeIDE_1.14.1/STM32CubeIDE/plugins/com.st.stm32cube.ide.mcu.externaltools.gnu-tools-for-stm32.11.3.rel1.win32_1.1.100.202309141235/tools/bin/../lib/gcc/arm-none-eabi/11.3.1/thumb/v7e-m+fp/hard/crtbegin.o

.ccmram         0x0000000010000000        0x0 load address 0x0000000008007a58
                0x0000000010000000                . = ALIGN (0x4)
                0x0000000010000000                _sccmram = .
 *(.ccmram)
 *(.ccmram*)
                0x0000000010000000                . = ALIGN (0x4)
                0x0000000010000000                _eccmram = .
                0x0000000010000000                . = ALIGN (0x4)

.bss            0x0000000020000024      0x154
                0x0000000020000024                _sbss = .
                0x0000000020000024                __bss_start__ = _sbss
 *(.bss)
 .bss           0x0000000020000024       0x1c D:/ST/STM32CubeIDE_1.14.1/STM32CubeIDE/plugins/com.st.stm32cube.ide.mcu.externaltools.gnu-tools-for-stm32.11.3.rel1.win32_1.1.100.202309141235/tools/bin/../lib/gcc/arm-none-eabi/11.3.1/thumb/v7e-m+fp/hard/crtbegin.o
 *(.bss*)
 .bss.button_count
                0x0000000020000040       0x20 ./Core/Src/button.o
                0x0000000020000040                button_count
 .bss.spi_button
                0x0000000020000060        0x2 ./Core/Src/button.o
                0x0000000020000060                spi_button
 *fill*         0x0000000020000062        0x2 
 .bss.lcd_status
                0x0000000020000064        0x4 ./Core/Src/global.o
                0x0000000020000064                lcd_status
 .bss.traffic_counter
                0x0000000020000068        0x4 ./Core/Src/global.o
                0x0000000020000068                traffic_counter
 .bss.temp      0x000000002000006c        0x4 ./Core/Src/global.o
                0x000000002000006c                temp
 .bss.lcddev    0x0000000020000070        0x6 ./Core/Src/lcd.o
                0x0000000020000070                lcddev
 .bss.led7_index
                0x0000000020000076        0x2 ./Core/Src/led_7seg.o
                0x0000000020000076                led7_index
 .bss.hspi1     0x0000000020000078       0x58 ./Core/Src/main.o
                0x0000000020000078                hspi1
 .bss.htim2     0x00000000200000d0       0x48 ./Core/Src/main.o
                0x00000000200000d0                htim2
 .bss.hsram1    0x0000000020000118       0x50 ./Core/Src/main.o
                0x0000000020000118                hsram1
 .bss.timer_counter
                0x0000000020000168        0x2 ./Core/Src/software_timer.o
                0x0000000020000168                timer_counter
 .bss.timer_flag
                0x000000002000016a        0x1 ./Core/Src/software_timer.o
                0x000000002000016a                timer_flag
 *fill*         0x000000002000016b        0x1 
 .bss.timer_counter1
                0x000000002000016c        0x2 ./Core/Src/software_timer.o
                0x000000002000016c                timer_counter1
 .bss.timer_flag1
                0x000000002000016e        0x1 ./Core/Src/software_timer.o
                0x000000002000016e                timer_flag1
 *fill*         0x000000002000016f        0x1 
 .bss.FSMC_Initialized
                0x0000000020000170        0x4 ./Core/Src/stm32f4xx_hal_msp.o
 .bss.uwTick    0x0000000020000174        0x4 ./Drivers/STM32F4xx_HAL_Driver/Src/stm32f4xx_hal.o
                0x0000000020000174                uwTick
 *(COMMON)
                0x0000000020000178                . = ALIGN (0x4)
                0x0000000020000178                _ebss = .
                0x0000000020000178                __bss_end__ = _ebss

._user_heap_stack
                0x0000000020000178      0x600
                0x0000000020000178                . = ALIGN (0x8)
                [!provide]                        PROVIDE (end = .)
                0x0000000020000178                PROVIDE (_end = .)
                0x0000000020000378                . = (. + _Min_Heap_Size)
 *fill*         0x0000000020000178      0x200 
                0x0000000020000778                . = (. + _Min_Stack_Size)
 *fill*         0x0000000020000378      0x400 
                0x0000000020000778                . = ALIGN (0x8)

/DISCARD/
 libc.a(*)
 libm.a(*)
 libgcc.a(*)

.ARM.attributes
                0x0000000000000000       0x30
 *(.ARM.attributes)
 .ARM.attributes
                0x0000000000000000       0x1e D:/ST/STM32CubeIDE_1.14.1/STM32CubeIDE/plugins/com.st.stm32cube.ide.mcu.externaltools.gnu-tools-for-stm32.11.3.rel1.win32_1.1.100.202309141235/tools/bin/../lib/gcc/arm-none-eabi/11.3.1/thumb/v7e-m+fp/hard/crti.o
 .ARM.attributes
                0x000000000000001e       0x34 D:/ST/STM32CubeIDE_1.14.1/STM32CubeIDE/plugins/com.st.stm32cube.ide.mcu.externaltools.gnu-tools-for-stm32.11.3.rel1.win32_1.1.100.202309141235/tools/bin/../lib/gcc/arm-none-eabi/11.3.1/thumb/v7e-m+fp/hard/crtbegin.o
 .ARM.attributes
                0x0000000000000052       0x34 ./Core/Src/button.o
 .ARM.attributes
                0x0000000000000086       0x34 ./Core/Src/fsm_automatic.o
 .ARM.attributes
                0x00000000000000ba       0x34 ./Core/Src/fsm_setting.o
 .ARM.attributes
                0x00000000000000ee       0x34 ./Core/Src/global.o
 .ARM.attributes
                0x0000000000000122       0x34 ./Core/Src/lcd.o
 .ARM.attributes
                0x0000000000000156       0x34 ./Core/Src/led_7seg.o
 .ARM.attributes
                0x000000000000018a       0x34 ./Core/Src/main.o
 .ARM.attributes
                0x00000000000001be       0x34 ./Core/Src/software_timer.o
 .ARM.attributes
                0x00000000000001f2       0x34 ./Core/Src/stm32f4xx_hal_msp.o
 .ARM.attributes
                0x0000000000000226       0x34 ./Core/Src/stm32f4xx_it.o
 .ARM.attributes
                0x000000000000025a       0x34 ./Core/Src/system_stm32f4xx.o
 .ARM.attributes
                0x000000000000028e       0x21 ./Core/Startup/startup_stm32f407zgtx.o
 .ARM.attributes
                0x00000000000002af       0x34 ./Drivers/STM32F4xx_HAL_Driver/Src/stm32f4xx_hal.o
 .ARM.attributes
                0x00000000000002e3       0x34 ./Drivers/STM32F4xx_HAL_Driver/Src/stm32f4xx_hal_cortex.o
 .ARM.attributes
                0x0000000000000317       0x34 ./Drivers/STM32F4xx_HAL_Driver/Src/stm32f4xx_hal_dma.o
 .ARM.attributes
                0x000000000000034b       0x34 ./Drivers/STM32F4xx_HAL_Driver/Src/stm32f4xx_hal_gpio.o
 .ARM.attributes
                0x000000000000037f       0x34 ./Drivers/STM32F4xx_HAL_Driver/Src/stm32f4xx_hal_rcc.o
 .ARM.attributes
                0x00000000000003b3       0x34 ./Drivers/STM32F4xx_HAL_Driver/Src/stm32f4xx_hal_spi.o
 .ARM.attributes
                0x00000000000003e7       0x34 ./Drivers/STM32F4xx_HAL_Driver/Src/stm32f4xx_hal_sram.o
 .ARM.attributes
                0x000000000000041b       0x34 ./Drivers/STM32F4xx_HAL_Driver/Src/stm32f4xx_hal_tim.o
 .ARM.attributes
                0x000000000000044f       0x34 ./Drivers/STM32F4xx_HAL_Driver/Src/stm32f4xx_hal_tim_ex.o
 .ARM.attributes
                0x0000000000000483       0x34 ./Drivers/STM32F4xx_HAL_Driver/Src/stm32f4xx_ll_fsmc.o
 .ARM.attributes
                0x00000000000004b7       0x34 D:/ST/STM32CubeIDE_1.14.1/STM32CubeIDE/plugins/com.st.stm32cube.ide.mcu.externaltools.gnu-tools-for-stm32.11.3.rel1.win32_1.1.100.202309141235/tools/bin/../lib/gcc/arm-none-eabi/11.3.1/../../../../arm-none-eabi/lib/thumb/v7e-m+fp/hard\libc_nano.a(libc_a-memset.o)
 .ARM.attributes
                0x00000000000004eb       0x34 D:/ST/STM32CubeIDE_1.14.1/STM32CubeIDE/plugins/com.st.stm32cube.ide.mcu.externaltools.gnu-tools-for-stm32.11.3.rel1.win32_1.1.100.202309141235/tools/bin/../lib/gcc/arm-none-eabi/11.3.1/../../../../arm-none-eabi/lib/thumb/v7e-m+fp/hard\libc_nano.a(libc_a-init.o)
 .ARM.attributes
                0x000000000000051f       0x1e D:/ST/STM32CubeIDE_1.14.1/STM32CubeIDE/plugins/com.st.stm32cube.ide.mcu.externaltools.gnu-tools-for-stm32.11.3.rel1.win32_1.1.100.202309141235/tools/bin/../lib/gcc/arm-none-eabi/11.3.1/thumb/v7e-m+fp/hard\libgcc.a(_aeabi_uldivmod.o)
 .ARM.attributes
                0x000000000000053d       0x34 D:/ST/STM32CubeIDE_1.14.1/STM32CubeIDE/plugins/com.st.stm32cube.ide.mcu.externaltools.gnu-tools-for-stm32.11.3.rel1.win32_1.1.100.202309141235/tools/bin/../lib/gcc/arm-none-eabi/11.3.1/thumb/v7e-m+fp/hard\libgcc.a(_udivmoddi4.o)
 .ARM.attributes
                0x0000000000000571       0x1e D:/ST/STM32CubeIDE_1.14.1/STM32CubeIDE/plugins/com.st.stm32cube.ide.mcu.externaltools.gnu-tools-for-stm32.11.3.rel1.win32_1.1.100.202309141235/tools/bin/../lib/gcc/arm-none-eabi/11.3.1/thumb/v7e-m+fp/hard\libgcc.a(_dvmd_tls.o)
 .ARM.attributes
                0x000000000000058f       0x1e D:/ST/STM32CubeIDE_1.14.1/STM32CubeIDE/plugins/com.st.stm32cube.ide.mcu.externaltools.gnu-tools-for-stm32.11.3.rel1.win32_1.1.100.202309141235/tools/bin/../lib/gcc/arm-none-eabi/11.3.1/thumb/v7e-m+fp/hard/crtn.o
OUTPUT(LAB3_LCD_BUTTON.elf elf32-littlearm)
LOAD linker stubs
LOAD D:/ST/STM32CubeIDE_1.14.1/STM32CubeIDE/plugins/com.st.stm32cube.ide.mcu.externaltools.gnu-tools-for-stm32.11.3.rel1.win32_1.1.100.202309141235/tools/bin/../lib/gcc/arm-none-eabi/11.3.1/../../../../arm-none-eabi/lib/thumb/v7e-m+fp/hard\libc.a
LOAD D:/ST/STM32CubeIDE_1.14.1/STM32CubeIDE/plugins/com.st.stm32cube.ide.mcu.externaltools.gnu-tools-for-stm32.11.3.rel1.win32_1.1.100.202309141235/tools/bin/../lib/gcc/arm-none-eabi/11.3.1/../../../../arm-none-eabi/lib/thumb/v7e-m+fp/hard\libm.a
LOAD D:/ST/STM32CubeIDE_1.14.1/STM32CubeIDE/plugins/com.st.stm32cube.ide.mcu.externaltools.gnu-tools-for-stm32.11.3.rel1.win32_1.1.100.202309141235/tools/bin/../lib/gcc/arm-none-eabi/11.3.1/thumb/v7e-m+fp/hard\libgcc.a

.comment        0x0000000000000000       0x43
 .comment       0x0000000000000000       0x43 D:/ST/STM32CubeIDE_1.14.1/STM32CubeIDE/plugins/com.st.stm32cube.ide.mcu.externaltools.gnu-tools-for-stm32.11.3.rel1.win32_1.1.100.202309141235/tools/bin/../lib/gcc/arm-none-eabi/11.3.1/thumb/v7e-m+fp/hard/crtbegin.o
                                         0x44 (size before relaxing)
 .comment       0x0000000000000043       0x44 ./Core/Src/button.o
 .comment       0x0000000000000043       0x44 ./Core/Src/fsm_automatic.o
 .comment       0x0000000000000043       0x44 ./Core/Src/fsm_setting.o
 .comment       0x0000000000000043       0x44 ./Core/Src/global.o
 .comment       0x0000000000000043       0x44 ./Core/Src/lcd.o
 .comment       0x0000000000000043       0x44 ./Core/Src/led_7seg.o
 .comment       0x0000000000000043       0x44 ./Core/Src/main.o
 .comment       0x0000000000000043       0x44 ./Core/Src/software_timer.o
 .comment       0x0000000000000043       0x44 ./Core/Src/stm32f4xx_hal_msp.o
 .comment       0x0000000000000043       0x44 ./Core/Src/stm32f4xx_it.o
 .comment       0x0000000000000043       0x44 ./Core/Src/system_stm32f4xx.o
 .comment       0x0000000000000043       0x44 ./Drivers/STM32F4xx_HAL_Driver/Src/stm32f4xx_hal.o
 .comment       0x0000000000000043       0x44 ./Drivers/STM32F4xx_HAL_Driver/Src/stm32f4xx_hal_cortex.o
 .comment       0x0000000000000043       0x44 ./Drivers/STM32F4xx_HAL_Driver/Src/stm32f4xx_hal_dma.o
 .comment       0x0000000000000043       0x44 ./Drivers/STM32F4xx_HAL_Driver/Src/stm32f4xx_hal_gpio.o
 .comment       0x0000000000000043       0x44 ./Drivers/STM32F4xx_HAL_Driver/Src/stm32f4xx_hal_rcc.o
 .comment       0x0000000000000043       0x44 ./Drivers/STM32F4xx_HAL_Driver/Src/stm32f4xx_hal_spi.o
 .comment       0x0000000000000043       0x44 ./Drivers/STM32F4xx_HAL_Driver/Src/stm32f4xx_hal_sram.o
 .comment       0x0000000000000043       0x44 ./Drivers/STM32F4xx_HAL_Driver/Src/stm32f4xx_hal_tim.o
 .comment       0x0000000000000043       0x44 ./Drivers/STM32F4xx_HAL_Driver/Src/stm32f4xx_hal_tim_ex.o
 .comment       0x0000000000000043       0x44 ./Drivers/STM32F4xx_HAL_Driver/Src/stm32f4xx_ll_fsmc.o

.debug_info     0x0000000000000000     0xf8b5
 .debug_info    0x0000000000000000      0x7ae ./Core/Src/button.o
 .debug_info    0x00000000000007ae      0x18f ./Core/Src/fsm_automatic.o
 .debug_info    0x000000000000093d      0x164 ./Core/Src/fsm_setting.o
 .debug_info    0x0000000000000aa1      0x111 ./Core/Src/global.o
 .debug_info    0x0000000000000bb2      0xe74 ./Core/Src/lcd.o
 .debug_info    0x0000000000001a26      0x814 ./Core/Src/led_7seg.o
 .debug_info    0x000000000000223a     0x1433 ./Core/Src/main.o
 .debug_info    0x000000000000366d      0x7a7 ./Core/Src/software_timer.o
 .debug_info    0x0000000000003e14     0x1220 ./Core/Src/stm32f4xx_hal_msp.o
 .debug_info    0x0000000000005034      0x9c3 ./Core/Src/stm32f4xx_it.o
 .debug_info    0x00000000000059f7      0x512 ./Core/Src/system_stm32f4xx.o
 .debug_info    0x0000000000005f09       0x23 ./Core/Startup/startup_stm32f407zgtx.o
 .debug_info    0x0000000000005f2c      0x944 ./Drivers/STM32F4xx_HAL_Driver/Src/stm32f4xx_hal.o
 .debug_info    0x0000000000006870      0xd8c ./Drivers/STM32F4xx_HAL_Driver/Src/stm32f4xx_hal_cortex.o
 .debug_info    0x00000000000075fc      0x8e7 ./Drivers/STM32F4xx_HAL_Driver/Src/stm32f4xx_hal_dma.o
 .debug_info    0x0000000000007ee3      0x6c3 ./Drivers/STM32F4xx_HAL_Driver/Src/stm32f4xx_hal_gpio.o
 .debug_info    0x00000000000085a6      0x8af ./Drivers/STM32F4xx_HAL_Driver/Src/stm32f4xx_hal_rcc.o
 .debug_info    0x0000000000008e55     0x1525 ./Drivers/STM32F4xx_HAL_Driver/Src/stm32f4xx_hal_spi.o
 .debug_info    0x000000000000a37a      0xd39 ./Drivers/STM32F4xx_HAL_Driver/Src/stm32f4xx_hal_sram.o
 .debug_info    0x000000000000b0b3     0x299d ./Drivers/STM32F4xx_HAL_Driver/Src/stm32f4xx_hal_tim.o
 .debug_info    0x000000000000da50     0x14db ./Drivers/STM32F4xx_HAL_Driver/Src/stm32f4xx_hal_tim_ex.o
 .debug_info    0x000000000000ef2b      0x98a ./Drivers/STM32F4xx_HAL_Driver/Src/stm32f4xx_ll_fsmc.o

.debug_abbrev   0x0000000000000000     0x2a6b
 .debug_abbrev  0x0000000000000000      0x212 ./Core/Src/button.o
 .debug_abbrev  0x0000000000000212       0xb7 ./Core/Src/fsm_automatic.o
 .debug_abbrev  0x00000000000002c9       0xb5 ./Core/Src/fsm_setting.o
 .debug_abbrev  0x000000000000037e       0x4e ./Core/Src/global.o
 .debug_abbrev  0x00000000000003cc      0x35c ./Core/Src/lcd.o
 .debug_abbrev  0x0000000000000728      0x1d3 ./Core/Src/led_7seg.o
 .debug_abbrev  0x00000000000008fb      0x30f ./Core/Src/main.o
 .debug_abbrev  0x0000000000000c0a      0x1f4 ./Core/Src/software_timer.o
 .debug_abbrev  0x0000000000000dfe      0x24f ./Core/Src/stm32f4xx_hal_msp.o
 .debug_abbrev  0x000000000000104d      0x1ae ./Core/Src/stm32f4xx_it.o
 .debug_abbrev  0x00000000000011fb      0x11a ./Core/Src/system_stm32f4xx.o
 .debug_abbrev  0x0000000000001315       0x12 ./Core/Startup/startup_stm32f407zgtx.o
 .debug_abbrev  0x0000000000001327      0x214 ./Drivers/STM32F4xx_HAL_Driver/Src/stm32f4xx_hal.o
 .debug_abbrev  0x000000000000153b      0x31d ./Drivers/STM32F4xx_HAL_Driver/Src/stm32f4xx_hal_cortex.o
 .debug_abbrev  0x0000000000001858      0x264 ./Drivers/STM32F4xx_HAL_Driver/Src/stm32f4xx_hal_dma.o
 .debug_abbrev  0x0000000000001abc      0x1d4 ./Drivers/STM32F4xx_HAL_Driver/Src/stm32f4xx_hal_gpio.o
 .debug_abbrev  0x0000000000001c90      0x2b7 ./Drivers/STM32F4xx_HAL_Driver/Src/stm32f4xx_hal_rcc.o
 .debug_abbrev  0x0000000000001f47      0x27a ./Drivers/STM32F4xx_HAL_Driver/Src/stm32f4xx_hal_spi.o
 .debug_abbrev  0x00000000000021c1      0x20c ./Drivers/STM32F4xx_HAL_Driver/Src/stm32f4xx_hal_sram.o
 .debug_abbrev  0x00000000000023cd      0x278 ./Drivers/STM32F4xx_HAL_Driver/Src/stm32f4xx_hal_tim.o
 .debug_abbrev  0x0000000000002645      0x283 ./Drivers/STM32F4xx_HAL_Driver/Src/stm32f4xx_hal_tim_ex.o
 .debug_abbrev  0x00000000000028c8      0x1a3 ./Drivers/STM32F4xx_HAL_Driver/Src/stm32f4xx_ll_fsmc.o

.debug_aranges  0x0000000000000000      0xf80
 .debug_aranges
                0x0000000000000000       0x30 ./Core/Src/button.o
 .debug_aranges
                0x0000000000000030       0x20 ./Core/Src/fsm_automatic.o
 .debug_aranges
                0x0000000000000050       0x20 ./Core/Src/fsm_setting.o
 .debug_aranges
                0x0000000000000070       0x18 ./Core/Src/global.o
 .debug_aranges
                0x0000000000000088       0xf8 ./Core/Src/lcd.o
 .debug_aranges
                0x0000000000000180       0x48 ./Core/Src/led_7seg.o
 .debug_aranges
                0x00000000000001c8       0x58 ./Core/Src/main.o
 .debug_aranges
                0x0000000000000220       0x48 ./Core/Src/software_timer.o
 .debug_aranges
                0x0000000000000268       0x60 ./Core/Src/stm32f4xx_hal_msp.o
 .debug_aranges
                0x00000000000002c8       0x70 ./Core/Src/stm32f4xx_it.o
 .debug_aranges
                0x0000000000000338       0x28 ./Core/Src/system_stm32f4xx.o
 .debug_aranges
                0x0000000000000360       0x28 ./Core/Startup/startup_stm32f407zgtx.o
 .debug_aranges
                0x0000000000000388       0xf0 ./Drivers/STM32F4xx_HAL_Driver/Src/stm32f4xx_hal.o
 .debug_aranges
                0x0000000000000478      0x130 ./Drivers/STM32F4xx_HAL_Driver/Src/stm32f4xx_hal_cortex.o
 .debug_aranges
                0x00000000000005a8       0x90 ./Drivers/STM32F4xx_HAL_Driver/Src/stm32f4xx_hal_dma.o
 .debug_aranges
                0x0000000000000638       0x58 ./Drivers/STM32F4xx_HAL_Driver/Src/stm32f4xx_hal_gpio.o
 .debug_aranges
                0x0000000000000690       0x88 ./Drivers/STM32F4xx_HAL_Driver/Src/stm32f4xx_hal_rcc.o
 .debug_aranges
                0x0000000000000718      0x1d0 ./Drivers/STM32F4xx_HAL_Driver/Src/stm32f4xx_hal_spi.o
 .debug_aranges
                0x00000000000008e8       0xb8 ./Drivers/STM32F4xx_HAL_Driver/Src/stm32f4xx_hal_sram.o
 .debug_aranges
                0x00000000000009a0      0x3d0 ./Drivers/STM32F4xx_HAL_Driver/Src/stm32f4xx_hal_tim.o
 .debug_aranges
                0x0000000000000d70      0x168 ./Drivers/STM32F4xx_HAL_Driver/Src/stm32f4xx_hal_tim_ex.o
 .debug_aranges
                0x0000000000000ed8       0xa8 ./Drivers/STM32F4xx_HAL_Driver/Src/stm32f4xx_ll_fsmc.o

.debug_rnglists
                0x0000000000000000      0xbce
 .debug_rnglists
                0x0000000000000000       0x20 ./Core/Src/button.o
 .debug_rnglists
                0x0000000000000020       0x14 ./Core/Src/fsm_automatic.o
 .debug_rnglists
                0x0000000000000034       0x14 ./Core/Src/fsm_setting.o
 .debug_rnglists
                0x0000000000000048       0xc0 ./Core/Src/lcd.o
 .debug_rnglists
                0x0000000000000108       0x32 ./Core/Src/led_7seg.o
 .debug_rnglists
                0x000000000000013a       0x41 ./Core/Src/main.o
 .debug_rnglists
                0x000000000000017b       0x31 ./Core/Src/software_timer.o
 .debug_rnglists
                0x00000000000001ac       0x45 ./Core/Src/stm32f4xx_hal_msp.o
 .debug_rnglists
                0x00000000000001f1       0x4f ./Core/Src/stm32f4xx_it.o
 .debug_rnglists
                0x0000000000000240       0x1a ./Core/Src/system_stm32f4xx.o
 .debug_rnglists
                0x000000000000025a       0x19 ./Core/Startup/startup_stm32f407zgtx.o
 .debug_rnglists
                0x0000000000000273       0xaf ./Drivers/STM32F4xx_HAL_Driver/Src/stm32f4xx_hal.o
 .debug_rnglists
                0x0000000000000322       0xe0 ./Drivers/STM32F4xx_HAL_Driver/Src/stm32f4xx_hal_cortex.o
 .debug_rnglists
                0x0000000000000402       0x70 ./Drivers/STM32F4xx_HAL_Driver/Src/stm32f4xx_hal_dma.o
 .debug_rnglists
                0x0000000000000472       0x3f ./Drivers/STM32F4xx_HAL_Driver/Src/stm32f4xx_hal_gpio.o
 .debug_rnglists
                0x00000000000004b1       0x66 ./Drivers/STM32F4xx_HAL_Driver/Src/stm32f4xx_hal_rcc.o
 .debug_rnglists
                0x0000000000000517      0x16f ./Drivers/STM32F4xx_HAL_Driver/Src/stm32f4xx_hal_spi.o
 .debug_rnglists
                0x0000000000000686       0x8d ./Drivers/STM32F4xx_HAL_Driver/Src/stm32f4xx_hal_sram.o
 .debug_rnglists
                0x0000000000000713      0x31a ./Drivers/STM32F4xx_HAL_Driver/Src/stm32f4xx_hal_tim.o
 .debug_rnglists
                0x0000000000000a2d      0x125 ./Drivers/STM32F4xx_HAL_Driver/Src/stm32f4xx_hal_tim_ex.o
 .debug_rnglists
                0x0000000000000b52       0x7c ./Drivers/STM32F4xx_HAL_Driver/Src/stm32f4xx_ll_fsmc.o

.debug_macro    0x0000000000000000    0x231f7
 .debug_macro   0x0000000000000000      0x38e ./Core/Src/button.o
 .debug_macro   0x000000000000038e      0xaa8 ./Core/Src/button.o
 .debug_macro   0x0000000000000e36       0x4c ./Core/Src/button.o
 .debug_macro   0x0000000000000e82      0x2a1 ./Core/Src/button.o
 .debug_macro   0x0000000000001123       0x2e ./Core/Src/button.o
 .debug_macro   0x0000000000001151       0x2f ./Core/Src/button.o
 .debug_macro   0x0000000000001180       0x22 ./Core/Src/button.o
 .debug_macro   0x00000000000011a2       0x8e ./Core/Src/button.o
 .debug_macro   0x0000000000001230       0x51 ./Core/Src/button.o
 .debug_macro   0x0000000000001281      0x103 ./Core/Src/button.o
 .debug_macro   0x0000000000001384       0x6a ./Core/Src/button.o
 .debug_macro   0x00000000000013ee      0x1df ./Core/Src/button.o
 .debug_macro   0x00000000000015cd       0x1c ./Core/Src/button.o
 .debug_macro   0x00000000000015e9       0x22 ./Core/Src/button.o
 .debug_macro   0x000000000000160b       0xfb ./Core/Src/button.o
 .debug_macro   0x0000000000001706     0x1011 ./Core/Src/button.o
 .debug_macro   0x0000000000002717      0x11f ./Core/Src/button.o
 .debug_macro   0x0000000000002836    0x15e97 ./Core/Src/button.o
 .debug_macro   0x00000000000186cd       0x6d ./Core/Src/button.o
 .debug_macro   0x000000000001873a     0x369a ./Core/Src/button.o
 .debug_macro   0x000000000001bdd4      0x174 ./Core/Src/button.o
 .debug_macro   0x000000000001bf48       0x5c ./Core/Src/button.o
 .debug_macro   0x000000000001bfa4      0x980 ./Core/Src/button.o
 .debug_macro   0x000000000001c924      0x9e9 ./Core/Src/button.o
 .debug_macro   0x000000000001d30d      0x115 ./Core/Src/button.o
 .debug_macro   0x000000000001d422      0x13e ./Core/Src/button.o
 .debug_macro   0x000000000001d560       0xa5 ./Core/Src/button.o
 .debug_macro   0x000000000001d605      0x174 ./Core/Src/button.o
 .debug_macro   0x000000000001d779      0x287 ./Core/Src/button.o
 .debug_macro   0x000000000001da00       0x5f ./Core/Src/button.o
 .debug_macro   0x000000000001da5f      0x236 ./Core/Src/button.o
 .debug_macro   0x000000000001dc95      0x12c ./Core/Src/button.o
 .debug_macro   0x000000000001ddc1      0x21e ./Core/Src/button.o
 .debug_macro   0x000000000001dfdf       0x2e ./Core/Src/button.o
 .debug_macro   0x000000000001e00d      0x516 ./Core/Src/button.o
 .debug_macro   0x000000000001e523      0x127 ./Core/Src/button.o
 .debug_macro   0x000000000001e64a       0x7e ./Core/Src/button.o
 .debug_macro   0x000000000001e6c8       0x89 ./Core/Src/button.o
 .debug_macro   0x000000000001e751      0x225 ./Core/Src/button.o
 .debug_macro   0x000000000001e976      0x8ed ./Core/Src/button.o
 .debug_macro   0x000000000001f263       0x4d ./Core/Src/button.o
 .debug_macro   0x000000000001f2b0      0x12d ./Core/Src/button.o
 .debug_macro   0x000000000001f3dd       0x58 ./Core/Src/button.o
 .debug_macro   0x000000000001f435       0x22 ./Core/Src/button.o
 .debug_macro   0x000000000001f457       0x22 ./Core/Src/button.o
 .debug_macro   0x000000000001f479       0x2a ./Core/Src/button.o
 .debug_macro   0x000000000001f4a3       0x61 ./Core/Src/button.o
 .debug_macro   0x000000000001f504       0x43 ./Core/Src/button.o
 .debug_macro   0x000000000001f547       0x34 ./Core/Src/button.o
 .debug_macro   0x000000000001f57b       0x16 ./Core/Src/button.o
 .debug_macro   0x000000000001f591       0x35 ./Core/Src/button.o
 .debug_macro   0x000000000001f5c6       0x16 ./Core/Src/button.o
 .debug_macro   0x000000000001f5dc       0x43 ./Core/Src/button.o
 .debug_macro   0x000000000001f61f       0x34 ./Core/Src/button.o
 .debug_macro   0x000000000001f653       0x10 ./Core/Src/button.o
 .debug_macro   0x000000000001f663       0x58 ./Core/Src/button.o
 .debug_macro   0x000000000001f6bb       0x8e ./Core/Src/button.o
 .debug_macro   0x000000000001f749       0x1c ./Core/Src/button.o
 .debug_macro   0x000000000001f765      0x177 ./Core/Src/button.o
 .debug_macro   0x000000000001f8dc      0x369 ./Core/Src/button.o
 .debug_macro   0x000000000001fc45       0x16 ./Core/Src/button.o
 .debug_macro   0x000000000001fc5b       0x29 ./Core/Src/button.o
 .debug_macro   0x000000000001fc84       0x16 ./Core/Src/button.o
 .debug_macro   0x000000000001fc9a       0x20 ./Core/Src/button.o
 .debug_macro   0x000000000001fcba       0xca ./Core/Src/button.o
 .debug_macro   0x000000000001fd84       0x1c ./Core/Src/button.o
 .debug_macro   0x000000000001fda0       0x10 ./Core/Src/button.o
 .debug_macro   0x000000000001fdb0       0x1c ./Core/Src/button.o
 .debug_macro   0x000000000001fdcc       0x16 ./Core/Src/button.o
 .debug_macro   0x000000000001fde2      0x147 ./Core/Src/button.o
 .debug_macro   0x000000000001ff29      0x38e ./Core/Src/fsm_automatic.o
 .debug_macro   0x00000000000202b7      0x38e ./Core/Src/fsm_setting.o
 .debug_macro   0x0000000000020645      0x38e ./Core/Src/global.o
 .debug_macro   0x00000000000209d3      0x398 ./Core/Src/lcd.o
 .debug_macro   0x0000000000020d6b      0x38e ./Core/Src/led_7seg.o
 .debug_macro   0x00000000000210f9      0x392 ./Core/Src/main.o
 .debug_macro   0x000000000002148b      0x394 ./Core/Src/software_timer.o
 .debug_macro   0x000000000002181f      0x1f8 ./Core/Src/stm32f4xx_hal_msp.o
 .debug_macro   0x0000000000021a17      0x202 ./Core/Src/stm32f4xx_it.o
 .debug_macro   0x0000000000021c19      0x1e9 ./Core/Src/system_stm32f4xx.o
 .debug_macro   0x0000000000021e02      0x249 ./Drivers/STM32F4xx_HAL_Driver/Src/stm32f4xx_hal.o
 .debug_macro   0x000000000002204b      0x1e9 ./Drivers/STM32F4xx_HAL_Driver/Src/stm32f4xx_hal_cortex.o
 .debug_macro   0x0000000000022234      0x1ef ./Drivers/STM32F4xx_HAL_Driver/Src/stm32f4xx_hal_dma.o
 .debug_macro   0x0000000000022423      0x1ef ./Drivers/STM32F4xx_HAL_Driver/Src/stm32f4xx_hal_gpio.o
 .debug_macro   0x0000000000022612      0x20d ./Drivers/STM32F4xx_HAL_Driver/Src/stm32f4xx_hal_rcc.o
 .debug_macro   0x000000000002281f      0x1f8 ./Drivers/STM32F4xx_HAL_Driver/Src/stm32f4xx_hal_spi.o
 .debug_macro   0x0000000000022a17      0x1e9 ./Drivers/STM32F4xx_HAL_Driver/Src/stm32f4xx_hal_sram.o
 .debug_macro   0x0000000000022c00      0x1ea ./Drivers/STM32F4xx_HAL_Driver/Src/stm32f4xx_hal_tim.o
 .debug_macro   0x0000000000022dea      0x1e9 ./Drivers/STM32F4xx_HAL_Driver/Src/stm32f4xx_hal_tim_ex.o
 .debug_macro   0x0000000000022fd3      0x224 ./Drivers/STM32F4xx_HAL_Driver/Src/stm32f4xx_ll_fsmc.o

.debug_line     0x0000000000000000    0x13d7f
 .debug_line    0x0000000000000000      0xa36 ./Core/Src/button.o
 .debug_line    0x0000000000000a36      0xaa5 ./Core/Src/fsm_automatic.o
 .debug_line    0x00000000000014db      0xa98 ./Core/Src/fsm_setting.o
 .debug_line    0x0000000000001f73      0x98c ./Core/Src/global.o
 .debug_line    0x00000000000028ff     0x111e ./Core/Src/lcd.o
 .debug_line    0x0000000000003a1d      0xa94 ./Core/Src/led_7seg.o
 .debug_line    0x00000000000044b1      0xbbc ./Core/Src/main.o
 .debug_line    0x000000000000506d      0xa6e ./Core/Src/software_timer.o
 .debug_line    0x0000000000005adb      0x8b1 ./Core/Src/stm32f4xx_hal_msp.o
 .debug_line    0x000000000000638c      0x86f ./Core/Src/stm32f4xx_it.o
 .debug_line    0x0000000000006bfb      0x7fe ./Core/Src/system_stm32f4xx.o
 .debug_line    0x00000000000073f9       0x7a ./Core/Startup/startup_stm32f407zgtx.o
 .debug_line    0x0000000000007473      0xa64 ./Drivers/STM32F4xx_HAL_Driver/Src/stm32f4xx_hal.o
 .debug_line    0x0000000000007ed7      0xd5e ./Drivers/STM32F4xx_HAL_Driver/Src/stm32f4xx_hal_cortex.o
 .debug_line    0x0000000000008c35      0xfc8 ./Drivers/STM32F4xx_HAL_Driver/Src/stm32f4xx_hal_dma.o
 .debug_line    0x0000000000009bfd      0xbd8 ./Drivers/STM32F4xx_HAL_Driver/Src/stm32f4xx_hal_gpio.o
 .debug_line    0x000000000000a7d5      0xdf5 ./Drivers/STM32F4xx_HAL_Driver/Src/stm32f4xx_hal_rcc.o
 .debug_line    0x000000000000b5ca     0x1d5e ./Drivers/STM32F4xx_HAL_Driver/Src/stm32f4xx_hal_spi.o
 .debug_line    0x000000000000d328      0xd7f ./Drivers/STM32F4xx_HAL_Driver/Src/stm32f4xx_hal_sram.o
 .debug_line    0x000000000000e0a7     0x37f0 ./Drivers/STM32F4xx_HAL_Driver/Src/stm32f4xx_hal_tim.o
 .debug_line    0x0000000000011897     0x1a60 ./Drivers/STM32F4xx_HAL_Driver/Src/stm32f4xx_hal_tim_ex.o
 .debug_line    0x00000000000132f7      0xa88 ./Drivers/STM32F4xx_HAL_Driver/Src/stm32f4xx_ll_fsmc.o

.debug_str      0x0000000000000000    0xce74a
 .debug_str     0x0000000000000000    0xca2a4 ./Core/Src/button.o
                                      0xca5c6 (size before relaxing)
 .debug_str     0x00000000000ca2a4       0xc4 ./Core/Src/fsm_automatic.o
                                      0xca13b (size before relaxing)
 .debug_str     0x00000000000ca368       0x49 ./Core/Src/fsm_setting.o
                                      0xca110 (size before relaxing)
 .debug_str     0x00000000000ca3b1       0x15 ./Core/Src/global.o
                                      0xca0a6 (size before relaxing)
 .debug_str     0x00000000000ca3c6      0x2bd ./Core/Src/lcd.o
                                      0xca401 (size before relaxing)
 .debug_str     0x00000000000ca683       0x99 ./Core/Src/led_7seg.o
                                      0xca5f6 (size before relaxing)
 .debug_str     0x00000000000ca71c      0x872 ./Core/Src/main.o
                                      0xcaf11 (size before relaxing)
 .debug_str     0x00000000000caf8e       0xa1 ./Core/Src/software_timer.o
                                      0xca6ba (size before relaxing)
 .debug_str     0x00000000000cb02f      0x622 ./Core/Src/stm32f4xx_hal_msp.o
                                      0xc74a4 (size before relaxing)
 .debug_str     0x00000000000cb651      0x10f ./Core/Src/stm32f4xx_it.o
                                      0xc6c4b (size before relaxing)
 .debug_str     0x00000000000cb760       0xdb ./Core/Src/system_stm32f4xx.o
                                      0xc648e (size before relaxing)
 .debug_str     0x00000000000cb83b       0x34 ./Core/Startup/startup_stm32f407zgtx.o
                                         0x69 (size before relaxing)
 .debug_str     0x00000000000cb86f      0x603 ./Drivers/STM32F4xx_HAL_Driver/Src/stm32f4xx_hal.o
                                      0xc7012 (size before relaxing)
 .debug_str     0x00000000000cbe72      0x36b ./Drivers/STM32F4xx_HAL_Driver/Src/stm32f4xx_hal_cortex.o
                                      0xc6d8e (size before relaxing)
 .debug_str     0x00000000000cc1dd      0x315 ./Drivers/STM32F4xx_HAL_Driver/Src/stm32f4xx_hal_dma.o
                                      0xc68a8 (size before relaxing)
 .debug_str     0x00000000000cc4f2      0x11c ./Drivers/STM32F4xx_HAL_Driver/Src/stm32f4xx_hal_gpio.o
                                      0xc6609 (size before relaxing)
 .debug_str     0x00000000000cc60e      0x233 ./Drivers/STM32F4xx_HAL_Driver/Src/stm32f4xx_hal_rcc.o
                                      0xc68c2 (size before relaxing)
 .debug_str     0x00000000000cc841      0x533 ./Drivers/STM32F4xx_HAL_Driver/Src/stm32f4xx_hal_spi.o
                                      0xc6d4c (size before relaxing)
 .debug_str     0x00000000000ccd74      0x1ea ./Drivers/STM32F4xx_HAL_Driver/Src/stm32f4xx_hal_sram.o
                                      0xc6a8c (size before relaxing)
 .debug_str     0x00000000000ccf5e      0xd9d ./Drivers/STM32F4xx_HAL_Driver/Src/stm32f4xx_hal_tim.o
                                      0xc7818 (size before relaxing)
 .debug_str     0x00000000000cdcfb      0x493 ./Drivers/STM32F4xx_HAL_Driver/Src/stm32f4xx_hal_tim_ex.o
                                      0xc7024 (size before relaxing)
 .debug_str     0x00000000000ce18e      0x5bc ./Drivers/STM32F4xx_HAL_Driver/Src/stm32f4xx_ll_fsmc.o
                                      0xc6cf9 (size before relaxing)

.debug_frame    0x0000000000000000     0x3f6c
 .debug_frame   0x0000000000000000       0x78 ./Core/Src/button.o
 .debug_frame   0x0000000000000078       0x2c ./Core/Src/fsm_automatic.o
 .debug_frame   0x00000000000000a4       0x2c ./Core/Src/fsm_setting.o
 .debug_frame   0x00000000000000d0      0x424 ./Core/Src/lcd.o
 .debug_frame   0x00000000000004f4       0xe8 ./Core/Src/led_7seg.o
 .debug_frame   0x00000000000005dc      0x10c ./Core/Src/main.o
 .debug_frame   0x00000000000006e8       0xe0 ./Core/Src/software_timer.o
 .debug_frame   0x00000000000007c8      0x150 ./Core/Src/stm32f4xx_hal_msp.o
 .debug_frame   0x0000000000000918      0x13c ./Core/Src/stm32f4xx_it.o
 .debug_frame   0x0000000000000a54       0x58 ./Core/Src/system_stm32f4xx.o
 .debug_frame   0x0000000000000aac      0x374 ./Drivers/STM32F4xx_HAL_Driver/Src/stm32f4xx_hal.o
 .debug_frame   0x0000000000000e20      0x508 ./Drivers/STM32F4xx_HAL_Driver/Src/stm32f4xx_hal_cortex.o
 .debug_frame   0x0000000000001328      0x250 ./Drivers/STM32F4xx_HAL_Driver/Src/stm32f4xx_hal_dma.o
 .debug_frame   0x0000000000001578      0x14c ./Drivers/STM32F4xx_HAL_Driver/Src/stm32f4xx_hal_gpio.o
 .debug_frame   0x00000000000016c4      0x1f4 ./Drivers/STM32F4xx_HAL_Driver/Src/stm32f4xx_hal_rcc.o
 .debug_frame   0x00000000000018b8      0x828 ./Drivers/STM32F4xx_HAL_Driver/Src/stm32f4xx_hal_spi.o
 .debug_frame   0x00000000000020e0      0x30c ./Drivers/STM32F4xx_HAL_Driver/Src/stm32f4xx_hal_sram.o
 .debug_frame   0x00000000000023ec     0x11c0 ./Drivers/STM32F4xx_HAL_Driver/Src/stm32f4xx_hal_tim.o
 .debug_frame   0x00000000000035ac      0x638 ./Drivers/STM32F4xx_HAL_Driver/Src/stm32f4xx_hal_tim_ex.o
 .debug_frame   0x0000000000003be4      0x2dc ./Drivers/STM32F4xx_HAL_Driver/Src/stm32f4xx_ll_fsmc.o
 .debug_frame   0x0000000000003ec0       0x20 D:/ST/STM32CubeIDE_1.14.1/STM32CubeIDE/plugins/com.st.stm32cube.ide.mcu.externaltools.gnu-tools-for-stm32.11.3.rel1.win32_1.1.100.202309141235/tools/bin/../lib/gcc/arm-none-eabi/11.3.1/../../../../arm-none-eabi/lib/thumb/v7e-m+fp/hard\libc_nano.a(libc_a-memset.o)
 .debug_frame   0x0000000000003ee0       0x2c D:/ST/STM32CubeIDE_1.14.1/STM32CubeIDE/plugins/com.st.stm32cube.ide.mcu.externaltools.gnu-tools-for-stm32.11.3.rel1.win32_1.1.100.202309141235/tools/bin/../lib/gcc/arm-none-eabi/11.3.1/../../../../arm-none-eabi/lib/thumb/v7e-m+fp/hard\libc_nano.a(libc_a-init.o)
 .debug_frame   0x0000000000003f0c       0x2c D:/ST/STM32CubeIDE_1.14.1/STM32CubeIDE/plugins/com.st.stm32cube.ide.mcu.externaltools.gnu-tools-for-stm32.11.3.rel1.win32_1.1.100.202309141235/tools/bin/../lib/gcc/arm-none-eabi/11.3.1/thumb/v7e-m+fp/hard\libgcc.a(_aeabi_uldivmod.o)
 .debug_frame   0x0000000000003f38       0x34 D:/ST/STM32CubeIDE_1.14.1/STM32CubeIDE/plugins/com.st.stm32cube.ide.mcu.externaltools.gnu-tools-for-stm32.11.3.rel1.win32_1.1.100.202309141235/tools/bin/../lib/gcc/arm-none-eabi/11.3.1/thumb/v7e-m+fp/hard\libgcc.a(_udivmoddi4.o)

.debug_line_str
                0x0000000000000000       0x5d
 .debug_line_str
                0x0000000000000000       0x5d ./Core/Startup/startup_stm32f407zgtx.o
                                         0x75 (size before relaxing)
