../Core/Src/main.c:90:6:switchMode	24	static
../Core/Src/main.c:116:16:get_mode	16	static
../Core/Src/main.c:133:6:displayModeHeader	24	static
../Core/Src/main.c:138:9:isNextParameterButtonPressed	4	static
../Core/Src/main.c:143:9:isResetToSecondsButtonPressed	4	static
../Core/Src/main.c:148:9:isButtonUpPressed	4	static
../Core/Src/main.c:153:9:isButtonEnterPressed	4	static
../Core/Src/main.c:157:6:handleSettingMode	8	static
../Core/Src/main.c:197:6:incrementCurrentSetting	4	static
../Core/Src/main.c:211:6:savePendingValues	8	static
../Core/Src/main.c:237:6:displayOnlySelectedParameter	48	static
../Core/Src/main.c:285:9:isModeButtonPressed	4	static
../Core/Src/main.c:290:6:checkAlarmTrigger	4	static
../Core/Src/main.c:295:6:turnOffAlarm	16	static
../Core/Src/main.c:303:5:main	8	static
../Core/Src/main.c:364:6:SystemClock_Config	88	static
../Core/Src/main.c:405:6:system_init	8	static
../Core/Src/main.c:420:6:test_7seg	8	static
../Core/Src/main.c:426:6:test_button	16	static
../Core/Src/main.c:435:6:updateTime	8	static
../Core/Src/main.c:445:9:isButtonUp	4	static
../Core/Src/main.c:452:9:isButtonDown	4	static
../Core/Src/main.c:459:6:displayTime	24	static
../Core/Src/main.c:476:6:uart_handle	24	static
../Core/Src/main.c:558:6:Error_Handler	4	static,ignoring_inline_asm
