../Core/Src/stm32f4xx_hal_msp.c:64:6:HAL_MspInit	16	static
../Core/Src/stm32f4xx_hal_msp.c:86:6:HAL_SPI_MspInit	48	static
../Core/Src/stm32f4xx_hal_msp.c:126:6:HAL_SPI_MspDeInit	16	static
../Core/Src/stm32f4xx_hal_msp.c:158:6:HAL_TIM_Base_MspInit	24	static
../Core/Src/stm32f4xx_hal_msp.c:183:6:HAL_TIM_Base_MspDeInit	16	static
../Core/Src/stm32f4xx_hal_msp.c:204:13:HAL_FSMC_MspInit	32	static
../Core/Src/stm32f4xx_hal_msp.c:262:6:HAL_SRAM_MspInit	16	static
../Core/Src/stm32f4xx_hal_msp.c:274:13:HAL_FSMC_MspDeInit	8	static
../Core/Src/stm32f4xx_hal_msp.c:320:6:HAL_SRAM_MspDeInit	16	static
