Archive member included to satisfy reference by file (symbol)

D:/STM32CubeIDE_1.16.0/STM32CubeIDE/plugins/com.st.stm32cube.ide.mcu.externaltools.gnu-tools-for-stm32.12.3.rel1.win32_1.0.200.202406191623/tools/bin/../lib/gcc/arm-none-eabi/12.3.1/../../../../arm-none-eabi/lib/thumb/v7e-m+fp/hard\libc_nano.a(libc_a-exit.o)
                              D:/STM32CubeIDE_1.16.0/STM32CubeIDE/plugins/com.st.stm32cube.ide.mcu.externaltools.gnu-tools-for-stm32.12.3.rel1.win32_1.0.200.202406191623/tools/bin/../lib/gcc/arm-none-eabi/12.3.1/../../../../arm-none-eabi/lib/thumb/v7e-m+fp/hard/crt0.o (exit)
D:/STM32CubeIDE_1.16.0/STM32CubeIDE/plugins/com.st.stm32cube.ide.mcu.externaltools.gnu-tools-for-stm32.12.3.rel1.win32_1.0.200.202406191623/tools/bin/../lib/gcc/arm-none-eabi/12.3.1/../../../../arm-none-eabi/lib/thumb/v7e-m+fp/hard\libc_nano.a(libc_a-findfp.o)
                              D:/STM32CubeIDE_1.16.0/STM32CubeIDE/plugins/com.st.stm32cube.ide.mcu.externaltools.gnu-tools-for-stm32.12.3.rel1.win32_1.0.200.202406191623/tools/bin/../lib/gcc/arm-none-eabi/12.3.1/../../../../arm-none-eabi/lib/thumb/v7e-m+fp/hard\libc_nano.a(libc_a-exit.o) (__stdio_exit_handler)
D:/STM32CubeIDE_1.16.0/STM32CubeIDE/plugins/com.st.stm32cube.ide.mcu.externaltools.gnu-tools-for-stm32.12.3.rel1.win32_1.0.200.202406191623/tools/bin/../lib/gcc/arm-none-eabi/12.3.1/../../../../arm-none-eabi/lib/thumb/v7e-m+fp/hard\libc_nano.a(libc_a-fwalk.o)
                              D:/STM32CubeIDE_1.16.0/STM32CubeIDE/plugins/com.st.stm32cube.ide.mcu.externaltools.gnu-tools-for-stm32.12.3.rel1.win32_1.0.200.202406191623/tools/bin/../lib/gcc/arm-none-eabi/12.3.1/../../../../arm-none-eabi/lib/thumb/v7e-m+fp/hard\libc_nano.a(libc_a-findfp.o) (_fwalk_sglue)
D:/STM32CubeIDE_1.16.0/STM32CubeIDE/plugins/com.st.stm32cube.ide.mcu.externaltools.gnu-tools-for-stm32.12.3.rel1.win32_1.0.200.202406191623/tools/bin/../lib/gcc/arm-none-eabi/12.3.1/../../../../arm-none-eabi/lib/thumb/v7e-m+fp/hard\libc_nano.a(libc_a-sprintf.o)
                              ./Core/Src/uart.o (sprintf)
D:/STM32CubeIDE_1.16.0/STM32CubeIDE/plugins/com.st.stm32cube.ide.mcu.externaltools.gnu-tools-for-stm32.12.3.rel1.win32_1.0.200.202406191623/tools/bin/../lib/gcc/arm-none-eabi/12.3.1/../../../../arm-none-eabi/lib/thumb/v7e-m+fp/hard\libc_nano.a(libc_a-stdio.o)
                              D:/STM32CubeIDE_1.16.0/STM32CubeIDE/plugins/com.st.stm32cube.ide.mcu.externaltools.gnu-tools-for-stm32.12.3.rel1.win32_1.0.200.202406191623/tools/bin/../lib/gcc/arm-none-eabi/12.3.1/../../../../arm-none-eabi/lib/thumb/v7e-m+fp/hard\libc_nano.a(libc_a-findfp.o) (__sread)
D:/STM32CubeIDE_1.16.0/STM32CubeIDE/plugins/com.st.stm32cube.ide.mcu.externaltools.gnu-tools-for-stm32.12.3.rel1.win32_1.0.200.202406191623/tools/bin/../lib/gcc/arm-none-eabi/12.3.1/../../../../arm-none-eabi/lib/thumb/v7e-m+fp/hard\libc_nano.a(libc_a-memset.o)
                              D:/STM32CubeIDE_1.16.0/STM32CubeIDE/plugins/com.st.stm32cube.ide.mcu.externaltools.gnu-tools-for-stm32.12.3.rel1.win32_1.0.200.202406191623/tools/bin/../lib/gcc/arm-none-eabi/12.3.1/../../../../arm-none-eabi/lib/thumb/v7e-m+fp/hard/crt0.o (memset)
D:/STM32CubeIDE_1.16.0/STM32CubeIDE/plugins/com.st.stm32cube.ide.mcu.externaltools.gnu-tools-for-stm32.12.3.rel1.win32_1.0.200.202406191623/tools/bin/../lib/gcc/arm-none-eabi/12.3.1/../../../../arm-none-eabi/lib/thumb/v7e-m+fp/hard\libc_nano.a(libc_a-closer.o)
                              D:/STM32CubeIDE_1.16.0/STM32CubeIDE/plugins/com.st.stm32cube.ide.mcu.externaltools.gnu-tools-for-stm32.12.3.rel1.win32_1.0.200.202406191623/tools/bin/../lib/gcc/arm-none-eabi/12.3.1/../../../../arm-none-eabi/lib/thumb/v7e-m+fp/hard\libc_nano.a(libc_a-stdio.o) (_close_r)
D:/STM32CubeIDE_1.16.0/STM32CubeIDE/plugins/com.st.stm32cube.ide.mcu.externaltools.gnu-tools-for-stm32.12.3.rel1.win32_1.0.200.202406191623/tools/bin/../lib/gcc/arm-none-eabi/12.3.1/../../../../arm-none-eabi/lib/thumb/v7e-m+fp/hard\libc_nano.a(libc_a-reent.o)
                              D:/STM32CubeIDE_1.16.0/STM32CubeIDE/plugins/com.st.stm32cube.ide.mcu.externaltools.gnu-tools-for-stm32.12.3.rel1.win32_1.0.200.202406191623/tools/bin/../lib/gcc/arm-none-eabi/12.3.1/../../../../arm-none-eabi/lib/thumb/v7e-m+fp/hard\libc_nano.a(libc_a-closer.o) (errno)
D:/STM32CubeIDE_1.16.0/STM32CubeIDE/plugins/com.st.stm32cube.ide.mcu.externaltools.gnu-tools-for-stm32.12.3.rel1.win32_1.0.200.202406191623/tools/bin/../lib/gcc/arm-none-eabi/12.3.1/../../../../arm-none-eabi/lib/thumb/v7e-m+fp/hard\libc_nano.a(libc_a-impure.o)
                              D:/STM32CubeIDE_1.16.0/STM32CubeIDE/plugins/com.st.stm32cube.ide.mcu.externaltools.gnu-tools-for-stm32.12.3.rel1.win32_1.0.200.202406191623/tools/bin/../lib/gcc/arm-none-eabi/12.3.1/../../../../arm-none-eabi/lib/thumb/v7e-m+fp/hard\libc_nano.a(libc_a-sprintf.o) (_impure_ptr)
[...]
Memory Configuration

Name             Origin             Length             Attributes
CCMRAM           0x10000000         0x00010000         xrw
RAM              0x20000000         0x00020000         xrw
FLASH            0x08000000         0x00100000         xr
*default*        0x00000000         0xffffffff

Linker script and memory map

LOAD D:/STM32CubeIDE_1.16.0/STM32CubeIDE/plugins/com.st.stm32cube.ide.mcu.externaltools.gnu-tools-for-stm32.12.3.rel1.win32_1.0.200.202406191623/tools/bin/../lib/gcc/arm-none-eabi/12.3.1/thumb/v7e-m+fp/hard/crti.o
LOAD D:/STM32CubeIDE_1.16.0/STM32CubeIDE/plugins/com.st.stm32cube.ide.mcu.externaltools.gnu-tools-for-stm32.12.3.rel1.win32_1.0.200.202406191623/tools/bin/../lib/gcc/arm-none-eabi/12.3.1/thumb/v7e-m+fp/hard/crtbegin.o
LOAD D:/STM32CubeIDE_1.16.0/STM32CubeIDE/plugins/com.st.stm32cube.ide.mcu.externaltools.gnu-tools-for-stm32.12.3.rel1.win32_1.0.200.202406191623/tools/bin/../lib/gcc/arm-none-eabi/12.3.1/../../../../arm-none-eabi/lib/thumb/v7e-m+fp/hard/crt0.o
LOAD ./Core/Src/button.o
LOAD ./Core/Src/ds3231.o
LOAD ./Core/Src/fsmc.o
LOAD ./Core/Src/gpio.o
LOAD ./Core/Src/i2c.o
LOAD ./Core/Src/lcd.o
LOAD ./Core/Src/led_7seg.o
LOAD ./Core/Src/main.o
LOAD ./Core/Src/picture.o
LOAD ./Core/Src/software_timer.o
LOAD ./Core/Src/spi.o
LOAD ./Core/Src/stm32f4xx_hal_msp.o
LOAD ./Core/Src/stm32f4xx_it.o
LOAD ./Core/Src/syscalls.o
LOAD ./Core/Src/sysmem.o
LOAD ./Core/Src/system_stm32f4xx.o
LOAD ./Core/Src/tim.o
LOAD ./Core/Src/uart.o
LOAD ./Core/Src/usart.o
LOAD ./Core/Src/utils.o
LOAD ./Core/Startup/startup_stm32f407zetx.o
LOAD ./Drivers/STM32F4xx_HAL_Driver/Src/stm32f4xx_hal.o
LOAD ./Drivers/STM32F4xx_HAL_Driver/Src/stm32f4xx_hal_cortex.o
LOAD ./Drivers/STM32F4xx_HAL_Driver/Src/stm32f4xx_hal_dma.o
LOAD ./Drivers/STM32F4xx_HAL_Driver/Src/stm32f4xx_hal_dma_ex.o
LOAD ./Drivers/STM32F4xx_HAL_Driver/Src/stm32f4xx_hal_exti.o
LOAD ./Drivers/STM32F4xx_HAL_Driver/Src/stm32f4xx_hal_flash.o
LOAD ./Drivers/STM32F4xx_HAL_Driver/Src/stm32f4xx_hal_flash_ex.o
LOAD ./Drivers/STM32F4xx_HAL_Driver/Src/stm32f4xx_hal_flash_ramfunc.o
LOAD ./Drivers/STM32F4xx_HAL_Driver/Src/stm32f4xx_hal_gpio.o
LOAD ./Drivers/STM32F4xx_HAL_Driver/Src/stm32f4xx_hal_i2c.o
LOAD ./Drivers/STM32F4xx_HAL_Driver/Src/stm32f4xx_hal_i2c_ex.o
LOAD ./Drivers/STM32F4xx_HAL_Driver/Src/stm32f4xx_hal_pwr.o
LOAD ./Drivers/STM32F4xx_HAL_Driver/Src/stm32f4xx_hal_pwr_ex.o
LOAD ./Drivers/STM32F4xx_HAL_Driver/Src/stm32f4xx_hal_rcc.o
LOAD ./Drivers/STM32F4xx_HAL_Driver/Src/stm32f4xx_hal_rcc_ex.o
LOAD ./Drivers/STM32F4xx_HAL_Driver/Src/stm32f4xx_hal_spi.o
LOAD ./Drivers/STM32F4xx_HAL_Driver/Src/stm32f4xx_hal_sram.o
LOAD ./Drivers/STM32F4xx_HAL_Driver/Src/stm32f4xx_hal_tim.o
LOAD ./Drivers/STM32F4xx_HAL_Driver/Src/stm32f4xx_hal_tim_ex.o
LOAD ./Drivers/STM32F4xx_HAL_Driver/Src/stm32f4xx_hal_uart.o
LOAD ./Drivers/STM32F4xx_HAL_Driver/Src/stm32f4xx_ll_fsmc.o
START GROUP
LOAD D:/STM32CubeIDE_1.16.0/STM32CubeIDE/plugins/com.st.stm32cube.ide.mcu.externaltools.gnu-tools-for-stm32.12.3.rel1.win32_1.0.200.202406191623/tools/bin/../lib/gcc/arm-none-eabi/12.3.1/../../../../arm-none-eabi/lib/thumb/v7e-m+fp/hard\libc_nano.a
LOAD D:/STM32CubeIDE_1.16.0/STM32CubeIDE/plugins/com.st.stm32cube.ide.mcu.externaltools.gnu-tools-for-stm32.12.3.rel1.win32_1.0.200.202406191623/tools/bin/../lib/gcc/arm-none-eabi/12.3.1/../../../../arm-none-eabi/lib/thumb/v7e-m+fp/hard\libm.a
END GROUP
START GROUP
LOAD D:/STM32CubeIDE_1.16.0/STM32CubeIDE/plugins/com.st.stm32cube.ide.mcu.externaltools.gnu-tools-for-stm32.12.3.rel1.win32_1.0.200.202406191623/tools/bin/../lib/gcc/arm-none-eabi/12.3.1/thumb/v7e-m+fp/hard\libgcc.a
LOAD D:/STM32CubeIDE_1.16.0/STM32CubeIDE/plugins/com.st.stm32cube.ide.mcu.externaltools.gnu-tools-for-stm32.12.3.rel1.win32_1.0.200.202406191623/tools/bin/../lib/gcc/arm-none-eabi/12.3.1/../../../../arm-none-eabi/lib/thumb/v7e-m+fp/hard\libc_nano.a
END GROUP
START GROUP
LOAD D:/STM32CubeIDE_1.16.0/STM32CubeIDE/plugins/com.st.stm32cube.ide.mcu.externaltools.gnu-tools-for-stm32.12.3.rel1.win32_1.0.200.202406191623/tools/bin/../lib/gcc/arm-none-eabi/12.3.1/thumb/v7e-m+fp/hard\libgcc.a
LOAD D:/STM32CubeIDE_1.16.0/STM32CubeIDE/plugins/com.st.stm32cube.ide.mcu.externaltools.gnu-tools-for-stm32.12.3.rel1.win32_1.0.200.202406191623/tools/bin/../lib/gcc/arm-none-eabi/12.3.1/../../../../arm-none-eabi/lib/thumb/v7e-m+fp/hard\libc_nano.a
LOAD D:/STM32CubeIDE_1.16.0/STM32CubeIDE/plugins/com.st.stm32cube.ide.mcu.externaltools.gnu-tools-for-stm32.12.3.rel1.win32_1.0.200.202406191623/tools/bin/../lib/gcc/arm-none-eabi/12.3.1/../../../../arm-none-eabi/lib/thumb/v7e-m+fp/hard\libnosys.a
END GROUP
START GROUP
LOAD D:/STM32CubeIDE_1.16.0/STM32CubeIDE/plugins/com.st.stm32cube.ide.mcu.externaltools.gnu-tools-for-stm32.12.3.rel1.win32_1.0.200.202406191623/tools/bin/../lib/gcc/arm-none-eabi/12.3.1/thumb/v7e-m+fp/hard\libgcc.a
LOAD D:/STM32CubeIDE_1.16.0/STM32CubeIDE/plugins/com.st.stm32cube.ide.mcu.externaltools.gnu-tools-for-stm32.12.3.rel1.win32_1.0.200.202406191623/tools/bin/../lib/gcc/arm-none-eabi/12.3.1/../../../../arm-none-eabi/lib/thumb/v7e-m+fp/hard\libc_nano.a
LOAD D:/STM32CubeIDE_1.16.0/STM32CubeIDE/plugins/com.st.stm32cube.ide.mcu.externaltools.gnu-tools-for-stm32.12.3.rel1.win32_1.0.200.202406191623/tools/bin/../lib/gcc/arm-none-eabi/12.3.1/../../../../arm-none-eabi/lib/thumb/v7e-m+fp/hard\libnosys.a
END GROUP
LOAD D:/STM32CubeIDE_1.16.0/STM32CubeIDE/plugins/com.st.stm32cube.ide.mcu.externaltools.gnu-tools-for-stm32.12.3.rel1.win32_1.0.200.202406191623/tools/bin/../lib/gcc/arm-none-eabi/12.3.1/thumb/v7e-m+fp/hard/crtend.o
LOAD D:/STM32CubeIDE_1.16.0/STM32CubeIDE/plugins/com.st.stm32cube.ide.mcu.externaltools.gnu-tools-for-stm32.12.3.rel1.win32_1.0.200.202406191623/tools/bin/../lib/gcc/arm-none-eabi/12.3.1/thumb/v7e-m+fp/hard/crtn.o
                0x20020000                        _estack = (ORIGIN (RAM) + LENGTH (RAM))
                0x00000200                        _Min_Heap_Size = 0x200
                0x00000400                        _Min_Stack_Size = 0x400

.isr_vector     0x08000000      0x188
                0x08000000                        . = ALIGN (0x4)
 *(.isr_vector)
 .isr_vector    0x08000000      0x188 ./Core/Startup/startup_stm32f407zetx.o
                0x08000000                g_pfnVectors
                0x08000188                        . = ALIGN (0x4)

.text           0x08000190     0x7d18
                0x08000190                        . = ALIGN (0x4)
 *(.text)
 .text          0x08000190       0x40 D:/STM32CubeIDE_1.16.0/STM32CubeIDE/plugins/com.st.stm32cube.ide.mcu.externaltools.gnu-tools-for-stm32.12.3.rel1.win32_1.0.200.202406191623/tools/bin/../lib/gcc/arm-none-eabi/12.3.1/thumb/v7e-m+fp/hard/crtbegin.o
 .text          0x080001d0       0xa0 D:/STM32CubeIDE_1.16.0/STM32CubeIDE/plugins/com.st.stm32cube.ide.mcu.externaltools.gnu-tools-for-stm32.12.3.rel1.win32_1.0.200.202406191623/tools/bin/../lib/gcc/arm-none-eabi/12.3.1/../../../../arm-none-eabi/lib/thumb/v7e-m+fp/hard\libc_nano.a(libc_a-memchr.o)
                0x080001d0                memchr
 .text          0x08000270       0x30 D:/STM32CubeIDE_1.16.0/STM32CubeIDE/plugins/com.st.stm32cube.ide.mcu.externaltools.gnu-tools-for-stm32.12.3.rel1.win32_1.0.200.202406191623/tools/bin/../lib/gcc/arm-none-eabi/12.3.1/thumb/v7e-m+fp/hard\libgcc.a(_aeabi_uldivmod.o)
                0x08000270                __aeabi_uldivmod
 .text          0x080002a0      0x2bc D:/STM32CubeIDE_1.16.0/STM32CubeIDE/plugins/com.st.stm32cube.ide.mcu.externaltools.gnu-tools-for-stm32.12.3.rel1.win32_1.0.200.202406191623/tools/bin/../lib/gcc/arm-none-eabi/12.3.1/thumb/v7e-m+fp/hard\libgcc.a(_udivmoddi4.o)
                0x080002a0                __udivmoddi4
 .text          0x0800055c        0x4 D:/STM32CubeIDE_1.16.0/STM32CubeIDE/plugins/com.st.stm32cube.ide.mcu.externaltools.gnu-tools-for-stm32.12.3.rel1.win32_1.0.200.202406191623/tools/bin/../lib/gcc/arm-none-eabi/12.3.1/thumb/v7e-m+fp/hard\libgcc.a(_dvmd_tls.o)
                0x0800055c                __aeabi_idiv0
                0x0800055c                __aeabi_ldiv0
 *(.text*)
 .text.button_init
                0x08000560       0x18 ./Core/Src/button.o
                0x08000560                button_init
 .text.button_Scan
                0x08000578       0xd8 ./Core/Src/button.o
                0x08000578                button_Scan
 .text.ds3231_init
                0x08000650       0x88 ./Core/Src/ds3231.o
                0x08000650                ds3231_init
 .text.ds3231_Write
                0x080006d8       0x44 ./Core/Src/ds3231.o
                0x080006d8                ds3231_Write
 .text.ds3231_ReadTime
                0x0800071c       0xc8 ./Core/Src/ds3231.o
                0x0800071c                ds3231_ReadTime
 .text.MX_FSMC_Init
                0x080007e4       0xf4 ./Core/Src/fsmc.o
                0x080007e4                MX_FSMC_Init
 .text.HAL_FSMC_MspInit
                0x080008d8       0x98 ./Core/Src/fsmc.o
 .text.HAL_SRAM_MspInit
                0x08000970       0x14 ./Core/Src/fsmc.o
                0x08000970                HAL_SRAM_MspInit
 .text.MX_GPIO_Init
                0x08000984      0x1f0 ./Core/Src/gpio.o
                0x08000984                MX_GPIO_Init
 .text.MX_I2C1_Init
                0x08000b74       0x5c ./Core/Src/i2c.o
                0x08000b74                MX_I2C1_Init
 .text.HAL_I2C_MspInit
                0x08000bd0       0x90 ./Core/Src/i2c.o
                0x08000bd0                HAL_I2C_MspInit
 .text.LCD_WR_REG
                0x08000c60       0x20 ./Core/Src/lcd.o
                0x08000c60                LCD_WR_REG
 .text.LCD_WR_DATA
                0x08000c80       0x20 ./Core/Src/lcd.o
                0x08000c80                LCD_WR_DATA
 .text.LCD_RD_DATA
                0x08000ca0       0x24 ./Core/Src/lcd.o
                0x08000ca0                LCD_RD_DATA
 .text.lcd_AddressSet
                0x08000cc4       0x98 ./Core/Src/lcd.o
                0x08000cc4                lcd_AddressSet
 .text.lcd_Clear
                0x08000d5c       0x74 ./Core/Src/lcd.o
                0x08000d5c                lcd_Clear
 .text.lcd_Fill
                0x08000dd0       0x6c ./Core/Src/lcd.o
                0x08000dd0                lcd_Fill
 .text.lcd_DrawPoint
                0x08000e3c       0x2e ./Core/Src/lcd.o
                0x08000e3c                lcd_DrawPoint
 *fill*         0x08000e6a        0x2 
 .text.lcd_ShowChar
                0x08000e6c      0x1a0 ./Core/Src/lcd.o
                0x08000e6c                lcd_ShowChar
 .text.mypow    0x0800100c       0x38 ./Core/Src/lcd.o
                0x0800100c                mypow
 .text.lcd_ShowIntNum
                0x08001044       0xfc ./Core/Src/lcd.o
                0x08001044                lcd_ShowIntNum
 .text.lcd_SetDir
                0x08001140       0x48 ./Core/Src/lcd.o
                0x08001140                lcd_SetDir
 .text.lcd_init
                0x08001188      0x2c0 ./Core/Src/lcd.o
                0x08001188                lcd_init
 .text.lcd_ShowStr
                0x08001448       0xc8 ./Core/Src/lcd.o
                0x08001448                lcd_ShowStr
 .text.led7_init
                0x08001510       0x18 ./Core/Src/led_7seg.o
                0x08001510                led7_init
 .text.led7_Scan
                0x08001528      0x118 ./Core/Src/led_7seg.o
                0x08001528                led7_Scan
 .text.switchMode
                0x08001640       0xec ./Core/Src/main.o
                0x08001640                switchMode
 .text.get_mode
                0x0800172c       0x30 ./Core/Src/main.o
                0x0800172c                get_mode
 .text.displayModeHeader
                0x0800175c       0x34 ./Core/Src/main.o
                0x0800175c                displayModeHeader
 .text.isNextParameterButtonPressed
                0x08001790       0x20 ./Core/Src/main.o
                0x08001790                isNextParameterButtonPressed
 .text.isResetToSecondsButtonPressed
                0x080017b0       0x20 ./Core/Src/main.o
                0x080017b0                isResetToSecondsButtonPressed
 .text.isButtonUpPressed
                0x080017d0       0x2c ./Core/Src/main.o
                0x080017d0                isButtonUpPressed
 .text.isButtonEnterPressed
                0x080017fc       0x20 ./Core/Src/main.o
                0x080017fc                isButtonEnterPressed
 .text.handleSettingMode
                0x0800181c       0xec ./Core/Src/main.o
                0x0800181c                handleSettingMode
 .text.incrementCurrentSetting
                0x08001908      0x1b4 ./Core/Src/main.o
                0x08001908                incrementCurrentSetting
 .text.savePendingValues
                0x08001abc       0xb0 ./Core/Src/main.o
                0x08001abc                savePendingValues
 .text.displayOnlySelectedParameter
                0x08001b6c      0x1cc ./Core/Src/main.o
                0x08001b6c                displayOnlySelectedParameter
 .text.isModeButtonPressed
                0x08001d38       0x20 ./Core/Src/main.o
                0x08001d38                isModeButtonPressed
 .text.checkAlarmTrigger
                0x08001d58       0x54 ./Core/Src/main.o
                0x08001d58                checkAlarmTrigger
 .text.turnOffAlarm
                0x08001dac       0x3c ./Core/Src/main.o
                0x08001dac                turnOffAlarm
 .text.main     0x08001de8       0xa4 ./Core/Src/main.o
                0x08001de8                main
 .text.SystemClock_Config
                0x08001e8c       0xd4 ./Core/Src/main.o
                0x08001e8c                SystemClock_Config
 .text.system_init
                0x08001f60       0x48 ./Core/Src/main.o
                0x08001f60                system_init
 .text.updateTime
                0x08001fa8       0x40 ./Core/Src/main.o
                0x08001fa8                updateTime
 .text.displayTime
                0x08001fe8      0x128 ./Core/Src/main.o
                0x08001fe8                displayTime
 .text.uart_handle
                0x08002110      0x254 ./Core/Src/main.o
                0x08002110                uart_handle
 .text.Error_Handler
                0x08002364        0xc ./Core/Src/main.o
                0x08002364                Error_Handler
 .text.timer_init
                0x08002370       0x14 ./Core/Src/software_timer.o
                0x08002370                timer_init
 .text.setTimer2
                0x08002384       0x38 ./Core/Src/software_timer.o
                0x08002384                setTimer2
 .text.setTimer3
                0x080023bc       0x38 ./Core/Src/software_timer.o
                0x080023bc                setTimer3
 .text.HAL_TIM_PeriodElapsedCallback
                0x080023f4       0x8c ./Core/Src/software_timer.o
                0x080023f4                HAL_TIM_PeriodElapsedCallback
 .text.MX_SPI1_Init
                0x08002480       0x6c ./Core/Src/spi.o
                0x08002480                MX_SPI1_Init
 .text.HAL_SPI_MspInit
                0x080024ec       0x90 ./Core/Src/spi.o
                0x080024ec                HAL_SPI_MspInit
 .text.HAL_MspInit
                0x0800257c       0x50 ./Core/Src/stm32f4xx_hal_msp.o
                0x0800257c                HAL_MspInit
 .text.NMI_Handler
                0x080025cc        0x8 ./Core/Src/stm32f4xx_it.o
                0x080025cc                NMI_Handler
 .text.HardFault_Handler
                0x080025d4        0x8 ./Core/Src/stm32f4xx_it.o
                0x080025d4                HardFault_Handler
 .text.MemManage_Handler
                0x080025dc        0x8 ./Core/Src/stm32f4xx_it.o
                0x080025dc                MemManage_Handler
 .text.BusFault_Handler
                0x080025e4        0x8 ./Core/Src/stm32f4xx_it.o
                0x080025e4                BusFault_Handler
 .text.UsageFault_Handler
                0x080025ec        0x8 ./Core/Src/stm32f4xx_it.o
                0x080025ec                UsageFault_Handler
 .text.SVC_Handler
                0x080025f4        0xe ./Core/Src/stm32f4xx_it.o
                0x080025f4                SVC_Handler
 .text.DebugMon_Handler
                0x08002602        0xe ./Core/Src/stm32f4xx_it.o
                0x08002602                DebugMon_Handler
 .text.PendSV_Handler
                0x08002610        0xe ./Core/Src/stm32f4xx_it.o
                0x08002610                PendSV_Handler
 .text.SysTick_Handler
                0x0800261e        0xc ./Core/Src/stm32f4xx_it.o
                0x0800261e                SysTick_Handler
 *fill*         0x0800262a        0x2 
 .text.TIM2_IRQHandler
                0x0800262c       0x14 ./Core/Src/stm32f4xx_it.o
                0x0800262c                TIM2_IRQHandler
 .text.USART1_IRQHandler
                0x08002640       0x14 ./Core/Src/stm32f4xx_it.o
                0x08002640                USART1_IRQHandler
 .text._sbrk    0x08002654       0x6c ./Core/Src/sysmem.o
                0x08002654                _sbrk
 .text.SystemInit
                0x080026c0       0x24 ./Core/Src/system_stm32f4xx.o
                0x080026c0                SystemInit
 .text.MX_TIM2_Init
                0x080026e4       0x98 ./Core/Src/tim.o
                0x080026e4                MX_TIM2_Init
 .text.HAL_TIM_Base_MspInit
                0x0800277c       0x4c ./Core/Src/tim.o
                0x0800277c                HAL_TIM_Base_MspInit
 .text.uart_init_rs232
                0x080027c8       0x1c ./Core/Src/uart.o
                0x080027c8                uart_init_rs232
 .text.uart_Rs232SendString
                0x080027e4       0x34 ./Core/Src/uart.o
                0x080027e4                uart_Rs232SendString
 .text.uart_Rs232SendNum
                0x08002818       0xac ./Core/Src/uart.o
                0x08002818                uart_Rs232SendNum
 .text.HAL_UART_RxCpltCallback
                0x080028c4       0x78 ./Core/Src/uart.o
                0x080028c4                HAL_UART_RxCpltCallback
 .text.MX_USART1_UART_Init
                0x0800293c       0x54 ./Core/Src/usart.o
                0x0800293c                MX_USART1_UART_Init
 .text.HAL_UART_MspInit
                0x08002990       0xa0 ./Core/Src/usart.o
                0x08002990                HAL_UART_MspInit
 .text.BCD2DEC  0x08002a30       0x32 ./Core/Src/utils.o
                0x08002a30                BCD2DEC
 *fill*         0x08002a62        0x2 
 .text.DEC2BCD  0x08002a64       0x48 ./Core/Src/utils.o
                0x08002a64                DEC2BCD
 .text.Reset_Handler
                0x08002aac       0x50 ./Core/Startup/startup_stm32f407zetx.o
                0x08002aac                Reset_Handler
 .text.Default_Handler
                0x08002afc        0x2 ./Core/Startup/startup_stm32f407zetx.o
                0x08002afc                RTC_Alarm_IRQHandler
                0x08002afc                HASH_RNG_IRQHandler
                0x08002afc                EXTI2_IRQHandler
                0x08002afc                TIM8_CC_IRQHandler
                0x08002afc                TIM1_CC_IRQHandler
                0x08002afc                DMA2_Stream5_IRQHandler
                0x08002afc                DMA1_Stream5_IRQHandler
                0x08002afc                PVD_IRQHandler
                0x08002afc                SDIO_IRQHandler
                0x08002afc                TAMP_STAMP_IRQHandler
                0x08002afc                CAN2_RX1_IRQHandler
                0x08002afc                EXTI3_IRQHandler
                0x08002afc                TIM8_TRG_COM_TIM14_IRQHandler
                0x08002afc                TIM1_UP_TIM10_IRQHandler
                0x08002afc                TIM8_UP_TIM13_IRQHandler
                0x08002afc                I2C3_ER_IRQHandler
                0x08002afc                EXTI0_IRQHandler
                0x08002afc                I2C2_EV_IRQHandler
                0x08002afc                DMA1_Stream2_IRQHandler
                0x08002afc                CAN1_RX0_IRQHandler
                0x08002afc                FPU_IRQHandler
                0x08002afc                OTG_HS_WKUP_IRQHandler
                0x08002afc                CAN2_SCE_IRQHandler
                0x08002afc                DMA2_Stream2_IRQHandler
                0x08002afc                SPI1_IRQHandler
                0x08002afc                TIM6_DAC_IRQHandler
                0x08002afc                TIM1_BRK_TIM9_IRQHandler
                0x08002afc                DCMI_IRQHandler
                0x08002afc                CAN2_RX0_IRQHandler
                0x08002afc                DMA2_Stream3_IRQHandler
                0x08002afc                USART6_IRQHandler
                0x08002afc                USART3_IRQHandler
                0x08002afc                CAN1_RX1_IRQHandler
                0x08002afc                UART5_IRQHandler
                0x08002afc                DMA2_Stream0_IRQHandler
                0x08002afc                TIM4_IRQHandler
                0x08002afc                I2C1_EV_IRQHandler
                0x08002afc                DMA1_Stream6_IRQHandler
                0x08002afc                DMA1_Stream1_IRQHandler
                0x08002afc                UART4_IRQHandler
                0x08002afc                TIM3_IRQHandler
                0x08002afc                RCC_IRQHandler
                0x08002afc                TIM8_BRK_TIM12_IRQHandler
                0x08002afc                Default_Handler
                0x08002afc                EXTI15_10_IRQHandler
                0x08002afc                ADC_IRQHandler
                0x08002afc                DMA1_Stream7_IRQHandler
                0x08002afc                TIM7_IRQHandler
                0x08002afc                CAN2_TX_IRQHandler
                0x08002afc                TIM5_IRQHandler
                0x08002afc                DMA2_Stream7_IRQHandler
                0x08002afc                I2C3_EV_IRQHandler
                0x08002afc                EXTI9_5_IRQHandler
                0x08002afc                RTC_WKUP_IRQHandler
                0x08002afc                ETH_WKUP_IRQHandler
                0x08002afc                SPI2_IRQHandler
                0x08002afc                OTG_HS_EP1_IN_IRQHandler
                0x08002afc                DMA1_Stream0_IRQHandler
                0x08002afc                CAN1_TX_IRQHandler
                0x08002afc                EXTI4_IRQHandler
                0x08002afc                FSMC_IRQHandler
                0x08002afc                ETH_IRQHandler
                0x08002afc                OTG_HS_EP1_OUT_IRQHandler
                0x08002afc                WWDG_IRQHandler
                0x08002afc                OTG_FS_WKUP_IRQHandler
                0x08002afc                TIM1_TRG_COM_TIM11_IRQHandler
                0x08002afc                OTG_HS_IRQHandler
                0x08002afc                EXTI1_IRQHandler
                0x08002afc                USART2_IRQHandler
                0x08002afc                I2C2_ER_IRQHandler
                0x08002afc                DMA2_Stream1_IRQHandler
                0x08002afc                CAN1_SCE_IRQHandler
                0x08002afc                FLASH_IRQHandler
                0x08002afc                DMA2_Stream4_IRQHandler
                0x08002afc                OTG_FS_IRQHandler
                0x08002afc                SPI3_IRQHandler
                0x08002afc                DMA1_Stream4_IRQHandler
                0x08002afc                I2C1_ER_IRQHandler
                0x08002afc                DMA2_Stream6_IRQHandler
                0x08002afc                DMA1_Stream3_IRQHandler
 *fill*         0x08002afe        0x2 
 .text.HAL_Init
                0x08002b00       0x44 ./Drivers/STM32F4xx_HAL_Driver/Src/stm32f4xx_hal.o
                0x08002b00                HAL_Init
 .text.HAL_InitTick
                0x08002b44       0x60 ./Drivers/STM32F4xx_HAL_Driver/Src/stm32f4xx_hal.o
                0x08002b44                HAL_InitTick
 .text.HAL_IncTick
                0x08002ba4       0x28 ./Drivers/STM32F4xx_HAL_Driver/Src/stm32f4xx_hal.o
                0x08002ba4                HAL_IncTick
 .text.HAL_GetTick
                0x08002bcc       0x18 ./Drivers/STM32F4xx_HAL_Driver/Src/stm32f4xx_hal.o
                0x08002bcc                HAL_GetTick
 .text.HAL_Delay
                0x08002be4       0x48 ./Drivers/STM32F4xx_HAL_Driver/Src/stm32f4xx_hal.o
                0x08002be4                HAL_Delay
 .text.__NVIC_SetPriorityGrouping
                0x08002c2c       0x48 ./Drivers/STM32F4xx_HAL_Driver/Src/stm32f4xx_hal_cortex.o
 .text.__NVIC_GetPriorityGrouping
                0x08002c74       0x1c ./Drivers/STM32F4xx_HAL_Driver/Src/stm32f4xx_hal_cortex.o
 .text.__NVIC_EnableIRQ
                0x08002c90       0x3c ./Drivers/STM32F4xx_HAL_Driver/Src/stm32f4xx_hal_cortex.o
 .text.__NVIC_SetPriority
                0x08002ccc       0x54 ./Drivers/STM32F4xx_HAL_Driver/Src/stm32f4xx_hal_cortex.o
 .text.NVIC_EncodePriority
                0x08002d20       0x66 ./Drivers/STM32F4xx_HAL_Driver/Src/stm32f4xx_hal_cortex.o
 *fill*         0x08002d86        0x2 
 .text.SysTick_Config
                0x08002d88       0x44 ./Drivers/STM32F4xx_HAL_Driver/Src/stm32f4xx_hal_cortex.o
 .text.HAL_NVIC_SetPriorityGrouping
                0x08002dcc       0x16 ./Drivers/STM32F4xx_HAL_Driver/Src/stm32f4xx_hal_cortex.o
                0x08002dcc                HAL_NVIC_SetPriorityGrouping
 .text.HAL_NVIC_SetPriority
                0x08002de2       0x38 ./Drivers/STM32F4xx_HAL_Driver/Src/stm32f4xx_hal_cortex.o
                0x08002de2                HAL_NVIC_SetPriority
 .text.HAL_NVIC_EnableIRQ
                0x08002e1a       0x1c ./Drivers/STM32F4xx_HAL_Driver/Src/stm32f4xx_hal_cortex.o
                0x08002e1a                HAL_NVIC_EnableIRQ
 .text.HAL_SYSTICK_Config
                0x08002e36       0x18 ./Drivers/STM32F4xx_HAL_Driver/Src/stm32f4xx_hal_cortex.o
                0x08002e36                HAL_SYSTICK_Config
 .text.HAL_DMA_Abort
                0x08002e4e       0xe0 ./Drivers/STM32F4xx_HAL_Driver/Src/stm32f4xx_hal_dma.o
                0x08002e4e                HAL_DMA_Abort
 .text.HAL_DMA_Abort_IT
                0x08002f2e       0x44 ./Drivers/STM32F4xx_HAL_Driver/Src/stm32f4xx_hal_dma.o
                0x08002f2e                HAL_DMA_Abort_IT
 *fill*         0x08002f72        0x2 
 .text.HAL_GPIO_Init
                0x08002f74      0x338 ./Drivers/STM32F4xx_HAL_Driver/Src/stm32f4xx_hal_gpio.o
                0x08002f74                HAL_GPIO_Init
 .text.HAL_GPIO_WritePin
                0x080032ac       0x32 ./Drivers/STM32F4xx_HAL_Driver/Src/stm32f4xx_hal_gpio.o
                0x080032ac                HAL_GPIO_WritePin
 *fill*         0x080032de        0x2 
 .text.HAL_I2C_Init
                0x080032e0      0x288 ./Drivers/STM32F4xx_HAL_Driver/Src/stm32f4xx_hal_i2c.o
                0x080032e0                HAL_I2C_Init
 .text.HAL_I2C_Mem_Write
                0x08003568      0x1f4 ./Drivers/STM32F4xx_HAL_Driver/Src/stm32f4xx_hal_i2c.o
                0x08003568                HAL_I2C_Mem_Write
 .text.HAL_I2C_Mem_Read
                0x0800375c      0x44c ./Drivers/STM32F4xx_HAL_Driver/Src/stm32f4xx_hal_i2c.o
                0x0800375c                HAL_I2C_Mem_Read
 .text.HAL_I2C_IsDeviceReady
                0x08003ba8      0x25c ./Drivers/STM32F4xx_HAL_Driver/Src/stm32f4xx_hal_i2c.o
                0x08003ba8                HAL_I2C_IsDeviceReady
 .text.I2C_RequestMemoryWrite
                0x08003e04      0x12c ./Drivers/STM32F4xx_HAL_Driver/Src/stm32f4xx_hal_i2c.o
 .text.I2C_RequestMemoryRead
                0x08003f30      0x1d0 ./Drivers/STM32F4xx_HAL_Driver/Src/stm32f4xx_hal_i2c.o
 .text.I2C_WaitOnFlagUntilTimeout
                0x08004100       0xae ./Drivers/STM32F4xx_HAL_Driver/Src/stm32f4xx_hal_i2c.o
 .text.I2C_WaitOnMasterAddressFlagUntilTimeout
                0x080041ae       0xfe ./Drivers/STM32F4xx_HAL_Driver/Src/stm32f4xx_hal_i2c.o
 .text.I2C_WaitOnTXEFlagUntilTimeout
                0x080042ac       0x82 ./Drivers/STM32F4xx_HAL_Driver/Src/stm32f4xx_hal_i2c.o
 .text.I2C_WaitOnBTFFlagUntilTimeout
                0x0800432e       0x82 ./Drivers/STM32F4xx_HAL_Driver/Src/stm32f4xx_hal_i2c.o
 .text.I2C_WaitOnRXNEFlagUntilTimeout
                0x080043b0       0xac ./Drivers/STM32F4xx_HAL_Driver/Src/stm32f4xx_hal_i2c.o
 .text.I2C_IsAcknowledgeFailed
                0x0800445c       0x5e ./Drivers/STM32F4xx_HAL_Driver/Src/stm32f4xx_hal_i2c.o
 *fill*         0x080044ba        0x2 
 .text.HAL_RCC_OscConfig
                0x080044bc      0x4f0 ./Drivers/STM32F4xx_HAL_Driver/Src/stm32f4xx_hal_rcc.o
                0x080044bc                HAL_RCC_OscConfig
 .text.HAL_RCC_ClockConfig
                0x080049ac      0x1cc ./Drivers/STM32F4xx_HAL_Driver/Src/stm32f4xx_hal_rcc.o
                0x080049ac                HAL_RCC_ClockConfig
 .text.HAL_RCC_GetSysClockFreq
                0x08004b78      0x20c ./Drivers/STM32F4xx_HAL_Driver/Src/stm32f4xx_hal_rcc.o
                0x08004b78                HAL_RCC_GetSysClockFreq
 .text.HAL_RCC_GetHCLKFreq
                0x08004d84       0x18 ./Drivers/STM32F4xx_HAL_Driver/Src/stm32f4xx_hal_rcc.o
                0x08004d84                HAL_RCC_GetHCLKFreq
 .text.HAL_RCC_GetPCLK1Freq
                0x08004d9c       0x28 ./Drivers/STM32F4xx_HAL_Driver/Src/stm32f4xx_hal_rcc.o
                0x08004d9c                HAL_RCC_GetPCLK1Freq
 .text.HAL_RCC_GetPCLK2Freq
                0x08004dc4       0x28 ./Drivers/STM32F4xx_HAL_Driver/Src/stm32f4xx_hal_rcc.o
                0x08004dc4                HAL_RCC_GetPCLK2Freq
 .text.HAL_SPI_Init
                0x08004dec      0x112 ./Drivers/STM32F4xx_HAL_Driver/Src/stm32f4xx_hal_spi.o
                0x08004dec                HAL_SPI_Init
 .text.HAL_SPI_Transmit
                0x08004efe      0x278 ./Drivers/STM32F4xx_HAL_Driver/Src/stm32f4xx_hal_spi.o
                0x08004efe                HAL_SPI_Transmit
 .text.HAL_SPI_Receive
                0x08005176      0x222 ./Drivers/STM32F4xx_HAL_Driver/Src/stm32f4xx_hal_spi.o
                0x08005176                HAL_SPI_Receive
 .text.HAL_SPI_TransmitReceive
                0x08005398      0x344 ./Drivers/STM32F4xx_HAL_Driver/Src/stm32f4xx_hal_spi.o
                0x08005398                HAL_SPI_TransmitReceive
 .text.SPI_WaitFlagStateUntilTimeout
                0x080056dc      0x110 ./Drivers/STM32F4xx_HAL_Driver/Src/stm32f4xx_hal_spi.o
 .text.SPI_EndRxTransaction
                0x080057ec       0xca ./Drivers/STM32F4xx_HAL_Driver/Src/stm32f4xx_hal_spi.o
 *fill*         0x080058b6        0x2 
 .text.SPI_EndRxTxTransaction
                0x080058b8       0x84 ./Drivers/STM32F4xx_HAL_Driver/Src/stm32f4xx_hal_spi.o
 .text.HAL_SRAM_Init
                0x0800593c       0x88 ./Drivers/STM32F4xx_HAL_Driver/Src/stm32f4xx_hal_sram.o
                0x0800593c                HAL_SRAM_Init
 .text.HAL_TIM_Base_Init
                0x080059c4       0x9e ./Drivers/STM32F4xx_HAL_Driver/Src/stm32f4xx_hal_tim.o
                0x080059c4                HAL_TIM_Base_Init
 *fill*         0x08005a62        0x2 
 .text.HAL_TIM_Base_Start_IT
                0x08005a64       0xe0 ./Drivers/STM32F4xx_HAL_Driver/Src/stm32f4xx_hal_tim.o
                0x08005a64                HAL_TIM_Base_Start_IT
 .text.HAL_TIM_IRQHandler
                0x08005b44      0x210 ./Drivers/STM32F4xx_HAL_Driver/Src/stm32f4xx_hal_tim.o
                0x08005b44                HAL_TIM_IRQHandler
 .text.HAL_TIM_ConfigClockSource
                0x08005d54      0x18e ./Drivers/STM32F4xx_HAL_Driver/Src/stm32f4xx_hal_tim.o
                0x08005d54                HAL_TIM_ConfigClockSource
 .text.HAL_TIM_OC_DelayElapsedCallback
                0x08005ee2       0x14 ./Drivers/STM32F4xx_HAL_Driver/Src/stm32f4xx_hal_tim.o
                0x08005ee2                HAL_TIM_OC_DelayElapsedCallback
 .text.HAL_TIM_IC_CaptureCallback
                0x08005ef6       0x14 ./Drivers/STM32F4xx_HAL_Driver/Src/stm32f4xx_hal_tim.o
                0x08005ef6                HAL_TIM_IC_CaptureCallback
 .text.HAL_TIM_PWM_PulseFinishedCallback
                0x08005f0a       0x14 ./Drivers/STM32F4xx_HAL_Driver/Src/stm32f4xx_hal_tim.o
                0x08005f0a                HAL_TIM_PWM_PulseFinishedCallback
 .text.HAL_TIM_TriggerCallback
                0x08005f1e       0x14 ./Drivers/STM32F4xx_HAL_Driver/Src/stm32f4xx_hal_tim.o
                0x08005f1e                HAL_TIM_TriggerCallback
 *fill*         0x08005f32        0x2 
 .text.TIM_Base_SetConfig
                0x08005f34      0x140 ./Drivers/STM32F4xx_HAL_Driver/Src/stm32f4xx_hal_tim.o
                0x08005f34                TIM_Base_SetConfig
 .text.TIM_TI1_ConfigInputStage
                0x08006074       0x5e ./Drivers/STM32F4xx_HAL_Driver/Src/stm32f4xx_hal_tim.o
 .text.TIM_TI2_ConfigInputStage
                0x080060d2       0x60 ./Drivers/STM32F4xx_HAL_Driver/Src/stm32f4xx_hal_tim.o
 .text.TIM_ITRx_SetConfig
                0x08006132       0x36 ./Drivers/STM32F4xx_HAL_Driver/Src/stm32f4xx_hal_tim.o
 .text.TIM_ETR_SetConfig
                0x08006168       0x40 ./Drivers/STM32F4xx_HAL_Driver/Src/stm32f4xx_hal_tim.o
                0x08006168                TIM_ETR_SetConfig
 .text.HAL_TIMEx_MasterConfigSynchronization
                0x080061a8       0xf8 ./Drivers/STM32F4xx_HAL_Driver/Src/stm32f4xx_hal_tim_ex.o
                0x080061a8                HAL_TIMEx_MasterConfigSynchronization
 .text.HAL_TIMEx_CommutCallback
                0x080062a0       0x14 ./Drivers/STM32F4xx_HAL_Driver/Src/stm32f4xx_hal_tim_ex.o
                0x080062a0                HAL_TIMEx_CommutCallback
 .text.HAL_TIMEx_BreakCallback
                0x080062b4       0x14 ./Drivers/STM32F4xx_HAL_Driver/Src/stm32f4xx_hal_tim_ex.o
                0x080062b4                HAL_TIMEx_BreakCallback
 .text.HAL_UART_Init
                0x080062c8       0x9a ./Drivers/STM32F4xx_HAL_Driver/Src/stm32f4xx_hal_uart.o
                0x080062c8                HAL_UART_Init
 .text.HAL_UART_Transmit
                0x08006362      0x124 ./Drivers/STM32F4xx_HAL_Driver/Src/stm32f4xx_hal_uart.o
                0x08006362                HAL_UART_Transmit
 .text.HAL_UART_Receive_IT
                0x08006486       0x60 ./Drivers/STM32F4xx_HAL_Driver/Src/stm32f4xx_hal_uart.o
                0x08006486                HAL_UART_Receive_IT
 *fill*         0x080064e6        0x2 
 .text.HAL_UART_IRQHandler
                0x080064e8      0x51c ./Drivers/STM32F4xx_HAL_Driver/Src/stm32f4xx_hal_uart.o
                0x080064e8                HAL_UART_IRQHandler
 .text.HAL_UART_TxCpltCallback
                0x08006a04       0x14 ./Drivers/STM32F4xx_HAL_Driver/Src/stm32f4xx_hal_uart.o
                0x08006a04                HAL_UART_TxCpltCallback
 .text.HAL_UART_ErrorCallback
                0x08006a18       0x14 ./Drivers/STM32F4xx_HAL_Driver/Src/stm32f4xx_hal_uart.o
                0x08006a18                HAL_UART_ErrorCallback
 .text.HAL_UARTEx_RxEventCallback
                0x08006a2c       0x18 ./Drivers/STM32F4xx_HAL_Driver/Src/stm32f4xx_hal_uart.o
                0x08006a2c                HAL_UARTEx_RxEventCallback
 .text.UART_WaitOnFlagUntilTimeout
                0x08006a44       0xdc ./Drivers/STM32F4xx_HAL_Driver/Src/stm32f4xx_hal_uart.o
 .text.UART_Start_Receive_IT
                0x08006b20       0x74 ./Drivers/STM32F4xx_HAL_Driver/Src/stm32f4xx_hal_uart.o
                0x08006b20                UART_Start_Receive_IT
 .text.UART_EndRxTransfer
                0x08006b94       0xc6 ./Drivers/STM32F4xx_HAL_Driver/Src/stm32f4xx_hal_uart.o
 .text.UART_DMAAbortOnError
                0x08006c5a       0x28 ./Drivers/STM32F4xx_HAL_Driver/Src/stm32f4xx_hal_uart.o
 .text.UART_Transmit_IT
                0x08006c82       0xa0 ./Drivers/STM32F4xx_HAL_Driver/Src/stm32f4xx_hal_uart.o
 .text.UART_EndTransmit_IT
                0x08006d22       0x30 ./Drivers/STM32F4xx_HAL_Driver/Src/stm32f4xx_hal_uart.o
 .text.UART_Receive_IT
                0x08006d52      0x176 ./Drivers/STM32F4xx_HAL_Driver/Src/stm32f4xx_hal_uart.o
 .text.UART_SetConfig
                0x08006ec8      0x4e8 ./Drivers/STM32F4xx_HAL_Driver/Src/stm32f4xx_hal_uart.o
 .text.FSMC_NORSRAM_Init
                0x080073b0       0xa4 ./Drivers/STM32F4xx_HAL_Driver/Src/stm32f4xx_ll_fsmc.o
                0x080073b0                FSMC_NORSRAM_Init
 .text.FSMC_NORSRAM_Timing_Init
                0x08007454       0x7a ./Drivers/STM32F4xx_HAL_Driver/Src/stm32f4xx_ll_fsmc.o
                0x08007454                FSMC_NORSRAM_Timing_Init
 *fill*         0x080074ce        0x2 
 .text.FSMC_NORSRAM_Extended_Timing_Init
                0x080074d0       0x80 ./Drivers/STM32F4xx_HAL_Driver/Src/stm32f4xx_ll_fsmc.o
                0x080074d0                FSMC_NORSRAM_Extended_Timing_Init
 .text.sprintf  0x08007550       0x40 D:/STM32CubeIDE_1.16.0/STM32CubeIDE/plugins/com.st.stm32cube.ide.mcu.externaltools.gnu-tools-for-stm32.12.3.rel1.win32_1.0.200.202406191623/tools/bin/../lib/gcc/arm-none-eabi/12.3.1/../../../../arm-none-eabi/lib/thumb/v7e-m+fp/hard\libc_nano.a(libc_a-sprintf.o)
                0x08007550                siprintf
                0x08007550                sprintf
 .text.memset   0x08007590       0x10 D:/STM32CubeIDE_1.16.0/STM32CubeIDE/plugins/com.st.stm32cube.ide.mcu.externaltools.gnu-tools-for-stm32.12.3.rel1.win32_1.0.200.202406191623/tools/bin/../lib/gcc/arm-none-eabi/12.3.1/../../../../arm-none-eabi/lib/thumb/v7e-m+fp/hard\libc_nano.a(libc_a-memset.o)
                0x08007590                memset
 .text.__errno  0x080075a0        0xc D:/STM32CubeIDE_1.16.0/STM32CubeIDE/plugins/com.st.stm32cube.ide.mcu.externaltools.gnu-tools-for-stm32.12.3.rel1.win32_1.0.200.202406191623/tools/bin/../lib/gcc/arm-none-eabi/12.3.1/../../../../arm-none-eabi/lib/thumb/v7e-m+fp/hard\libc_nano.a(libc_a-errno.o)
                0x080075a0                __errno
 .text.__libc_init_array
                0x080075ac       0x48 D:/STM32CubeIDE_1.16.0/STM32CubeIDE/plugins/com.st.stm32cube.ide.mcu.externaltools.gnu-tools-for-stm32.12.3.rel1.win32_1.0.200.202406191623/tools/bin/../lib/gcc/arm-none-eabi/12.3.1/../../../../arm-none-eabi/lib/thumb/v7e-m+fp/hard\libc_nano.a(libc_a-init.o)
                0x080075ac                __libc_init_array
 .text.__retarget_lock_acquire_recursive
                0x080075f4        0x2 D:/STM32CubeIDE_1.16.0/STM32CubeIDE/plugins/com.st.stm32cube.ide.mcu.externaltools.gnu-tools-for-stm32.12.3.rel1.win32_1.0.200.202406191623/tools/bin/../lib/gcc/arm-none-eabi/12.3.1/../../../../arm-none-eabi/lib/thumb/v7e-m+fp/hard\libc_nano.a(libc_a-lock.o)
                0x080075f4                __retarget_lock_acquire_recursive
 .text.__retarget_lock_release_recursive
                0x080075f6        0x2 D:/STM32CubeIDE_1.16.0/STM32CubeIDE/plugins/com.st.stm32cube.ide.mcu.externaltools.gnu-tools-for-stm32.12.3.rel1.win32_1.0.200.202406191623/tools/bin/../lib/gcc/arm-none-eabi/12.3.1/../../../../arm-none-eabi/lib/thumb/v7e-m+fp/hard\libc_nano.a(libc_a-lock.o)
                0x080075f6                __retarget_lock_release_recursive
 .text._free_r  0x080075f8       0x94 D:/STM32CubeIDE_1.16.0/STM32CubeIDE/plugins/com.st.stm32cube.ide.mcu.externaltools.gnu-tools-for-stm32.12.3.rel1.win32_1.0.200.202406191623/tools/bin/../lib/gcc/arm-none-eabi/12.3.1/../../../../arm-none-eabi/lib/thumb/v7e-m+fp/hard\libc_nano.a(libc_a-freer.o)
                0x080075f8                _free_r
 .text.sbrk_aligned
                0x0800768c       0x44 D:/STM32CubeIDE_1.16.0/STM32CubeIDE/plugins/com.st.stm32cube.ide.mcu.externaltools.gnu-tools-for-stm32.12.3.rel1.win32_1.0.200.202406191623/tools/bin/../lib/gcc/arm-none-eabi/12.3.1/../../../../arm-none-eabi/lib/thumb/v7e-m+fp/hard\libc_nano.a(libc_a-mallocr.o)
 .text._malloc_r
                0x080076d0      0x100 D:/STM32CubeIDE_1.16.0/STM32CubeIDE/plugins/com.st.stm32cube.ide.mcu.externaltools.gnu-tools-for-stm32.12.3.rel1.win32_1.0.200.202406191623/tools/bin/../lib/gcc/arm-none-eabi/12.3.1/../../../../arm-none-eabi/lib/thumb/v7e-m+fp/hard\libc_nano.a(libc_a-mallocr.o)
                0x080076d0                _malloc_r
 .text.__malloc_lock
                0x080077d0        0xc D:/STM32CubeIDE_1.16.0/STM32CubeIDE/plugins/com.st.stm32cube.ide.mcu.externaltools.gnu-tools-for-stm32.12.3.rel1.win32_1.0.200.202406191623/tools/bin/../lib/gcc/arm-none-eabi/12.3.1/../../../../arm-none-eabi/lib/thumb/v7e-m+fp/hard\libc_nano.a(libc_a-mlock.o)
                0x080077d0                __malloc_lock
 .text.__malloc_unlock
                0x080077dc        0xc D:/STM32CubeIDE_1.16.0/STM32CubeIDE/plugins/com.st.stm32cube.ide.mcu.externaltools.gnu-tools-for-stm32.12.3.rel1.win32_1.0.200.202406191623/tools/bin/../lib/gcc/arm-none-eabi/12.3.1/../../../../arm-none-eabi/lib/thumb/v7e-m+fp/hard\libc_nano.a(libc_a-mlock.o)
                0x080077dc                __malloc_unlock
 .text.__ssputs_r
                0x080077e8       0xb6 D:/STM32CubeIDE_1.16.0/STM32CubeIDE/plugins/com.st.stm32cube.ide.mcu.externaltools.gnu-tools-for-stm32.12.3.rel1.win32_1.0.200.202406191623/tools/bin/../lib/gcc/arm-none-eabi/12.3.1/../../../../arm-none-eabi/lib/thumb/v7e-m+fp/hard\libc_nano.a(libc_a-nano-svfprintf.o)
                0x080077e8                __ssputs_r
 *fill*         0x0800789e        0x2 
 .text._svfprintf_r
                0x080078a0      0x1f8 D:/STM32CubeIDE_1.16.0/STM32CubeIDE/plugins/com.st.stm32cube.ide.mcu.externaltools.gnu-tools-for-stm32.12.3.rel1.win32_1.0.200.202406191623/tools/bin/../lib/gcc/arm-none-eabi/12.3.1/../../../../arm-none-eabi/lib/thumb/v7e-m+fp/hard\libc_nano.a(libc_a-nano-svfprintf.o)
                0x080078a0                _svfiprintf_r
                0x080078a0                _svfprintf_r
 .text._printf_common
                0x08007a98       0xda D:/STM32CubeIDE_1.16.0/STM32CubeIDE/plugins/com.st.stm32cube.ide.mcu.externaltools.gnu-tools-for-stm32.12.3.rel1.win32_1.0.200.202406191623/tools/bin/../lib/gcc/arm-none-eabi/12.3.1/../../../../arm-none-eabi/lib/thumb/v7e-m+fp/hard\libc_nano.a(libc_a-nano-vfprintf_i.o)
                0x08007a98                _printf_common
 *fill*         0x08007b72        0x2 
 .text._printf_i
                0x08007b74      0x240 D:/STM32CubeIDE_1.16.0/STM32CubeIDE/plugins/com.st.stm32cube.ide.mcu.externaltools.gnu-tools-for-stm32.12.3.rel1.win32_1.0.200.202406191623/tools/bin/../lib/gcc/arm-none-eabi/12.3.1/../../../../arm-none-eabi/lib/thumb/v7e-m+fp/hard\libc_nano.a(libc_a-nano-vfprintf_i.o)
                0x08007b74                _printf_i
 .text.memmove  0x08007db4       0x34 D:/STM32CubeIDE_1.16.0/STM32CubeIDE/plugins/com.st.stm32cube.ide.mcu.externaltools.gnu-tools-for-stm32.12.3.rel1.win32_1.0.200.202406191623/tools/bin/../lib/gcc/arm-none-eabi/12.3.1/../../../../arm-none-eabi/lib/thumb/v7e-m+fp/hard\libc_nano.a(libc_a-memmove.o)
                0x08007db4                memmove
 .text._sbrk_r  0x08007de8       0x20 D:/STM32CubeIDE_1.16.0/STM32CubeIDE/plugins/com.st.stm32cube.ide.mcu.externaltools.gnu-tools-for-stm32.12.3.rel1.win32_1.0.200.202406191623/tools/bin/../lib/gcc/arm-none-eabi/12.3.1/../../../../arm-none-eabi/lib/thumb/v7e-m+fp/hard\libc_nano.a(libc_a-sbrkr.o)
                0x08007de8                _sbrk_r
 .text.memcpy   0x08007e08       0x1c D:/STM32CubeIDE_1.16.0/STM32CubeIDE/plugins/com.st.stm32cube.ide.mcu.externaltools.gnu-tools-for-stm32.12.3.rel1.win32_1.0.200.202406191623/tools/bin/../lib/gcc/arm-none-eabi/12.3.1/../../../../arm-none-eabi/lib/thumb/v7e-m+fp/hard\libc_nano.a(libc_a-memcpy-stub.o)
                0x08007e08                memcpy
 .text._realloc_r
                0x08007e24       0x5c D:/STM32CubeIDE_1.16.0/STM32CubeIDE/plugins/com.st.stm32cube.ide.mcu.externaltools.gnu-tools-for-stm32.12.3.rel1.win32_1.0.200.202406191623/tools/bin/../lib/gcc/arm-none-eabi/12.3.1/../../../../arm-none-eabi/lib/thumb/v7e-m+fp/hard\libc_nano.a(libc_a-reallocr.o)
                0x08007e24                _realloc_r
 .text._malloc_usable_size_r
                0x08007e80       0x10 D:/STM32CubeIDE_1.16.0/STM32CubeIDE/plugins/com.st.stm32cube.ide.mcu.externaltools.gnu-tools-for-stm32.12.3.rel1.win32_1.0.200.202406191623/tools/bin/../lib/gcc/arm-none-eabi/12.3.1/../../../../arm-none-eabi/lib/thumb/v7e-m+fp/hard\libc_nano.a(libc_a-msizer.o)
                0x08007e80                _malloc_usable_size_r
 *(.glue_7)
 .glue_7        0x08007e90        0x0 linker stubs
 *(.glue_7t)
 .glue_7t       0x08007e90        0x0 linker stubs
 *(.eh_frame)
 .eh_frame      0x08007e90        0x0 D:/STM32CubeIDE_1.16.0/STM32CubeIDE/plugins/com.st.stm32cube.ide.mcu.externaltools.gnu-tools-for-stm32.12.3.rel1.win32_1.0.200.202406191623/tools/bin/../lib/gcc/arm-none-eabi/12.3.1/thumb/v7e-m+fp/hard/crtbegin.o
 *(.init)
 .init          0x08007e90        0x4 D:/STM32CubeIDE_1.16.0/STM32CubeIDE/plugins/com.st.stm32cube.ide.mcu.externaltools.gnu-tools-for-stm32.12.3.rel1.win32_1.0.200.202406191623/tools/bin/../lib/gcc/arm-none-eabi/12.3.1/thumb/v7e-m+fp/hard/crti.o
                0x08007e90                _init
 .init          0x08007e94        0x8 D:/STM32CubeIDE_1.16.0/STM32CubeIDE/plugins/com.st.stm32cube.ide.mcu.externaltools.gnu-tools-for-stm32.12.3.rel1.win32_1.0.200.202406191623/tools/bin/../lib/gcc/arm-none-eabi/12.3.1/thumb/v7e-m+fp/hard/crtn.o
 *(.fini)
 .fini          0x08007e9c        0x4 D:/STM32CubeIDE_1.16.0/STM32CubeIDE/plugins/com.st.stm32cube.ide.mcu.externaltools.gnu-tools-for-stm32.12.3.rel1.win32_1.0.200.202406191623/tools/bin/../lib/gcc/arm-none-eabi/12.3.1/thumb/v7e-m+fp/hard/crti.o
                0x08007e9c                _fini
 .fini          0x08007ea0        0x8 D:/STM32CubeIDE_1.16.0/STM32CubeIDE/plugins/com.st.stm32cube.ide.mcu.externaltools.gnu-tools-for-stm32.12.3.rel1.win32_1.0.200.202406191623/tools/bin/../lib/gcc/arm-none-eabi/12.3.1/thumb/v7e-m+fp/hard/crtn.o
                0x08007ea8                        . = ALIGN (0x4)
                0x08007ea8                        _etext = .

.vfp11_veneer   0x08007ea8        0x0
 .vfp11_veneer  0x08007ea8        0x0 linker stubs

.v4_bx          0x08007ea8        0x0
 .v4_bx         0x08007ea8        0x0 linker stubs

.iplt           0x08007ea8        0x0
 .iplt          0x08007ea8        0x0 D:/STM32CubeIDE_1.16.0/STM32CubeIDE/plugins/com.st.stm32cube.ide.mcu.externaltools.gnu-tools-for-stm32.12.3.rel1.win32_1.0.200.202406191623/tools/bin/../lib/gcc/arm-none-eabi/12.3.1/thumb/v7e-m+fp/hard/crtbegin.o

.rodata         0x08007ea8     0x30d8
                0x08007ea8                        . = ALIGN (0x4)
 *(.rodata)
 .rodata        0x08007ea8       0xf6 ./Core/Src/main.o
 *fill*         0x08007f9e        0x2 
 .rodata        0x08007fa0       0x12 ./Core/Src/uart.o
 *(.rodata*)
 *fill*         0x08007fb2        0x2 
 .rodata.ascii_1608
                0x08007fb4      0x5f0 ./Core/Src/lcd.o
                0x08007fb4                ascii_1608
 .rodata.ascii_2412
                0x080085a4     0x11d0 ./Core/Src/lcd.o
                0x080085a4                ascii_2412
 .rodata.ascii_3216
                0x08009774     0x17c0 ./Core/Src/lcd.o
                0x08009774                ascii_3216
 .rodata.AHBPrescTable
                0x0800af34       0x10 ./Core/Src/system_stm32f4xx.o
                0x0800af34                AHBPrescTable
 .rodata.APBPrescTable
                0x0800af44        0x8 ./Core/Src/system_stm32f4xx.o
                0x0800af44                APBPrescTable
 .rodata._svfprintf_r.str1.1
                0x0800af4c       0x11 D:/STM32CubeIDE_1.16.0/STM32CubeIDE/plugins/com.st.stm32cube.ide.mcu.externaltools.gnu-tools-for-stm32.12.3.rel1.win32_1.0.200.202406191623/tools/bin/../lib/gcc/arm-none-eabi/12.3.1/../../../../arm-none-eabi/lib/thumb/v7e-m+fp/hard\libc_nano.a(libc_a-nano-svfprintf.o)
 .rodata._printf_i.str1.1
                0x0800af5d       0x22 D:/STM32CubeIDE_1.16.0/STM32CubeIDE/plugins/com.st.stm32cube.ide.mcu.externaltools.gnu-tools-for-stm32.12.3.rel1.win32_1.0.200.202406191623/tools/bin/../lib/gcc/arm-none-eabi/12.3.1/../../../../arm-none-eabi/lib/thumb/v7e-m+fp/hard\libc_nano.a(libc_a-nano-vfprintf_i.o)
                0x0800af80                        . = ALIGN (0x4)
 *fill*         0x0800af7f        0x1 

.ARM.extab      0x0800af80        0x0
                0x0800af80                        . = ALIGN (0x4)
 *(.ARM.extab* .gnu.linkonce.armextab.*)
                0x0800af80                        . = ALIGN (0x4)

.ARM            0x0800af80        0x8
                0x0800af80                        . = ALIGN (0x4)
                0x0800af80                        __exidx_start = .
 *(.ARM.exidx*)
 .ARM.exidx     0x0800af80        0x8 D:/STM32CubeIDE_1.16.0/STM32CubeIDE/plugins/com.st.stm32cube.ide.mcu.externaltools.gnu-tools-for-stm32.12.3.rel1.win32_1.0.200.202406191623/tools/bin/../lib/gcc/arm-none-eabi/12.3.1/../../../../arm-none-eabi/lib/thumb/v7e-m+fp/hard\libc_nano.a(libc_a-memchr.o)
 .ARM.exidx     0x0800af88        0x0 D:/STM32CubeIDE_1.16.0/STM32CubeIDE/plugins/com.st.stm32cube.ide.mcu.externaltools.gnu-tools-for-stm32.12.3.rel1.win32_1.0.200.202406191623/tools/bin/../lib/gcc/arm-none-eabi/12.3.1/thumb/v7e-m+fp/hard\libgcc.a(_udivmoddi4.o)
                                  0x8 (size before relaxing)
                0x0800af88                        __exidx_end = .
                0x0800af88                        . = ALIGN (0x4)

.rel.dyn        0x0800af88        0x0
 .rel.iplt      0x0800af88        0x0 D:/STM32CubeIDE_1.16.0/STM32CubeIDE/plugins/com.st.stm32cube.ide.mcu.externaltools.gnu-tools-for-stm32.12.3.rel1.win32_1.0.200.202406191623/tools/bin/../lib/gcc/arm-none-eabi/12.3.1/thumb/v7e-m+fp/hard/crtbegin.o

.preinit_array  0x0800af88        0x0
                0x0800af88                        . = ALIGN (0x4)
                0x0800af88                        PROVIDE (__preinit_array_start = .)
 *(.preinit_array*)
                0x0800af88                        PROVIDE (__preinit_array_end = .)
                0x0800af88                        . = ALIGN (0x4)

.init_array     0x0800af88        0x4
                0x0800af88                        . = ALIGN (0x4)
                0x0800af88                        PROVIDE (__init_array_start = .)
 *(SORT_BY_NAME(.init_array.*))
 *(.init_array*)
 .init_array    0x0800af88        0x4 D:/STM32CubeIDE_1.16.0/STM32CubeIDE/plugins/com.st.stm32cube.ide.mcu.externaltools.gnu-tools-for-stm32.12.3.rel1.win32_1.0.200.202406191623/tools/bin/../lib/gcc/arm-none-eabi/12.3.1/thumb/v7e-m+fp/hard/crtbegin.o
                0x0800af8c                        PROVIDE (__init_array_end = .)
                0x0800af8c                        . = ALIGN (0x4)

.fini_array     0x0800af8c        0x4
                0x0800af8c                        . = ALIGN (0x4)
                [!provide]                        PROVIDE (__fini_array_start = .)
 *(SORT_BY_NAME(.fini_array.*))
 *(.fini_array*)
 .fini_array    0x0800af8c        0x4 D:/STM32CubeIDE_1.16.0/STM32CubeIDE/plugins/com.st.stm32cube.ide.mcu.externaltools.gnu-tools-for-stm32.12.3.rel1.win32_1.0.200.202406191623/tools/bin/../lib/gcc/arm-none-eabi/12.3.1/thumb/v7e-m+fp/hard/crtbegin.o
                [!provide]                        PROVIDE (__fini_array_end = .)
                0x0800af90                        . = ALIGN (0x4)
                0x0800af90                        _sidata = LOADADDR (.data)

.data           0x20000000       0x78 load address 0x0800af90
                0x20000000                        . = ALIGN (0x4)
                0x20000000                        _sdata = .
 *(.data)
 *(.data*)
 .data.led7seg  0x20000000        0x4 ./Core/Src/led_7seg.o
                0x20000000                led7seg
 .data.spi_buffer
                0x20000004        0x2 ./Core/Src/led_7seg.o
                0x20000004                spi_buffer
 .data.alarm_active
                0x20000006        0x1 ./Core/Src/main.o
                0x20000006                alarm_active
 *fill*         0x20000007        0x1 
 .data.modeStrings.1
                0x20000008       0x14 ./Core/Src/main.o
 .data.SystemCoreClock
                0x2000001c        0x4 ./Core/Src/system_stm32f4xx.o
                0x2000001c                SystemCoreClock
 .data.uwTickPrio
                0x20000020        0x4 ./Drivers/STM32F4xx_HAL_Driver/Src/stm32f4xx_hal.o
                0x20000020                uwTickPrio
 .data.uwTickFreq
                0x20000024        0x1 ./Drivers/STM32F4xx_HAL_Driver/Src/stm32f4xx_hal.o
                0x20000024                uwTickFreq
 *fill*         0x20000025        0x3 
 .data._impure_ptr
                0x20000028        0x4 D:/STM32CubeIDE_1.16.0/STM32CubeIDE/plugins/com.st.stm32cube.ide.mcu.externaltools.gnu-tools-for-stm32.12.3.rel1.win32_1.0.200.202406191623/tools/bin/../lib/gcc/arm-none-eabi/12.3.1/../../../../arm-none-eabi/lib/thumb/v7e-m+fp/hard\libc_nano.a(libc_a-impure.o)
                0x20000028                _impure_ptr
 .data._impure_data
                0x2000002c       0x4c D:/STM32CubeIDE_1.16.0/STM32CubeIDE/plugins/com.st.stm32cube.ide.mcu.externaltools.gnu-tools-for-stm32.12.3.rel1.win32_1.0.200.202406191623/tools/bin/../lib/gcc/arm-none-eabi/12.3.1/../../../../arm-none-eabi/lib/thumb/v7e-m+fp/hard\libc_nano.a(libc_a-impure.o)
                0x2000002c                _impure_data
 *(.RamFunc)
 *(.RamFunc*)
                0x20000078                        . = ALIGN (0x4)
                0x20000078                        _edata = .
                0x0800b008                        _siccmram = LOADADDR (.ccmram)

.igot.plt       0x20000078        0x0 load address 0x0800b008
 .igot.plt      0x20000078        0x0 D:/STM32CubeIDE_1.16.0/STM32CubeIDE/plugins/com.st.stm32cube.ide.mcu.externaltools.gnu-tools-for-stm32.12.3.rel1.win32_1.0.200.202406191623/tools/bin/../lib/gcc/arm-none-eabi/12.3.1/thumb/v7e-m+fp/hard/crtbegin.o

.ccmram         0x10000000        0x0 load address 0x0800b008
                0x10000000                        . = ALIGN (0x4)
                0x10000000                        _sccmram = .
 *(.ccmram)
 *(.ccmram*)
                0x10000000                        . = ALIGN (0x4)
                0x10000000                        _eccmram = .
                0x10000000                        . = ALIGN (0x4)

.bss            0x20000078      0x3e4
                0x20000078                        _sbss = .
                0x20000078                        __bss_start__ = _sbss
 *(.bss)
 .bss           0x20000078       0x1c D:/STM32CubeIDE_1.16.0/STM32CubeIDE/plugins/com.st.stm32cube.ide.mcu.externaltools.gnu-tools-for-stm32.12.3.rel1.win32_1.0.200.202406191623/tools/bin/../lib/gcc/arm-none-eabi/12.3.1/thumb/v7e-m+fp/hard/crtbegin.o
 *(.bss*)
 .bss.button_count
                0x20000094       0x20 ./Core/Src/button.o
                0x20000094                button_count
 .bss.spi_button
                0x200000b4        0x2 ./Core/Src/button.o
                0x200000b4                spi_button
 *fill*         0x200000b6        0x2 
 .bss.ds3231_buffer
                0x200000b8        0x7 ./Core/Src/ds3231.o
                0x200000b8                ds3231_buffer
 .bss.ds3231_hours
                0x200000bf        0x1 ./Core/Src/ds3231.o
                0x200000bf                ds3231_hours
 .bss.ds3231_min
                0x200000c0        0x1 ./Core/Src/ds3231.o
                0x200000c0                ds3231_min
 .bss.ds3231_sec
                0x200000c1        0x1 ./Core/Src/ds3231.o
                0x200000c1                ds3231_sec
 .bss.ds3231_date
                0x200000c2        0x1 ./Core/Src/ds3231.o
                0x200000c2                ds3231_date
 .bss.ds3231_day
                0x200000c3        0x1 ./Core/Src/ds3231.o
                0x200000c3                ds3231_day
 .bss.ds3231_month
                0x200000c4        0x1 ./Core/Src/ds3231.o
                0x200000c4                ds3231_month
 .bss.ds3231_year
                0x200000c5        0x1 ./Core/Src/ds3231.o
                0x200000c5                ds3231_year
 *fill*         0x200000c6        0x2 
 .bss.hsram1    0x200000c8       0x50 ./Core/Src/fsmc.o
                0x200000c8                hsram1
 .bss.FSMC_Initialized
                0x20000118        0x4 ./Core/Src/fsmc.o
 .bss.hi2c1     0x2000011c       0x54 ./Core/Src/i2c.o
                0x2000011c                hi2c1
 .bss.lcddev    0x20000170        0x6 ./Core/Src/lcd.o
                0x20000170                lcddev
 *fill*         0x20000176        0x2 
 .bss.led7_index
                0x20000178        0x4 ./Core/Src/led_7seg.o
                0x20000178                led7_index
 .bss.currentMode
                0x2000017c        0x1 ./Core/Src/main.o
                0x2000017c                currentMode
 .bss.currentSetting
                0x2000017d        0x1 ./Core/Src/main.o
                0x2000017d                currentSetting
 .bss.isSetting
                0x2000017e        0x1 ./Core/Src/main.o
                0x2000017e                isSetting
 .bss.pending_hours
                0x2000017f        0x1 ./Core/Src/main.o
                0x2000017f                pending_hours
 .bss.pending_min
                0x20000180        0x1 ./Core/Src/main.o
                0x20000180                pending_min
 .bss.pending_sec
                0x20000181        0x1 ./Core/Src/main.o
                0x20000181                pending_sec
 .bss.pending_day
                0x20000182        0x1 ./Core/Src/main.o
                0x20000182                pending_day
 .bss.pending_date
                0x20000183        0x1 ./Core/Src/main.o
                0x20000183                pending_date
 .bss.pending_month
                0x20000184        0x1 ./Core/Src/main.o
                0x20000184                pending_month
 .bss.pending_year
                0x20000185        0x1 ./Core/Src/main.o
                0x20000185                pending_year
 .bss.alarm_set_hours
                0x20000186        0x1 ./Core/Src/main.o
                0x20000186                alarm_set_hours
 .bss.alarm_set_minutes
                0x20000187        0x1 ./Core/Src/main.o
                0x20000187                alarm_set_minutes
 .bss.flag_alarm
                0x20000188        0x1 ./Core/Src/main.o
                0x20000188                flag_alarm
 .bss.uart_hour_flag
                0x20000189        0x1 ./Core/Src/main.o
                0x20000189                uart_hour_flag
 .bss.uart_hour
                0x2000018a        0x1 ./Core/Src/main.o
                0x2000018a                uart_hour
 .bss.count_request_uart
                0x2000018b        0x1 ./Core/Src/main.o
                0x2000018b                count_request_uart
 .bss.count     0x2000018c        0x4 ./Core/Src/main.o
                0x2000018c                count
 .bss.lastBlinkTime.0
                0x20000190        0x4 ./Core/Src/main.o
 .bss.flag_timer2
                0x20000194        0x2 ./Core/Src/software_timer.o
                0x20000194                flag_timer2
 .bss.timer2_counter
                0x20000196        0x2 ./Core/Src/software_timer.o
                0x20000196                timer2_counter
 .bss.timer2_MUL
                0x20000198        0x2 ./Core/Src/software_timer.o
                0x20000198                timer2_MUL
 .bss.flag_timer3
                0x2000019a        0x2 ./Core/Src/software_timer.o
                0x2000019a                flag_timer3
 .bss.timer3_counter
                0x2000019c        0x2 ./Core/Src/software_timer.o
                0x2000019c                timer3_counter
 .bss.timer3_MUL
                0x2000019e        0x2 ./Core/Src/software_timer.o
                0x2000019e                timer3_MUL
 .bss.hspi1     0x200001a0       0x58 ./Core/Src/spi.o
                0x200001a0                hspi1
 .bss.__sbrk_heap_end
                0x200001f8        0x4 ./Core/Src/sysmem.o
 .bss.htim2     0x200001fc       0x48 ./Core/Src/tim.o
                0x200001fc                htim2
 .bss.msg       0x20000244       0x64 ./Core/Src/uart.o
                0x20000244                msg
 .bss.buffer    0x200002a8       0x1e ./Core/Src/uart.o
                0x200002a8                buffer
 .bss.index_buffer
                0x200002c6        0x1 ./Core/Src/uart.o
                0x200002c6                index_buffer
 .bss.curr_index
                0x200002c7        0x1 ./Core/Src/uart.o
                0x200002c7                curr_index
 .bss.buffer_flag
                0x200002c8        0x1 ./Core/Src/uart.o
                0x200002c8                buffer_flag
 .bss.receive_msg
                0x200002c9        0x1 ./Core/Src/uart.o
                0x200002c9                receive_msg
 .bss.count_char
                0x200002ca        0x1 ./Core/Src/uart.o
                0x200002ca                count_char
 *fill*         0x200002cb        0x1 
 .bss.huart1    0x200002cc       0x44 ./Core/Src/usart.o
                0x200002cc                huart1
 .bss.uwTick    0x20000310        0x4 ./Drivers/STM32F4xx_HAL_Driver/Src/stm32f4xx_hal.o
                0x20000310                uwTick
 .bss.__sf      0x20000314      0x138 D:/STM32CubeIDE_1.16.0/STM32CubeIDE/plugins/com.st.stm32cube.ide.mcu.externaltools.gnu-tools-for-stm32.12.3.rel1.win32_1.0.200.202406191623/tools/bin/../lib/gcc/arm-none-eabi/12.3.1/../../../../arm-none-eabi/lib/thumb/v7e-m+fp/hard\libc_nano.a(libc_a-findfp.o)
                0x20000314                __sf
 .bss.errno     0x2000044c        0x4 D:/STM32CubeIDE_1.16.0/STM32CubeIDE/plugins/com.st.stm32cube.ide.mcu.externaltools.gnu-tools-for-stm32.12.3.rel1.win32_1.0.200.202406191623/tools/bin/../lib/gcc/arm-none-eabi/12.3.1/../../../../arm-none-eabi/lib/thumb/v7e-m+fp/hard\libc_nano.a(libc_a-reent.o)
                0x2000044c                errno
 .bss.__lock___malloc_recursive_mutex
                0x20000450        0x1 D:/STM32CubeIDE_1.16.0/STM32CubeIDE/plugins/com.st.stm32cube.ide.mcu.externaltools.gnu-tools-for-stm32.12.3.rel1.win32_1.0.200.202406191623/tools/bin/../lib/gcc/arm-none-eabi/12.3.1/../../../../arm-none-eabi/lib/thumb/v7e-m+fp/hard\libc_nano.a(libc_a-lock.o)
                0x20000450                __lock___malloc_recursive_mutex
 *fill*         0x20000451        0x3 
 .bss.__malloc_sbrk_start
                0x20000454        0x4 D:/STM32CubeIDE_1.16.0/STM32CubeIDE/plugins/com.st.stm32cube.ide.mcu.externaltools.gnu-tools-for-stm32.12.3.rel1.win32_1.0.200.202406191623/tools/bin/../lib/gcc/arm-none-eabi/12.3.1/../../../../arm-none-eabi/lib/thumb/v7e-m+fp/hard\libc_nano.a(libc_a-mallocr.o)
                0x20000454                __malloc_sbrk_start
 .bss.__malloc_free_list
                0x20000458        0x4 D:/STM32CubeIDE_1.16.0/STM32CubeIDE/plugins/com.st.stm32cube.ide.mcu.externaltools.gnu-tools-for-stm32.12.3.rel1.win32_1.0.200.202406191623/tools/bin/../lib/gcc/arm-none-eabi/12.3.1/../../../../arm-none-eabi/lib/thumb/v7e-m+fp/hard\libc_nano.a(libc_a-mallocr.o)
                0x20000458                __malloc_free_list
 *(COMMON)
                0x2000045c                        . = ALIGN (0x4)
                0x2000045c                        _ebss = .
                0x2000045c                        __bss_end__ = _ebss

._user_heap_stack
                0x2000045c      0x604
                0x20000460                        . = ALIGN (0x8)
 *fill*         0x2000045c        0x4 
                [!provide]                        PROVIDE (end = .)
                0x20000460                        PROVIDE (_end = .)
                0x20000660                        . = (. + _Min_Heap_Size)
 *fill*         0x20000460      0x200 
                0x20000a60                        . = (. + _Min_Stack_Size)
 *fill*         0x20000660      0x400 
                0x20000a60                        . = ALIGN (0x8)

/DISCARD/
 libc.a(*)
 libm.a(*)
 libgcc.a(*)

.ARM.attributes
                0x00000000       0x30
 *(.ARM.attributes)
 .ARM.attributes
                0x00000000       0x22 D:/STM32CubeIDE_1.16.0/STM32CubeIDE/plugins/com.st.stm32cube.ide.mcu.externaltools.gnu-tools-for-stm32.12.3.rel1.win32_1.0.200.202406191623/tools/bin/../lib/gcc/arm-none-eabi/12.3.1/thumb/v7e-m+fp/hard/crti.o
 .ARM.attributes
                0x00000022       0x34 D:/STM32CubeIDE_1.16.0/STM32CubeIDE/plugins/com.st.stm32cube.ide.mcu.externaltools.gnu-tools-for-stm32.12.3.rel1.win32_1.0.200.202406191623/tools/bin/../lib/gcc/arm-none-eabi/12.3.1/thumb/v7e-m+fp/hard/crtbegin.o
 .ARM.attributes
                0x00000056       0x34 ./Core/Src/button.o
 .ARM.attributes
                0x0000008a       0x34 ./Core/Src/ds3231.o
 .ARM.attributes
                0x000000be       0x34 ./Core/Src/fsmc.o
 .ARM.attributes
                0x000000f2       0x34 ./Core/Src/gpio.o
 .ARM.attributes
                0x00000126       0x34 ./Core/Src/i2c.o
 .ARM.attributes
                0x0000015a       0x34 ./Core/Src/lcd.o
 .ARM.attributes
                0x0000018e       0x34 ./Core/Src/led_7seg.o
 .ARM.attributes
                0x000001c2       0x34 ./Core/Src/main.o
 .ARM.attributes
                0x000001f6       0x34 ./Core/Src/software_timer.o
 .ARM.attributes
                0x0000022a       0x34 ./Core/Src/spi.o
 .ARM.attributes
                0x0000025e       0x34 ./Core/Src/stm32f4xx_hal_msp.o
 .ARM.attributes
                0x00000292       0x34 ./Core/Src/stm32f4xx_it.o
 .ARM.attributes
                0x000002c6       0x34 ./Core/Src/sysmem.o
 .ARM.attributes
                0x000002fa       0x34 ./Core/Src/system_stm32f4xx.o
 .ARM.attributes
                0x0000032e       0x34 ./Core/Src/tim.o
 .ARM.attributes
                0x00000362       0x34 ./Core/Src/uart.o
 .ARM.attributes
                0x00000396       0x34 ./Core/Src/usart.o
 .ARM.attributes
                0x000003ca       0x34 ./Core/Src/utils.o
 .ARM.attributes
                0x000003fe       0x21 ./Core/Startup/startup_stm32f407zetx.o
 .ARM.attributes
                0x0000041f       0x34 ./Drivers/STM32F4xx_HAL_Driver/Src/stm32f4xx_hal.o
 .ARM.attributes
                0x00000453       0x34 ./Drivers/STM32F4xx_HAL_Driver/Src/stm32f4xx_hal_cortex.o
 .ARM.attributes
                0x00000487       0x34 ./Drivers/STM32F4xx_HAL_Driver/Src/stm32f4xx_hal_dma.o
 .ARM.attributes
                0x000004bb       0x34 ./Drivers/STM32F4xx_HAL_Driver/Src/stm32f4xx_hal_gpio.o
 .ARM.attributes
                0x000004ef       0x34 ./Drivers/STM32F4xx_HAL_Driver/Src/stm32f4xx_hal_i2c.o
 .ARM.attributes
                0x00000523       0x34 ./Drivers/STM32F4xx_HAL_Driver/Src/stm32f4xx_hal_rcc.o
 .ARM.attributes
                0x00000557       0x34 ./Drivers/STM32F4xx_HAL_Driver/Src/stm32f4xx_hal_spi.o
 .ARM.attributes
                0x0000058b       0x34 ./Drivers/STM32F4xx_HAL_Driver/Src/stm32f4xx_hal_sram.o
 .ARM.attributes
                0x000005bf       0x34 ./Drivers/STM32F4xx_HAL_Driver/Src/stm32f4xx_hal_tim.o
 .ARM.attributes
                0x000005f3       0x34 ./Drivers/STM32F4xx_HAL_Driver/Src/stm32f4xx_hal_tim_ex.o
 .ARM.attributes
                0x00000627       0x34 ./Drivers/STM32F4xx_HAL_Driver/Src/stm32f4xx_hal_uart.o
 .ARM.attributes
                0x0000065b       0x34 ./Drivers/STM32F4xx_HAL_Driver/Src/stm32f4xx_ll_fsmc.o
 .ARM.attributes
                0x0000068f       0x34 D:/STM32CubeIDE_1.16.0/STM32CubeIDE/plugins/com.st.stm32cube.ide.mcu.externaltools.gnu-tools-for-stm32.12.3.rel1.win32_1.0.200.202406191623/tools/bin/../lib/gcc/arm-none-eabi/12.3.1/../../../../arm-none-eabi/lib/thumb/v7e-m+fp/hard\libc_nano.a(libc_a-findfp.o)
 .ARM.attributes
                0x000006c3       0x34 D:/STM32CubeIDE_1.16.0/STM32CubeIDE/plugins/com.st.stm32cube.ide.mcu.externaltools.gnu-tools-for-stm32.12.3.rel1.win32_1.0.200.202406191623/tools/bin/../lib/gcc/arm-none-eabi/12.3.1/../../../../arm-none-eabi/lib/thumb/v7e-m+fp/hard\libc_nano.a(libc_a-sprintf.o)
 .ARM.attributes
                0x000006f7       0x34 D:/STM32CubeIDE_1.16.0/STM32CubeIDE/plugins/com.st.stm32cube.ide.mcu.externaltools.gnu-tools-for-stm32.12.3.rel1.win32_1.0.200.202406191623/tools/bin/../lib/gcc/arm-none-eabi/12.3.1/../../../../arm-none-eabi/lib/thumb/v7e-m+fp/hard\libc_nano.a(libc_a-memset.o)
 .ARM.attributes
                0x0000072b       0x34 D:/STM32CubeIDE_1.16.0/STM32CubeIDE/plugins/com.st.stm32cube.ide.mcu.externaltools.gnu-tools-for-stm32.12.3.rel1.win32_1.0.200.202406191623/tools/bin/../lib/gcc/arm-none-eabi/12.3.1/../../../../arm-none-eabi/lib/thumb/v7e-m+fp/hard\libc_nano.a(libc_a-reent.o)
 .ARM.attributes
                0x0000075f       0x34 D:/STM32CubeIDE_1.16.0/STM32CubeIDE/plugins/com.st.stm32cube.ide.mcu.externaltools.gnu-tools-for-stm32.12.3.rel1.win32_1.0.200.202406191623/tools/bin/../lib/gcc/arm-none-eabi/12.3.1/../../../../arm-none-eabi/lib/thumb/v7e-m+fp/hard\libc_nano.a(libc_a-impure.o)
 .ARM.attributes
                0x00000793       0x34 D:/STM32CubeIDE_1.16.0/STM32CubeIDE/plugins/com.st.stm32cube.ide.mcu.externaltools.gnu-tools-for-stm32.12.3.rel1.win32_1.0.200.202406191623/tools/bin/../lib/gcc/arm-none-eabi/12.3.1/../../../../arm-none-eabi/lib/thumb/v7e-m+fp/hard\libc_nano.a(libc_a-errno.o)
 .ARM.attributes
                0x000007c7       0x34 D:/STM32CubeIDE_1.16.0/STM32CubeIDE/plugins/com.st.stm32cube.ide.mcu.externaltools.gnu-tools-for-stm32.12.3.rel1.win32_1.0.200.202406191623/tools/bin/../lib/gcc/arm-none-eabi/12.3.1/../../../../arm-none-eabi/lib/thumb/v7e-m+fp/hard\libc_nano.a(libc_a-init.o)
 .ARM.attributes
                0x000007fb       0x34 D:/STM32CubeIDE_1.16.0/STM32CubeIDE/plugins/com.st.stm32cube.ide.mcu.externaltools.gnu-tools-for-stm32.12.3.rel1.win32_1.0.200.202406191623/tools/bin/../lib/gcc/arm-none-eabi/12.3.1/../../../../arm-none-eabi/lib/thumb/v7e-m+fp/hard\libc_nano.a(libc_a-lock.o)
 .ARM.attributes
                0x0000082f       0x34 D:/STM32CubeIDE_1.16.0/STM32CubeIDE/plugins/com.st.stm32cube.ide.mcu.externaltools.gnu-tools-for-stm32.12.3.rel1.win32_1.0.200.202406191623/tools/bin/../lib/gcc/arm-none-eabi/12.3.1/../../../../arm-none-eabi/lib/thumb/v7e-m+fp/hard\libc_nano.a(libc_a-freer.o)
 .ARM.attributes
                0x00000863       0x34 D:/STM32CubeIDE_1.16.0/STM32CubeIDE/plugins/com.st.stm32cube.ide.mcu.externaltools.gnu-tools-for-stm32.12.3.rel1.win32_1.0.200.202406191623/tools/bin/../lib/gcc/arm-none-eabi/12.3.1/../../../../arm-none-eabi/lib/thumb/v7e-m+fp/hard\libc_nano.a(libc_a-mallocr.o)
 .ARM.attributes
                0x00000897       0x34 D:/STM32CubeIDE_1.16.0/STM32CubeIDE/plugins/com.st.stm32cube.ide.mcu.externaltools.gnu-tools-for-stm32.12.3.rel1.win32_1.0.200.202406191623/tools/bin/../lib/gcc/arm-none-eabi/12.3.1/../../../../arm-none-eabi/lib/thumb/v7e-m+fp/hard\libc_nano.a(libc_a-mlock.o)
 .ARM.attributes
                0x000008cb       0x34 D:/STM32CubeIDE_1.16.0/STM32CubeIDE/plugins/com.st.stm32cube.ide.mcu.externaltools.gnu-tools-for-stm32.12.3.rel1.win32_1.0.200.202406191623/tools/bin/../lib/gcc/arm-none-eabi/12.3.1/../../../../arm-none-eabi/lib/thumb/v7e-m+fp/hard\libc_nano.a(libc_a-nano-svfprintf.o)
 .ARM.attributes
                0x000008ff       0x34 D:/STM32CubeIDE_1.16.0/STM32CubeIDE/plugins/com.st.stm32cube.ide.mcu.externaltools.gnu-tools-for-stm32.12.3.rel1.win32_1.0.200.202406191623/tools/bin/../lib/gcc/arm-none-eabi/12.3.1/../../../../arm-none-eabi/lib/thumb/v7e-m+fp/hard\libc_nano.a(libc_a-nano-vfprintf_i.o)
 .ARM.attributes
                0x00000933       0x34 D:/STM32CubeIDE_1.16.0/STM32CubeIDE/plugins/com.st.stm32cube.ide.mcu.externaltools.gnu-tools-for-stm32.12.3.rel1.win32_1.0.200.202406191623/tools/bin/../lib/gcc/arm-none-eabi/12.3.1/../../../../arm-none-eabi/lib/thumb/v7e-m+fp/hard\libc_nano.a(libc_a-memmove.o)
 .ARM.attributes
                0x00000967       0x34 D:/STM32CubeIDE_1.16.0/STM32CubeIDE/plugins/com.st.stm32cube.ide.mcu.externaltools.gnu-tools-for-stm32.12.3.rel1.win32_1.0.200.202406191623/tools/bin/../lib/gcc/arm-none-eabi/12.3.1/../../../../arm-none-eabi/lib/thumb/v7e-m+fp/hard\libc_nano.a(libc_a-sbrkr.o)
 .ARM.attributes
                0x0000099b       0x1c D:/STM32CubeIDE_1.16.0/STM32CubeIDE/plugins/com.st.stm32cube.ide.mcu.externaltools.gnu-tools-for-stm32.12.3.rel1.win32_1.0.200.202406191623/tools/bin/../lib/gcc/arm-none-eabi/12.3.1/../../../../arm-none-eabi/lib/thumb/v7e-m+fp/hard\libc_nano.a(libc_a-memchr.o)
 .ARM.attributes
                0x000009b7       0x34 D:/STM32CubeIDE_1.16.0/STM32CubeIDE/plugins/com.st.stm32cube.ide.mcu.externaltools.gnu-tools-for-stm32.12.3.rel1.win32_1.0.200.202406191623/tools/bin/../lib/gcc/arm-none-eabi/12.3.1/../../../../arm-none-eabi/lib/thumb/v7e-m+fp/hard\libc_nano.a(libc_a-memcpy-stub.o)
 .ARM.attributes
                0x000009eb       0x34 D:/STM32CubeIDE_1.16.0/STM32CubeIDE/plugins/com.st.stm32cube.ide.mcu.externaltools.gnu-tools-for-stm32.12.3.rel1.win32_1.0.200.202406191623/tools/bin/../lib/gcc/arm-none-eabi/12.3.1/../../../../arm-none-eabi/lib/thumb/v7e-m+fp/hard\libc_nano.a(libc_a-reallocr.o)
 .ARM.attributes
                0x00000a1f       0x34 D:/STM32CubeIDE_1.16.0/STM32CubeIDE/plugins/com.st.stm32cube.ide.mcu.externaltools.gnu-tools-for-stm32.12.3.rel1.win32_1.0.200.202406191623/tools/bin/../lib/gcc/arm-none-eabi/12.3.1/../../../../arm-none-eabi/lib/thumb/v7e-m+fp/hard\libc_nano.a(libc_a-msizer.o)
 .ARM.attributes
                0x00000a53       0x22 D:/STM32CubeIDE_1.16.0/STM32CubeIDE/plugins/com.st.stm32cube.ide.mcu.externaltools.gnu-tools-for-stm32.12.3.rel1.win32_1.0.200.202406191623/tools/bin/../lib/gcc/arm-none-eabi/12.3.1/thumb/v7e-m+fp/hard\libgcc.a(_aeabi_uldivmod.o)
 .ARM.attributes
                0x00000a75       0x34 D:/STM32CubeIDE_1.16.0/STM32CubeIDE/plugins/com.st.stm32cube.ide.mcu.externaltools.gnu-tools-for-stm32.12.3.rel1.win32_1.0.200.202406191623/tools/bin/../lib/gcc/arm-none-eabi/12.3.1/thumb/v7e-m+fp/hard\libgcc.a(_udivmoddi4.o)
 .ARM.attributes
                0x00000aa9       0x22 D:/STM32CubeIDE_1.16.0/STM32CubeIDE/plugins/com.st.stm32cube.ide.mcu.externaltools.gnu-tools-for-stm32.12.3.rel1.win32_1.0.200.202406191623/tools/bin/../lib/gcc/arm-none-eabi/12.3.1/thumb/v7e-m+fp/hard\libgcc.a(_dvmd_tls.o)
 .ARM.attributes
                0x00000acb       0x22 D:/STM32CubeIDE_1.16.0/STM32CubeIDE/plugins/com.st.stm32cube.ide.mcu.externaltools.gnu-tools-for-stm32.12.3.rel1.win32_1.0.200.202406191623/tools/bin/../lib/gcc/arm-none-eabi/12.3.1/thumb/v7e-m+fp/hard/crtn.o
OUTPUT(Bai5_UART.elf elf32-littlearm)
LOAD linker stubs
LOAD D:/STM32CubeIDE_1.16.0/STM32CubeIDE/plugins/com.st.stm32cube.ide.mcu.externaltools.gnu-tools-for-stm32.12.3.rel1.win32_1.0.200.202406191623/tools/bin/../lib/gcc/arm-none-eabi/12.3.1/../../../../arm-none-eabi/lib/thumb/v7e-m+fp/hard\libc.a
LOAD D:/STM32CubeIDE_1.16.0/STM32CubeIDE/plugins/com.st.stm32cube.ide.mcu.externaltools.gnu-tools-for-stm32.12.3.rel1.win32_1.0.200.202406191623/tools/bin/../lib/gcc/arm-none-eabi/12.3.1/../../../../arm-none-eabi/lib/thumb/v7e-m+fp/hard\libm.a
LOAD D:/STM32CubeIDE_1.16.0/STM32CubeIDE/plugins/com.st.stm32cube.ide.mcu.externaltools.gnu-tools-for-stm32.12.3.rel1.win32_1.0.200.202406191623/tools/bin/../lib/gcc/arm-none-eabi/12.3.1/thumb/v7e-m+fp/hard\libgcc.a

.debug_info     0x00000000    0x17786
 .debug_info    0x00000000      0x76e ./Core/Src/button.o
 .debug_info    0x0000076e      0x7d5 ./Core/Src/ds3231.o
 .debug_info    0x00000f43      0x99a ./Core/Src/fsmc.o
 .debug_info    0x000018dd      0x45d ./Core/Src/gpio.o
 .debug_info    0x00001d3a      0x968 ./Core/Src/i2c.o
 .debug_info    0x000026a2      0xe15 ./Core/Src/lcd.o
 .debug_info    0x000034b7      0x803 ./Core/Src/led_7seg.o
 .debug_info    0x00003cba      0xc2a ./Core/Src/main.o
 .debug_info    0x000048e4      0x79c ./Core/Src/software_timer.o
 .debug_info    0x00005080      0x943 ./Core/Src/spi.o
 .debug_info    0x000059c3      0x269 ./Core/Src/stm32f4xx_hal_msp.o
 .debug_info    0x00005c2c      0x963 ./Core/Src/stm32f4xx_it.o
 .debug_info    0x0000658f      0x168 ./Core/Src/sysmem.o
 .debug_info    0x000066f7      0x512 ./Core/Src/system_stm32f4xx.o
 .debug_info    0x00006c09      0xbf9 ./Core/Src/tim.o
 .debug_info    0x00007802      0x7fa ./Core/Src/uart.o
 .debug_info    0x00007ffc      0xb65 ./Core/Src/usart.o
 .debug_info    0x00008b61       0xd5 ./Core/Src/utils.o
 .debug_info    0x00008c36       0x30 ./Core/Startup/startup_stm32f407zetx.o
 .debug_info    0x00008c66      0x948 ./Drivers/STM32F4xx_HAL_Driver/Src/stm32f4xx_hal.o
 .debug_info    0x000095ae      0xd46 ./Drivers/STM32F4xx_HAL_Driver/Src/stm32f4xx_hal_cortex.o
 .debug_info    0x0000a2f4      0x8e7 ./Drivers/STM32F4xx_HAL_Driver/Src/stm32f4xx_hal_dma.o
 .debug_info    0x0000abdb      0x6c3 ./Drivers/STM32F4xx_HAL_Driver/Src/stm32f4xx_hal_gpio.o
 .debug_info    0x0000b29e     0x23e1 ./Drivers/STM32F4xx_HAL_Driver/Src/stm32f4xx_hal_i2c.o
 .debug_info    0x0000d67f      0x8b1 ./Drivers/STM32F4xx_HAL_Driver/Src/stm32f4xx_hal_rcc.o
 .debug_info    0x0000df30     0x15fb ./Drivers/STM32F4xx_HAL_Driver/Src/stm32f4xx_hal_spi.o
 .debug_info    0x0000f52b      0xb3e ./Drivers/STM32F4xx_HAL_Driver/Src/stm32f4xx_hal_sram.o
 .debug_info    0x00010069     0x2949 ./Drivers/STM32F4xx_HAL_Driver/Src/stm32f4xx_hal_tim.o
 .debug_info    0x000129b2     0x14ae ./Drivers/STM32F4xx_HAL_Driver/Src/stm32f4xx_hal_tim_ex.o
 .debug_info    0x00013e60     0x2f9a ./Drivers/STM32F4xx_HAL_Driver/Src/stm32f4xx_hal_uart.o
 .debug_info    0x00016dfa      0x98c ./Drivers/STM32F4xx_HAL_Driver/Src/stm32f4xx_ll_fsmc.o

.debug_abbrev   0x00000000     0x3d9b
 .debug_abbrev  0x00000000      0x1dd ./Core/Src/button.o
 .debug_abbrev  0x000001dd      0x1cf ./Core/Src/ds3231.o
 .debug_abbrev  0x000003ac      0x215 ./Core/Src/fsmc.o
 .debug_abbrev  0x000005c1      0x152 ./Core/Src/gpio.o
 .debug_abbrev  0x00000713      0x1f1 ./Core/Src/i2c.o
 .debug_abbrev  0x00000904      0x32a ./Core/Src/lcd.o
 .debug_abbrev  0x00000c2e      0x1cc ./Core/Src/led_7seg.o
 .debug_abbrev  0x00000dfa      0x378 ./Core/Src/main.o
 .debug_abbrev  0x00001172      0x208 ./Core/Src/software_timer.o
 .debug_abbrev  0x0000137a      0x1f3 ./Core/Src/spi.o
 .debug_abbrev  0x0000156d       0xd8 ./Core/Src/stm32f4xx_hal_msp.o
 .debug_abbrev  0x00001645      0x195 ./Core/Src/stm32f4xx_it.o
 .debug_abbrev  0x000017da       0xbc ./Core/Src/sysmem.o
 .debug_abbrev  0x00001896      0x11a ./Core/Src/system_stm32f4xx.o
 .debug_abbrev  0x000019b0      0x1f0 ./Core/Src/tim.o
 .debug_abbrev  0x00001ba0      0x243 ./Core/Src/uart.o
 .debug_abbrev  0x00001de3      0x211 ./Core/Src/usart.o
 .debug_abbrev  0x00001ff4       0x86 ./Core/Src/utils.o
 .debug_abbrev  0x0000207a       0x24 ./Core/Startup/startup_stm32f407zetx.o
 .debug_abbrev  0x0000209e      0x213 ./Drivers/STM32F4xx_HAL_Driver/Src/stm32f4xx_hal.o
 .debug_abbrev  0x000022b1      0x327 ./Drivers/STM32F4xx_HAL_Driver/Src/stm32f4xx_hal_cortex.o
 .debug_abbrev  0x000025d8      0x264 ./Drivers/STM32F4xx_HAL_Driver/Src/stm32f4xx_hal_dma.o
 .debug_abbrev  0x0000283c      0x1d4 ./Drivers/STM32F4xx_HAL_Driver/Src/stm32f4xx_hal_gpio.o
 .debug_abbrev  0x00002a10      0x2ad ./Drivers/STM32F4xx_HAL_Driver/Src/stm32f4xx_hal_i2c.o
 .debug_abbrev  0x00002cbd      0x2b6 ./Drivers/STM32F4xx_HAL_Driver/Src/stm32f4xx_hal_rcc.o
 .debug_abbrev  0x00002f73      0x284 ./Drivers/STM32F4xx_HAL_Driver/Src/stm32f4xx_hal_spi.o
 .debug_abbrev  0x000031f7      0x208 ./Drivers/STM32F4xx_HAL_Driver/Src/stm32f4xx_hal_sram.o
 .debug_abbrev  0x000033ff      0x271 ./Drivers/STM32F4xx_HAL_Driver/Src/stm32f4xx_hal_tim.o
 .debug_abbrev  0x00003670      0x27c ./Drivers/STM32F4xx_HAL_Driver/Src/stm32f4xx_hal_tim_ex.o
 .debug_abbrev  0x000038ec      0x307 ./Drivers/STM32F4xx_HAL_Driver/Src/stm32f4xx_hal_uart.o
 .debug_abbrev  0x00003bf3      0x1a8 ./Drivers/STM32F4xx_HAL_Driver/Src/stm32f4xx_ll_fsmc.o

.debug_aranges  0x00000000     0x1598
 .debug_aranges
                0x00000000       0x28 ./Core/Src/button.o
 .debug_aranges
                0x00000028       0x30 ./Core/Src/ds3231.o
 .debug_aranges
                0x00000058       0x40 ./Core/Src/fsmc.o
 .debug_aranges
                0x00000098       0x20 ./Core/Src/gpio.o
 .debug_aranges
                0x000000b8       0x30 ./Core/Src/i2c.o
 .debug_aranges
                0x000000e8       0xe8 ./Core/Src/lcd.o
 .debug_aranges
                0x000001d0       0x48 ./Core/Src/led_7seg.o
 .debug_aranges
                0x00000218       0xe0 ./Core/Src/main.o
 .debug_aranges
                0x000002f8       0x38 ./Core/Src/software_timer.o
 .debug_aranges
                0x00000330       0x30 ./Core/Src/spi.o
 .debug_aranges
                0x00000360       0x20 ./Core/Src/stm32f4xx_hal_msp.o
 .debug_aranges
                0x00000380       0x70 ./Core/Src/stm32f4xx_it.o
 .debug_aranges
                0x000003f0       0x20 ./Core/Src/sysmem.o
 .debug_aranges
                0x00000410       0x28 ./Core/Src/system_stm32f4xx.o
 .debug_aranges
                0x00000438       0x30 ./Core/Src/tim.o
 .debug_aranges
                0x00000468       0x48 ./Core/Src/uart.o
 .debug_aranges
                0x000004b0       0x30 ./Core/Src/usart.o
 .debug_aranges
                0x000004e0       0x28 ./Core/Src/utils.o
 .debug_aranges
                0x00000508       0x28 ./Core/Startup/startup_stm32f407zetx.o
 .debug_aranges
                0x00000530       0xf0 ./Drivers/STM32F4xx_HAL_Driver/Src/stm32f4xx_hal.o
 .debug_aranges
                0x00000620      0x118 ./Drivers/STM32F4xx_HAL_Driver/Src/stm32f4xx_hal_cortex.o
 .debug_aranges
                0x00000738       0x90 ./Drivers/STM32F4xx_HAL_Driver/Src/stm32f4xx_hal_dma.o
 .debug_aranges
                0x000007c8       0x58 ./Drivers/STM32F4xx_HAL_Driver/Src/stm32f4xx_hal_gpio.o
 .debug_aranges
                0x00000820      0x2a0 ./Drivers/STM32F4xx_HAL_Driver/Src/stm32f4xx_hal_i2c.o
 .debug_aranges
                0x00000ac0       0x88 ./Drivers/STM32F4xx_HAL_Driver/Src/stm32f4xx_hal_rcc.o
 .debug_aranges
                0x00000b48      0x1d0 ./Drivers/STM32F4xx_HAL_Driver/Src/stm32f4xx_hal_spi.o
 .debug_aranges
                0x00000d18       0xa0 ./Drivers/STM32F4xx_HAL_Driver/Src/stm32f4xx_hal_sram.o
 .debug_aranges
                0x00000db8      0x3d0 ./Drivers/STM32F4xx_HAL_Driver/Src/stm32f4xx_hal_tim.o
 .debug_aranges
                0x00001188      0x168 ./Drivers/STM32F4xx_HAL_Driver/Src/stm32f4xx_hal_tim_ex.o
 .debug_aranges
                0x000012f0      0x200 ./Drivers/STM32F4xx_HAL_Driver/Src/stm32f4xx_hal_uart.o
 .debug_aranges
                0x000014f0       0xa8 ./Drivers/STM32F4xx_HAL_Driver/Src/stm32f4xx_ll_fsmc.o

.debug_rnglists
                0x00000000     0x10d1
 .debug_rnglists
                0x00000000       0x1a ./Core/Src/button.o
 .debug_rnglists
                0x0000001a       0x21 ./Core/Src/ds3231.o
 .debug_rnglists
                0x0000003b       0x2d ./Core/Src/fsmc.o
 .debug_rnglists
                0x00000068       0x14 ./Core/Src/gpio.o
 .debug_rnglists
                0x0000007c       0x20 ./Core/Src/i2c.o
 .debug_rnglists
                0x0000009c       0xb5 ./Core/Src/lcd.o
 .debug_rnglists
                0x00000151       0x32 ./Core/Src/led_7seg.o
 .debug_rnglists
                0x00000183       0xac ./Core/Src/main.o
 .debug_rnglists
                0x0000022f       0x26 ./Core/Src/software_timer.o
 .debug_rnglists
                0x00000255       0x20 ./Core/Src/spi.o
 .debug_rnglists
                0x00000275       0x13 ./Core/Src/stm32f4xx_hal_msp.o
 .debug_rnglists
                0x00000288       0x4f ./Core/Src/stm32f4xx_it.o
 .debug_rnglists
                0x000002d7       0x13 ./Core/Src/sysmem.o
 .debug_rnglists
                0x000002ea       0x1a ./Core/Src/system_stm32f4xx.o
 .debug_rnglists
                0x00000304       0x20 ./Core/Src/tim.o
 .debug_rnglists
                0x00000324       0x32 ./Core/Src/uart.o
 .debug_rnglists
                0x00000356       0x20 ./Core/Src/usart.o
 .debug_rnglists
                0x00000376       0x19 ./Core/Src/utils.o
 .debug_rnglists
                0x0000038f       0x19 ./Core/Startup/startup_stm32f407zetx.o
 .debug_rnglists
                0x000003a8       0xaf ./Drivers/STM32F4xx_HAL_Driver/Src/stm32f4xx_hal.o
 .debug_rnglists
                0x00000457       0xce ./Drivers/STM32F4xx_HAL_Driver/Src/stm32f4xx_hal_cortex.o
 .debug_rnglists
                0x00000525       0x70 ./Drivers/STM32F4xx_HAL_Driver/Src/stm32f4xx_hal_dma.o
 .debug_rnglists
                0x00000595       0x3f ./Drivers/STM32F4xx_HAL_Driver/Src/stm32f4xx_hal_gpio.o
 .debug_rnglists
                0x000005d4      0x23f ./Drivers/STM32F4xx_HAL_Driver/Src/stm32f4xx_hal_i2c.o
 .debug_rnglists
                0x00000813       0x66 ./Drivers/STM32F4xx_HAL_Driver/Src/stm32f4xx_hal_rcc.o
 .debug_rnglists
                0x00000879      0x16f ./Drivers/STM32F4xx_HAL_Driver/Src/stm32f4xx_hal_spi.o
 .debug_rnglists
                0x000009e8       0x76 ./Drivers/STM32F4xx_HAL_Driver/Src/stm32f4xx_hal_sram.o
 .debug_rnglists
                0x00000a5e      0x31a ./Drivers/STM32F4xx_HAL_Driver/Src/stm32f4xx_hal_tim.o
 .debug_rnglists
                0x00000d78      0x125 ./Drivers/STM32F4xx_HAL_Driver/Src/stm32f4xx_hal_tim_ex.o
 .debug_rnglists
                0x00000e9d      0x1b7 ./Drivers/STM32F4xx_HAL_Driver/Src/stm32f4xx_hal_uart.o
 .debug_rnglists
                0x00001054       0x7d ./Drivers/STM32F4xx_HAL_Driver/Src/stm32f4xx_ll_fsmc.o

.debug_macro    0x00000000    0x24400
 .debug_macro   0x00000000      0x23a ./Core/Src/button.o
 .debug_macro   0x0000023a      0xab4 ./Core/Src/button.o
 .debug_macro   0x00000cee      0x2ad ./Core/Src/button.o
 .debug_macro   0x00000f9b       0x2e ./Core/Src/button.o
 .debug_macro   0x00000fc9       0x2f ./Core/Src/button.o
 .debug_macro   0x00000ff8       0x22 ./Core/Src/button.o
 .debug_macro   0x0000101a       0x8e ./Core/Src/button.o
 .debug_macro   0x000010a8       0x51 ./Core/Src/button.o
 .debug_macro   0x000010f9      0x103 ./Core/Src/button.o
 .debug_macro   0x000011fc       0x6a ./Core/Src/button.o
 .debug_macro   0x00001266      0x1df ./Core/Src/button.o
 .debug_macro   0x00001445       0x1c ./Core/Src/button.o
 .debug_macro   0x00001461       0x22 ./Core/Src/button.o
 .debug_macro   0x00001483       0xd9 ./Core/Src/button.o
 .debug_macro   0x0000155c     0x102d ./Core/Src/button.o
 .debug_macro   0x00002589      0x11f ./Core/Src/button.o
 .debug_macro   0x000026a8    0x15e58 ./Core/Src/button.o
 .debug_macro   0x00018500       0x6d ./Core/Src/button.o
 .debug_macro   0x0001856d     0x3666 ./Core/Src/button.o
 .debug_macro   0x0001bbd3      0x189 ./Core/Src/button.o
 .debug_macro   0x0001bd5c       0x5c ./Core/Src/button.o
 .debug_macro   0x0001bdb8      0x96b ./Core/Src/button.o
 .debug_macro   0x0001c723      0x9fe ./Core/Src/button.o
 .debug_macro   0x0001d121      0x116 ./Core/Src/button.o
 .debug_macro   0x0001d237      0x13e ./Core/Src/button.o
 .debug_macro   0x0001d375       0xa5 ./Core/Src/button.o
 .debug_macro   0x0001d41a      0x174 ./Core/Src/button.o
 .debug_macro   0x0001d58e      0x287 ./Core/Src/button.o
 .debug_macro   0x0001d815       0x5f ./Core/Src/button.o
 .debug_macro   0x0001d874      0x236 ./Core/Src/button.o
 .debug_macro   0x0001daaa      0x12c ./Core/Src/button.o
 .debug_macro   0x0001dbd6      0x21e ./Core/Src/button.o
 .debug_macro   0x0001ddf4       0x2e ./Core/Src/button.o
 .debug_macro   0x0001de22      0x543 ./Core/Src/button.o
 .debug_macro   0x0001e365      0x1b5 ./Core/Src/button.o
 .debug_macro   0x0001e51a       0xd6 ./Core/Src/button.o
 .debug_macro   0x0001e5f0      0x11a ./Core/Src/button.o
 .debug_macro   0x0001e70a       0x7e ./Core/Src/button.o
 .debug_macro   0x0001e788       0x89 ./Core/Src/button.o
 .debug_macro   0x0001e811      0x225 ./Core/Src/button.o
 .debug_macro   0x0001ea36      0x8d1 ./Core/Src/button.o
 .debug_macro   0x0001f307       0x47 ./Core/Src/button.o
 .debug_macro   0x0001f34e      0x295 ./Core/Src/button.o
 .debug_macro   0x0001f5e3      0x12d ./Core/Src/button.o
 .debug_macro   0x0001f710       0x88 ./Core/Src/button.o
 .debug_macro   0x0001f798      0x245 ./Core/Src/ds3231.o
 .debug_macro   0x0001f9dd       0x2e ./Core/Src/ds3231.o
 .debug_macro   0x0001fa0b      0x226 ./Core/Src/fsmc.o
 .debug_macro   0x0001fc31      0x226 ./Core/Src/gpio.o
 .debug_macro   0x0001fe57      0x226 ./Core/Src/i2c.o
 .debug_macro   0x0002007d      0x33b ./Core/Src/lcd.o
 .debug_macro   0x000203b8       0x2a ./Core/Src/lcd.o
 .debug_macro   0x000203e2       0x61 ./Core/Src/lcd.o
 .debug_macro   0x00020443       0x43 ./Core/Src/lcd.o
 .debug_macro   0x00020486       0x34 ./Core/Src/lcd.o
 .debug_macro   0x000204ba       0x16 ./Core/Src/lcd.o
 .debug_macro   0x000204d0       0x35 ./Core/Src/lcd.o
 .debug_macro   0x00020505       0x16 ./Core/Src/lcd.o
 .debug_macro   0x0002051b       0x43 ./Core/Src/lcd.o
 .debug_macro   0x0002055e       0x34 ./Core/Src/lcd.o
 .debug_macro   0x00020592       0x10 ./Core/Src/lcd.o
 .debug_macro   0x000205a2       0x58 ./Core/Src/lcd.o
 .debug_macro   0x000205fa       0x8e ./Core/Src/lcd.o
 .debug_macro   0x00020688       0x1c ./Core/Src/lcd.o
 .debug_macro   0x000206a4      0x177 ./Core/Src/lcd.o
 .debug_macro   0x0002081b      0x369 ./Core/Src/lcd.o
 .debug_macro   0x00020b84       0x16 ./Core/Src/lcd.o
 .debug_macro   0x00020b9a       0x29 ./Core/Src/lcd.o
 .debug_macro   0x00020bc3       0x16 ./Core/Src/lcd.o
 .debug_macro   0x00020bd9       0x20 ./Core/Src/lcd.o
 .debug_macro   0x00020bf9       0xca ./Core/Src/lcd.o
 .debug_macro   0x00020cc3      0x230 ./Core/Src/led_7seg.o
 .debug_macro   0x00020ef3      0x3fc ./Core/Src/main.o
 .debug_macro   0x000212ef       0x1c ./Core/Src/main.o
 .debug_macro   0x0002130b       0x10 ./Core/Src/main.o
 .debug_macro   0x0002131b       0x1c ./Core/Src/main.o
 .debug_macro   0x00021337       0x16 ./Core/Src/main.o
 .debug_macro   0x0002134d      0x146 ./Core/Src/main.o
 .debug_macro   0x00021493      0x23c ./Core/Src/software_timer.o
 .debug_macro   0x000216cf      0x226 ./Core/Src/spi.o
 .debug_macro   0x000218f5      0x21c ./Core/Src/stm32f4xx_hal_msp.o
 .debug_macro   0x00021b11      0x226 ./Core/Src/stm32f4xx_it.o
 .debug_macro   0x00021d37       0xff ./Core/Src/sysmem.o
 .debug_macro   0x00021e36      0x23c ./Core/Src/sysmem.o
 .debug_macro   0x00022072      0x20d ./Core/Src/system_stm32f4xx.o
 .debug_macro   0x0002227f      0x226 ./Core/Src/tim.o
 .debug_macro   0x000224a5      0x318 ./Core/Src/uart.o
 .debug_macro   0x000227bd       0x16 ./Core/Src/uart.o
 .debug_macro   0x000227d3       0x16 ./Core/Src/uart.o
 .debug_macro   0x000227e9      0x226 ./Core/Src/usart.o
 .debug_macro   0x00022a0f       0x6d ./Core/Src/utils.o
 .debug_macro   0x00022a7c      0x26d ./Drivers/STM32F4xx_HAL_Driver/Src/stm32f4xx_hal.o
 .debug_macro   0x00022ce9      0x20d ./Drivers/STM32F4xx_HAL_Driver/Src/stm32f4xx_hal_cortex.o
 .debug_macro   0x00022ef6      0x213 ./Drivers/STM32F4xx_HAL_Driver/Src/stm32f4xx_hal_dma.o
 .debug_macro   0x00023109      0x213 ./Drivers/STM32F4xx_HAL_Driver/Src/stm32f4xx_hal_gpio.o
 .debug_macro   0x0002331c      0x254 ./Drivers/STM32F4xx_HAL_Driver/Src/stm32f4xx_hal_i2c.o
 .debug_macro   0x00023570      0x231 ./Drivers/STM32F4xx_HAL_Driver/Src/stm32f4xx_hal_rcc.o
 .debug_macro   0x000237a1      0x21c ./Drivers/STM32F4xx_HAL_Driver/Src/stm32f4xx_hal_spi.o
 .debug_macro   0x000239bd      0x20d ./Drivers/STM32F4xx_HAL_Driver/Src/stm32f4xx_hal_sram.o
 .debug_macro   0x00023bca      0x20e ./Drivers/STM32F4xx_HAL_Driver/Src/stm32f4xx_hal_tim.o
 .debug_macro   0x00023dd8      0x20d ./Drivers/STM32F4xx_HAL_Driver/Src/stm32f4xx_hal_tim_ex.o
 .debug_macro   0x00023fe5      0x20e ./Drivers/STM32F4xx_HAL_Driver/Src/stm32f4xx_hal_uart.o
 .debug_macro   0x000241f3      0x20d ./Drivers/STM32F4xx_HAL_Driver/Src/stm32f4xx_ll_fsmc.o

.debug_line     0x00000000    0x1d30b
 .debug_line    0x00000000      0x845 ./Core/Src/button.o
 .debug_line    0x00000845      0x85d ./Core/Src/ds3231.o
 .debug_line    0x000010a2      0x8ba ./Core/Src/fsmc.o
 .debug_line    0x0000195c      0x818 ./Core/Src/gpio.o
 .debug_line    0x00002174      0x823 ./Core/Src/i2c.o
 .debug_line    0x00002997     0x10e4 ./Core/Src/lcd.o
 .debug_line    0x00003a7b      0x8b2 ./Core/Src/led_7seg.o
 .debug_line    0x0000432d     0x1104 ./Core/Src/main.o
 .debug_line    0x00005431      0x852 ./Core/Src/software_timer.o
 .debug_line    0x00005c83      0x82b ./Core/Src/spi.o
 .debug_line    0x000064ae      0x7ba ./Core/Src/stm32f4xx_hal_msp.o
 .debug_line    0x00006c68      0x8ac ./Core/Src/stm32f4xx_it.o
 .debug_line    0x00007514      0x574 ./Core/Src/sysmem.o
 .debug_line    0x00007a88      0x83e ./Core/Src/system_stm32f4xx.o
 .debug_line    0x000082c6      0x827 ./Core/Src/tim.o
 .debug_line    0x00008aed      0x9fa ./Core/Src/uart.o
 .debug_line    0x000094e7      0x826 ./Core/Src/usart.o
 .debug_line    0x00009d0d      0x43e ./Core/Src/utils.o
 .debug_line    0x0000a14b       0x7a ./Core/Startup/startup_stm32f407zetx.o
 .debug_line    0x0000a1c5      0xaa7 ./Drivers/STM32F4xx_HAL_Driver/Src/stm32f4xx_hal.o
 .debug_line    0x0000ac6c      0xd54 ./Drivers/STM32F4xx_HAL_Driver/Src/stm32f4xx_hal_cortex.o
 .debug_line    0x0000b9c0     0x101a ./Drivers/STM32F4xx_HAL_Driver/Src/stm32f4xx_hal_dma.o
 .debug_line    0x0000c9da      0xc35 ./Drivers/STM32F4xx_HAL_Driver/Src/stm32f4xx_hal_gpio.o
 .debug_line    0x0000d60f     0x3b44 ./Drivers/STM32F4xx_HAL_Driver/Src/stm32f4xx_hal_i2c.o
 .debug_line    0x00011153      0xe1a ./Drivers/STM32F4xx_HAL_Driver/Src/stm32f4xx_hal_rcc.o
 .debug_line    0x00011f6d     0x1d5a ./Drivers/STM32F4xx_HAL_Driver/Src/stm32f4xx_hal_spi.o
 .debug_line    0x00013cc7      0xc43 ./Drivers/STM32F4xx_HAL_Driver/Src/stm32f4xx_hal_sram.o
 .debug_line    0x0001490a     0x37b7 ./Drivers/STM32F4xx_HAL_Driver/Src/stm32f4xx_hal_tim.o
 .debug_line    0x000180c1     0x1a9e ./Drivers/STM32F4xx_HAL_Driver/Src/stm32f4xx_hal_tim_ex.o
 .debug_line    0x00019b5f     0x2b40 ./Drivers/STM32F4xx_HAL_Driver/Src/stm32f4xx_hal_uart.o
 .debug_line    0x0001c69f      0xc6c ./Drivers/STM32F4xx_HAL_Driver/Src/stm32f4xx_ll_fsmc.o

.debug_str      0x00000000    0xd2f20
 .debug_str     0x00000000    0xc960c ./Core/Src/button.o
                              0xc9919 (size before relaxing)
 .debug_str     0x000c960c      0x400 ./Core/Src/ds3231.o
                              0xc9a77 (size before relaxing)
 .debug_str     0x000c9a0c      0x3ef ./Core/Src/fsmc.o
                              0xc9ade (size before relaxing)
 .debug_str     0x000c9dfb       0x20 ./Core/Src/gpio.o
                              0xc958c (size before relaxing)