../Core/Src/main.c:95:5:main	8	static
../Core/Src/main.c:166:6:SystemClock_Config	88	static
../Core/Src/main.c:207:6:system_init	8	static
../Core/Src/main.c:223:6:test_LedDebug	8	static
../Core/Src/main.c:230:9:isButtonUp	4	static
../Core/Src/main.c:238:9:isButtonDown	4	static
../Core/Src/main.c:246:9:isButtonRight	4	static
../Core/Src/main.c:254:6:updateTime	8	static
../Core/Src/main.c:266:6:test_Adc	40	static
../Core/Src/main.c:284:6:test_Buzzer	8	static
../Core/Src/main.c:301:6:lab6_operation	40	static
../Core/Src/main.c:319:6:lab6_alarm	8	static
../Core/Src/main.c:334:6:lcd_plot	32	static
../Core/Src/main.c:370:6:Error_Handler	4	static,ignoring_inline_asm
